Component: ARM Compiler 5.05 update 1 (build 106) Tool: armlink [4d0efa]

==============================================================================

Section Cross References

    main.o(.text) refers to _printf_percent.o(.ARM.Collect$$_printf_percent$$00000000) for _printf_percent
    main.o(.text) refers to _printf_s.o(.ARM.Collect$$_printf_percent$$00000014) for _printf_s
    main.o(.text) refers to _printf_str.o(.text) for _printf_str
    main.o(.text) refers to _printf_f.o(.ARM.Collect$$_printf_percent$$00000003) for _printf_f
    main.o(.text) refers to printf1.o(x$fpl$printf1) for _printf_fp_dec
    main.o(.text) refers to can.o(.text) for Can_Send_Msg
    main.o(.text) refers to rt_memclr_w.o(.text) for __aeabi_memclr4
    main.o(.text) refers to delay.o(.text) for delay_init
    main.o(.text) refers to misc.o(.text) for NVIC_PriorityGroupConfig
    main.o(.text) refers to usart.o(.text) for uart1_init
    main.o(.text) refers to iic.o(.text) for I2C1_Init
    main.o(.text) refers to rc522.o(.text) for SPI2_Init
    main.o(.text) refers to time.o(.text) for TIM3_Init
    main.o(.text) refers to sound.o(.text) for sound_broadcast_files_file
    main.o(.text) refers to noretval__2printf.o(.text) for __2printf
    main.o(.text) refers to led.o(.text) for LED_Init
    main.o(.text) refers to strcpy.o(.text) for strcpy
    main.o(.text) refers to sim.o(.text) for SIM_Init
    main.o(.text) refers to bmp.o(.text) for BMP180_init
    main.o(.text) refers to gps.o(.text) for Read_GPS
    main.o(.text) refers to f2d.o(x$fpl$f2d) for __aeabi_f2d
    main.o(.text) refers to noretval__2sprintf.o(.text) for __2sprintf
    main.o(.text) refers to main.o(.bss) for can_send_buf
    main.o(.text) refers to rc522.o(.bss) for RFID_ID
    main.o(.text) refers to time.o(.data) for Main_Flag
    main.o(.text) refers to bmp.o(.data) for True_Press
    system_stm32f10x.o(.text) refers to system_stm32f10x.o(.data) for SystemCoreClock
    led.o(.text) refers to stm32f10x_rcc.o(.text) for RCC_APB2PeriphClockCmd
    led.o(.text) refers to stm32f10x_gpio.o(.text) for GPIO_Init
    key.o(.text) refers to stm32f10x_rcc.o(.text) for RCC_APB2PeriphClockCmd
    key.o(.text) refers to stm32f10x_gpio.o(.text) for GPIO_Init
    key.o(.text) refers to delay.o(.text) for delay_ms
    key.o(.text) refers to key.o(.data) for key_up
    gps.o(.text) refers to _printf_percent.o(.ARM.Collect$$_printf_percent$$00000000) for _printf_percent
    gps.o(.text) refers to _printf_s.o(.ARM.Collect$$_printf_percent$$00000014) for _printf_s
    gps.o(.text) refers to _printf_str.o(.text) for _printf_str
    gps.o(.text) refers to _printf_f.o(.ARM.Collect$$_printf_percent$$00000003) for _printf_f
    gps.o(.text) refers to printf1.o(x$fpl$printf1) for _printf_fp_dec
    gps.o(.text) refers to rt_memclr.o(.text) for __aeabi_memclr
    gps.o(.text) refers to rt_memcpy_v6.o(.text) for __aeabi_memcpy
    gps.o(.text) refers to strstr.o(.text) for strstr
    gps.o(.text) refers to atof.o(i.atof) for atof
    gps.o(.text) refers to ddiv.o(x$fpl$ddiv) for __aeabi_ddiv
    gps.o(.text) refers to atoi.o(.text) for atoi
    gps.o(.text) refers to dflt_clz.o(x$fpl$dflt) for __aeabi_i2d
    gps.o(.text) refers to daddsub_clz.o(x$fpl$dadd) for __aeabi_dadd
    gps.o(.text) refers to strcpy.o(.text) for strcpy
    gps.o(.text) refers to sim.o(.text) for Send_TCP_IP
    gps.o(.text) refers to noretval__2printf.o(.text) for __2printf
    gps.o(.text) refers to noretval__2sprintf.o(.text) for __2sprintf
    gps.o(.text) refers to gps.o(.data) for point1
    gps.o(.text) refers to gps.o(.bss) for USART_RX_BUF
    bmp.o(.text) refers to iic.o(.text) for I2C1_Read_Len
    bmp.o(.text) refers to dflt_clz.o(x$fpl$dflt) for __aeabi_i2d
    bmp.o(.text) refers to ddiv.o(x$fpl$ddiv) for __aeabi_ddiv
    bmp.o(.text) refers to d2f.o(x$fpl$d2f) for __aeabi_d2f
    bmp.o(.text) refers to dmul.o(x$fpl$dmul) for __aeabi_dmul
    bmp.o(.text) refers to dfix.o(x$fpl$dfix) for __aeabi_d2iz
    bmp.o(.text) refers to fflt_clz.o(x$fpl$fflt) for __aeabi_i2f
    bmp.o(.text) refers to pow.o(i.pow) for pow
    bmp.o(.text) refers to daddsub_clz.o(x$fpl$drsb) for __aeabi_drsub
    bmp.o(.text) refers to bmp.o(.data) for AC1
    sim.o(.text) refers to stm32f10x_usart.o(.text) for USART_GetFlagStatus
    sim.o(.text) refers to strstr.o(.text) for strstr
    sim.o(.text) refers to delay.o(.text) for delay_ms
    sim.o(.text) refers to noretval__2printf.o(.text) for __2printf
    sim.o(.text) refers to sim.o(.data) for SIM_First_Int
    sim.o(.text) refers to sim.o(.bss) for SIM_Buf
    sim.o(.data) refers to sim.o(.conststring) for .conststring
    rc522.o(.text) refers to _printf_pad.o(.text) for _printf_pre_padding
    rc522.o(.text) refers to _printf_percent.o(.ARM.Collect$$_printf_percent$$00000000) for _printf_percent
    rc522.o(.text) refers to _printf_x.o(.ARM.Collect$$_printf_percent$$0000000C) for _printf_x
[...]
    __scatterload_zeroinit                   0x08000189   Thumb Code    28  __scatter_zi.o(!!handler_zi)
    _printf_f                                0x080001a5   Thumb Code     0  _printf_f.o(.ARM.Collect$$_printf_percent$$00000003)
    _printf_percent                          0x080001a5   Thumb Code     0  _printf_percent.o(.ARM.Collect$$_printf_percent$$00000000)
    _printf_d                                0x080001ab   Thumb Code     0  _printf_d.o(.ARM.Collect$$_printf_percent$$00000009)
    _printf_x                                0x080001b1   Thumb Code     0  _printf_x.o(.ARM.Collect$$_printf_percent$$0000000C)
    _printf_s                                0x080001b7   Thumb Code     0  _printf_s.o(.ARM.Collect$$_printf_percent$$00000014)
    _printf_percent_end                      0x080001bd   Thumb Code     0  _printf_percent_end.o(.ARM.Collect$$_printf_percent$$00000017)
    __rt_lib_init                            0x080001c1   Thumb Code     0  libinit.o(.ARM.Collect$$libinit$$00000000)
    __rt_lib_init_fp_1                       0x080001c3   Thumb Code     0  libinit2.o(.ARM.Collect$$libinit$$00000002)
    __rt_lib_init_heap_1                     0x080001c3   Thumb Code     0  libinit2.o(.ARM.Collect$$libinit$$0000000A)
    __rt_lib_init_lc_common                  0x080001c3   Thumb Code     0  libinit2.o(.ARM.Collect$$libinit$$0000000F)
    __rt_lib_init_preinit_1                  0x080001c3   Thumb Code     0  libinit2.o(.ARM.Collect$$libinit$$00000004)
    __rt_lib_init_rand_1                     0x080001c3   Thumb Code     0  libinit2.o(.ARM.Collect$$libinit$$0000000E)
    __rt_lib_init_user_alloc_1               0x080001c3   Thumb Code     0  libinit2.o(.ARM.Collect$$libinit$$0000000C)
    __rt_lib_init_lc_collate_1               0x080001c9   Thumb Code     0  libinit2.o(.ARM.Collect$$libinit$$00000011)
    __rt_lib_init_lc_ctype_2                 0x080001c9   Thumb Code     0  libinit2.o(.ARM.Collect$$libinit$$00000012)
    __rt_lib_init_lc_ctype_1                 0x080001d5   Thumb Code     0  libinit2.o(.ARM.Collect$$libinit$$00000013)
    __rt_lib_init_lc_monetary_1              0x080001d5   Thumb Code     0  libinit2.o(.ARM.Collect$$libinit$$00000015)
    __rt_lib_init_lc_numeric_2               0x080001d5   Thumb Code     0  libinit2.o(.ARM.Collect$$libinit$$00000016)
    __rt_lib_init_alloca_1                   0x080001df   Thumb Code     0  libinit2.o(.ARM.Collect$$libinit$$0000002E)
    __rt_lib_init_argv_1                     0x080001df   Thumb Code     0  libinit2.o(.ARM.Collect$$libinit$$0000002C)
    __rt_lib_init_atexit_1                   0x080001df   Thumb Code     0  libinit2.o(.ARM.Collect$$libinit$$0000001B)
    __rt_lib_init_clock_1                    0x080001df   Thumb Code     0  libinit2.o(.ARM.Collect$$libinit$$00000021)
    __rt_lib_init_cpp_1                      0x080001df   Thumb Code     0  libinit2.o(.ARM.Collect$$libinit$$00000032)
    __rt_lib_init_exceptions_1               0x080001df   Thumb Code     0  libinit2.o(.ARM.Collect$$libinit$$00000030)
    __rt_lib_init_fp_trap_1                  0x080001df   Thumb Code     0  libinit2.o(.ARM.Collect$$libinit$$0000001F)
    __rt_lib_init_getenv_1                   0x080001df   Thumb Code     0  libinit2.o(.ARM.Collect$$libinit$$00000023)
    __rt_lib_init_lc_numeric_1               0x080001df   Thumb Code     0  libinit2.o(.ARM.Collect$$libinit$$00000017)
    __rt_lib_init_lc_time_1                  0x080001df   Thumb Code     0  libinit2.o(.ARM.Collect$$libinit$$00000019)
    __rt_lib_init_return                     0x080001df   Thumb Code     0  libinit2.o(.ARM.Collect$$libinit$$00000033)
    __rt_lib_init_signal_1                   0x080001df   Thumb Code     0  libinit2.o(.ARM.Collect$$libinit$$0000001D)
    __rt_lib_init_stdio_1                    0x080001df   Thumb Code     0  libinit2.o(.ARM.Collect$$libinit$$00000025)
    __rt_lib_shutdown                        0x080001e1   Thumb Code     0  libshutdown.o(.ARM.Collect$$libshutdown$$00000000)
    __rt_lib_shutdown_fp_trap_1              0x080001e3   Thumb Code     0  libshutdown2.o(.ARM.Collect$$libshutdown$$00000006)
    __rt_lib_shutdown_heap_1                 0x080001e3   Thumb Code     0  libshutdown2.o(.ARM.Collect$$libshutdown$$0000000E)
    __rt_lib_shutdown_return                 0x080001e3   Thumb Code     0  libshutdown2.o(.ARM.Collect$$libshutdown$$0000000F)
    __rt_lib_shutdown_signal_1               0x080001e3   Thumb Code     0  libshutdown2.o(.ARM.Collect$$libshutdown$$00000009)
    __rt_lib_shutdown_stdio_1                0x080001e3   Thumb Code     0  libshutdown2.o(.ARM.Collect$$libshutdown$$00000003)
    __rt_lib_shutdown_user_alloc_1           0x080001e3   Thumb Code     0  libshutdown2.o(.ARM.Collect$$libshutdown$$0000000B)
    __rt_entry                               0x080001e5   Thumb Code     0  __rtentry.o(.ARM.Collect$$rtentry$$00000000)
    __rt_entry_presh_1                       0x080001e5   Thumb Code     0  __rtentry2.o(.ARM.Collect$$rtentry$$00000002)
    __rt_entry_sh                            0x080001e5   Thumb Code     0  __rtentry4.o(.ARM.Collect$$rtentry$$00000004)
    __rt_entry_li                            0x080001eb   Thumb Code     0  __rtentry2.o(.ARM.Collect$$rtentry$$0000000A)
    __rt_entry_postsh_1                      0x080001eb   Thumb Code     0  __rtentry2.o(.ARM.Collect$$rtentry$$00000009)
    __rt_entry_main                          0x080001ef   Thumb Code     0  __rtentry2.o(.ARM.Collect$$rtentry$$0000000D)
    __rt_entry_postli_1                      0x080001ef   Thumb Code     0  __rtentry2.o(.ARM.Collect$$rtentry$$0000000C)
    __rt_exit                                0x080001f7   Thumb Code     0  rtexit.o(.ARM.Collect$$rtexit$$00000000)
    __rt_exit_ls                             0x080001f9   Thumb Code     0  rtexit2.o(.ARM.Collect$$rtexit$$00000003)
    __rt_exit_prels_1                        0x080001f9   Thumb Code     0  rtexit2.o(.ARM.Collect$$rtexit$$00000002)
    __rt_exit_exit                           0x080001fd   Thumb Code     0  rtexit2.o(.ARM.Collect$$rtexit$$00000004)
    Data_OK                                  0x08000205   Thumb Code    40  main.o(.text)
    main                                     0x0800022d   Thumb Code   552  main.o(.text)
    NMI_Handler                              0x080004c1   Thumb Code     2  stm32f10x_it.o(.text)
    HardFault_Handler                        0x080004c3   Thumb Code     4  stm32f10x_it.o(.text)
    MemManage_Handler                        0x080004c7   Thumb Code     4  stm32f10x_it.o(.text)
    BusFault_Handler                         0x080004cb   Thumb Code     4  stm32f10x_it.o(.text)
    UsageFault_Handler                       0x080004cf   Thumb Code     4  stm32f10x_it.o(.text)
    SVC_Handler                              0x080004d3   Thumb Code     2  stm32f10x_it.o(.text)
    DebugMon_Handler                         0x080004d5   Thumb Code     2  stm32f10x_it.o(.text)
    PendSV_Handler                           0x080004d7   Thumb Code     2  stm32f10x_it.o(.text)
    SysTick_Handler                          0x080004d9   Thumb Code     2  stm32f10x_it.o(.text)
    SystemInit                               0x080005bb   Thumb Code    78  system_stm32f10x.o(.text)
    SystemCoreClockUpdate                    0x08000609   Thumb Code   142  system_stm32f10x.o(.text)
    LED_Init                                 0x080006bd   Thumb Code    44  led.o(.text)
    GPS_Send_IRQ                             0x080006ed   Thumb Code   114  gps.o(.text)
    parseGpsBuffer                           0x0800075f   Thumb Code   210  gps.o(.text)
    Read_GPS                                 0x08000831   Thumb Code    10  gps.o(.text)
    GSP_Data_Change                          0x0800083b   Thumb Code   122  gps.o(.text)
    printGpsBuffer                           0x080008b5   Thumb Code   226  gps.o(.text)
    BMP180_ReadTwoByte                       0x08000a11   Thumb Code    34  bmp.o(.text)
    Read_CalibrationData                     0x08000a33   Thumb Code   114  bmp.o(.text)
    BMP180_init                              0x08000aa5   Thumb Code     8  bmp.o(.text)
    Get_BMP180UP                             0x08000aad   Thumb Code    30  bmp.o(.text)
    Get_BMP180UT                             0x08000acb   Thumb Code    24  bmp.o(.text)
    BMP180_Read_ID                           0x08000ae3   Thumb Code    12  bmp.o(.text)
    Convert_UncompensatedToTrue              0x08000aef   Thumb Code   398  bmp.o(.text)
    BMP180_Read                              0x08000c7d   Thumb Code    32  bmp.o(.text)
    SIM_Read_IRQ                             0x08000cfd   Thumb Code    32  sim.o(.text)
    SIM_Time_IRQ                             0x08000d1d   Thumb Code    38  sim.o(.text)
    SIM_SendString                           0x08000d43   Thumb Code    38  sim.o(.text)
    SIM_SendBit                              0x08000d69   Thumb Code    28  sim.o(.text)
    CLR_Buf2                                 0x08000d85   Thumb Code    26  sim.o(.text)
    Second_AT_Command                        0x08000d9f   Thumb Code   124  sim.o(.text)
    Second_AT_Command_3Ci                    0x08000e1b   Thumb Code    52  sim.o(.text)
    Connect_Server                           0x08000e4f   Thumb Code   192  sim.o(.text)
    Set_ATE0                                 0x08000f0f   Thumb Code    14  sim.o(.text)
    Wait_CREG                                0x08000f1d   Thumb Code   118  sim.o(.text)
    SIM_Init                                 0x08000f93   Thumb Code    58  sim.o(.text)
    Send_TCP_IP                              0x08000fcd   Thumb Code    44  sim.o(.text)
    delay_ns                                 0x080011ad   Thumb Code    18  rc522.o(.text)
    SPIWriteByte                             0x080011bf   Thumb Code    46  rc522.o(.text)
    SPI2_ReadWriteByte                       0x080011ed   Thumb Code    86  rc522.o(.text)
    SPI2_SetSpeed                            0x08001243   Thumb Code    82  rc522.o(.text)
    SPI2_Init                                0x08001295   Thumb Code   170  rc522.o(.text)
    WriteRawRC                               0x0800133f   Thumb Code    42  rc522.o(.text)
    ReadRawRC                                0x08001369   Thumb Code    50  rc522.o(.text)
    SetBitMask                               0x0800139b   Thumb Code    28  rc522.o(.text)
    PcdAntennaOn                             0x080013b7   Thumb Code    26  rc522.o(.text)
    ClearBitMask                             0x080013d1   Thumb Code    28  rc522.o(.text)
    M500PcdConfigISOType                     0x080013ed   Thumb Code    94  rc522.o(.text)
    PcdAntennaOff                            0x0800144b   Thumb Code    12  rc522.o(.text)
    PcdReset                                 0x08001457   Thumb Code   118  rc522.o(.text)
    Rc522_Init                               0x080014cd   Thumb Code    28  rc522.o(.text)
    Reset_RC522                              0x080014e9   Thumb Code    22  rc522.o(.text)
    PcdComMF522                              0x080014ff   Thumb Code   360  rc522.o(.text)
    PcdRequest                               0x08001667   Thumb Code    86  rc522.o(.text)
    PcdAnticoll                              0x080016bd   Thumb Code   112  rc522.o(.text)
    CalulateCRC                              0x0800172d   Thumb Code   108  rc522.o(.text)
    PcdSelect                                0x08001799   Thumb Code   116  rc522.o(.text)
    PcdAuthState                             0x0800180d   Thumb Code    86  rc522.o(.text)
    PcdRead                                  0x08001863   Thumb Code    86  rc522.o(.text)
    PcdWrite                                 0x080018b9   Thumb Code   150  rc522.o(.text)
    PcdHalt                                  0x0800194f   Thumb Code    50  rc522.o(.text)
    Rc522_Write                              0x08001981   Thumb Code   126  rc522.o(.text)
    Rc522_Read                               0x080019ff   Thumb Code   114  rc522.o(.text)
    Read_Card_ID                             0x08001a71   Thumb Code    42  rc522.o(.text)
    sound_send                               0x08001ac5   Thumb Code    12  sound.o(.text)
    sound_broadcast                          0x08001ad1   Thumb Code    54  sound.o(.text)
    sound_broadcast_files_file               0x08001b07   Thumb Code   124  sound.o(.text)
    delay_init                               0x08001b85   Thumb Code    50  delay.o(.text)
    delay_us                                 0x08001bb7   Thumb Code    72  delay.o(.text)
    delay_ms                                 0x08001bff   Thumb Code    72  delay.o(.text)
    _sys_exit                                0x08001c59   Thumb Code     8  usart.o(.text)
    fputc                                    0x08001c61   Thumb Code    24  usart.o(.text)
    assert_failed                            0x08001c79   Thumb Code    26  usart.o(.text)
    uart1_init                               0x08001c93   Thumb Code   152  usart.o(.text)
    USART1_IRQHandler                        0x08001d2b   Thumb Code    50  usart.o(.text)
    USART1_Send_String                       0x08001d5d   Thumb Code    38  usart.o(.text)
    uart1_send_bit                           0x08001d83   Thumb Code    28  usart.o(.text)
    UART5_IRQHandler                         0x08001d9f   Thumb Code    30  usart.o(.text)
    uart5_init                               0x08001dbd   Thumb Code   162  usart.o(.text)
    uart4_init                               0x08001e5f   Thumb Code   158  usart.o(.text)
    UART4_IRQHandler                         0x08001efd   Thumb Code    30  usart.o(.text)
    uart4_send                               0x08001f1b   Thumb Code    38  usart.o(.text)
    uart2_init                               0x08001f41   Thumb Code   154  usart.o(.text)
    uart2_send                               0x08001fdb   Thumb Code    38  usart.o(.text)
    uart2_send_bit                           0x08002001   Thumb Code    32  usart.o(.text)
    USART2_IRQHandler                        0x08002021   Thumb Code    92  usart.o(.text)
    I2C1_Delay                               0x0800207d   Thumb Code    10  iic.o(.text)
    I2C1_Init                                0x08002087   Thumb Code    46  iic.o(.text)
    I2C1_Start                               0x080020b5   Thumb Code    60  iic.o(.text)
    I2C1_Stop                                0x080020f1   Thumb Code    62  iic.o(.text)
    I2C1_Wait_Ack                            0x0800212f   Thumb Code    86  iic.o(.text)
    I2C1_Ack                                 0x08002185   Thumb Code    66  iic.o(.text)
    I2C1_NAck                                0x080021c7   Thumb Code    66  iic.o(.text)
    I2C1_Send_Byte                           0x08002209   Thumb Code    82  iic.o(.text)
    I2C1_Read_Byte                           0x0800225b   Thumb Code    96  iic.o(.text)
    I2C1_Read_One                            0x080022bb   Thumb Code    70  iic.o(.text)
    I2C1_Write_One                           0x08002301   Thumb Code    74  iic.o(.text)
    I2C1_Write_Len                           0x0800234b   Thumb Code    96  iic.o(.text)
    I2C1_Read_Len                            0x080023ab   Thumb Code   116  iic.o(.text)
    TIM3_Init                                0x0800242d   Thumb Code    90  time.o(.text)
    Main_Time                                0x08002487   Thumb Code    32  time.o(.text)
    TIM3_IRQHandler                          0x080024a7   Thumb Code    30  time.o(.text)
    CAN_Mode_Init                            0x080024d5   Thumb Code   200  can.o(.text)
    Can_Send_Msg                             0x0800259d   Thumb Code   104  can.o(.text)
    Can_Receive_Msg                          0x08002605   Thumb Code    56  can.o(.text)
    Reset_Handler                            0x08002645   Thumb Code     8  startup_stm32f10x_hd.o(.text)
    ADC1_2_IRQHandler                        0x0800265f   Thumb Code     0  startup_stm32f10x_hd.o(.text)
    ADC3_IRQHandler                          0x0800265f   Thumb Code     0  startup_stm32f10x_hd.o(.text)
    CAN1_RX1_IRQHandler                      0x0800265f   Thumb Code     0  startup_stm32f10x_hd.o(.text)
    CAN1_SCE_IRQHandler                      0x0800265f   Thumb Code     0  startup_stm32f10x_hd.o(.text)
    DMA1_Channel1_IRQHandler                 0x0800265f   Thumb Code     0  startup_stm32f10x_hd.o(.text)
    DMA1_Channel2_IRQHandler                 0x0800265f   Thumb Code     0  startup_stm32f10x_hd.o(.text)
    DMA1_Channel3_IRQHandler                 0x0800265f   Thumb Code     0  startup_stm32f10x_hd.o(.text)
    DMA1_Channel4_IRQHandler                 0x0800265f   Thumb Code     0  startup_stm32f10x_hd.o(.text)
    DMA1_Channel5_IRQHandler                 0x0800265f   Thumb Code     0  startup_stm32f10x_hd.o(.text)
    DMA1_Channel6_IRQHandler                 0x0800265f   Thumb Code     0  startup_stm32f10x_hd.o(.text)
    DMA1_Channel7_IRQHandler                 0x0800265f   Thumb Code     0  startup_stm32f10x_hd.o(.text)
    DMA2_Channel1_IRQHandler                 0x0800265f   Thumb Code     0  startup_stm32f10x_hd.o(.text)
    DMA2_Channel2_IRQHandler                 0x0800265f   Thumb Code     0  startup_stm32f10x_hd.o(.text)
    DMA2_Channel3_IRQHandler                 0x0800265f   Thumb Code     0  startup_stm32f10x_hd.o(.text)
    DMA2_Channel4_5_IRQHandler               0x0800265f   Thumb Code     0  startup_stm32f10x_hd.o(.text)
    EXTI0_IRQHandler                         0x0800265f   Thumb Code     0  startup_stm32f10x_hd.o(.text)
    EXTI15_10_IRQHandler                     0x0800265f   Thumb Code     0  startup_stm32f10x_hd.o(.text)
    EXTI1_IRQHandler                         0x0800265f   Thumb Code     0  startup_stm32f10x_hd.o(.text)
    EXTI2_IRQHandler                         0x0800265f   Thumb Code     0  startup_stm32f10x_hd.o(.text)
    EXTI3_IRQHandler                         0x0800265f   Thumb Code     0  startup_stm32f10x_hd.o(.text)
    EXTI4_IRQHandler                         0x0800265f   Thumb Code     0  startup_stm32f10x_hd.o(.text)
    EXTI9_5_IRQHandler                       0x0800265f   Thumb Code     0  startup_stm32f10x_hd.o(.text)
    FLASH_IRQHandler                         0x0800265f   Thumb Code     0  startup_stm32f10x_hd.o(.text)
    FSMC_IRQHandler                          0x0800265f   Thumb Code     0  startup_stm32f10x_hd.o(.text)
    I2C1_ER_IRQHandler                       0x0800265f   Thumb Code     0  startup_stm32f10x_hd.o(.text)
    I2C1_EV_IRQHandler                       0x0800265f   Thumb Code     0  startup_stm32f10x_hd.o(.text)
    I2C2_ER_IRQHandler                       0x0800265f   Thumb Code     0  startup_stm32f10x_hd.o(.text)
    I2C2_EV_IRQHandler                       0x0800265f   Thumb Code     0  startup_stm32f10x_hd.o(.text)
    PVD_IRQHandler                           0x0800265f   Thumb Code     0  startup_stm32f10x_hd.o(.text)
    RCC_IRQHandler                           0x0800265f   Thumb Code     0  startup_stm32f10x_hd.o(.text)
    RTCAlarm_IRQHandler                      0x0800265f   Thumb Code     0  startup_stm32f10x_hd.o(.text)
    RTC_IRQHandler                           0x0800265f   Thumb Code     0  startup_stm32f10x_hd.o(.text)
    SDIO_IRQHandler                          0x0800265f   Thumb Code     0  startup_stm32f10x_hd.o(.text)
    SPI1_IRQHandler                          0x0800265f   Thumb Code     0  startup_stm32f10x_hd.o(.text)
    SPI2_IRQHandler                          0x0800265f   Thumb Code     0  startup_stm32f10x_hd.o(.text)
    SPI3_IRQHandler                          0x0800265f   Thumb Code     0  startup_stm32f10x_hd.o(.text)
    TAMPER_IRQHandler                        0x0800265f   Thumb Code     0  startup_stm32f10x_hd.o(.text)
    TIM1_BRK_IRQHandler                      0x0800265f   Thumb Code     0  startup_stm32f10x_hd.o(.text)
    TIM1_CC_IRQHandler                       0x0800265f   Thumb Code     0  startup_stm32f10x_hd.o(.text)
    TIM1_TRG_COM_IRQHandler                  0x0800265f   Thumb Code     0  startup_stm32f10x_hd.o(.text)
    TIM1_UP_IRQHandler                       0x0800265f   Thumb Code     0  startup_stm32f10x_hd.o(.text)
    TIM2_IRQHandler                          0x0800265f   Thumb Code     0  startup_stm32f10x_hd.o(.text)
    TIM4_IRQHandler                          0x0800265f   Thumb Code     0  startup_stm32f10x_hd.o(.text)
    TIM5_IRQHandler                          0x0800265f   Thumb Code     0  startup_stm32f10x_hd.o(.text)
    TIM6_IRQHandler                          0x0800265f   Thumb Code     0  startup_stm32f10x_hd.o(.text)
    TIM7_IRQHandler                          0x0800265f   Thumb Code     0  startup_stm32f10x_hd.o(.text)
    TIM8_BRK_IRQHandler                      0x0800265f   Thumb Code     0  startup_stm32f10x_hd.o(.text)
    TIM8_CC_IRQHandler                       0x0800265f   Thumb Code     0  startup_stm32f10x_hd.o(.text)
    TIM8_TRG_COM_IRQHandler                  0x0800265f   Thumb Code     0  startup_stm32f10x_hd.o(.text)
    TIM8_UP_IRQHandler                       0x0800265f   Thumb Code     0  startup_stm32f10x_hd.o(.text)
    USART3_IRQHandler                        0x0800265f   Thumb Code     0  startup_stm32f10x_hd.o(.text)
    USBWakeUp_IRQHandler                     0x0800265f   Thumb Code     0  startup_stm32f10x_hd.o(.text)
    USB_HP_CAN1_TX_IRQHandler                0x0800265f   Thumb Code     0  startup_stm32f10x_hd.o(.text)
    USB_LP_CAN1_RX0_IRQHandler               0x0800265f   Thumb Code     0  startup_stm32f10x_hd.o(.text)
    WWDG_IRQHandler                          0x0800265f   Thumb Code     0  startup_stm32f10x_hd.o(.text)
    __user_initial_stackheap                 0x08002661   Thumb Code     0  startup_stm32f10x_hd.o(.text)
    NVIC_PriorityGroupConfig                 0x08002685   Thumb Code    54  misc.o(.text)
    NVIC_Init                                0x080026bb   Thumb Code   158  misc.o(.text)
    NVIC_SetVectorTable                      0x08002759   Thumb Code    60  misc.o(.text)
    NVIC_SystemLPConfig                      0x08002795   Thumb Code    78  misc.o(.text)
    SysTick_CLKSourceConfig                  0x080027e3   Thumb Code    62  misc.o(.text)
    GPIO_DeInit                              0x08002859   Thumb Code   224  stm32f10x_gpio.o(.text)
    GPIO_AFIODeInit                          0x08002939   Thumb Code    20  stm32f10x_gpio.o(.text)
    GPIO_Init                                0x0800294d   Thumb Code   378  stm32f10x_gpio.o(.text)
    GPIO_StructInit                          0x08002ac7   Thumb Code    16  stm32f10x_gpio.o(.text)
    GPIO_ReadInputDataBit                    0x08002ad7   Thumb Code   170  stm32f10x_gpio.o(.text)
    GPIO_ReadInputData                       0x08002b81   Thumb Code    64  stm32f10x_gpio.o(.text)
    GPIO_ReadOutputDataBit                   0x08002bc1   Thumb Code   240  stm32f10x_gpio.o(.text)
    GPIO_ReadOutputData                      0x08002cb1   Thumb Code    66  stm32f10x_gpio.o(.text)
    GPIO_SetBits                             0x08002cf3   Thumb Code    86  stm32f10x_gpio.o(.text)
    GPIO_ResetBits                           0x08002d49   Thumb Code    86  stm32f10x_gpio.o(.text)
    GPIO_WriteBit                            0x08002d9f   Thumb Code   188  stm32f10x_gpio.o(.text)
    GPIO_Write                               0x08002e5b   Thumb Code    66  stm32f10x_gpio.o(.text)
    GPIO_PinLockConfig                       0x08002e9d   Thumb Code   100  stm32f10x_gpio.o(.text)
    GPIO_EventOutputConfig                   0x08002f01   Thumb Code   138  stm32f10x_gpio.o(.text)
    GPIO_EventOutputCmd                      0x08002f8b   Thumb Code    30  stm32f10x_gpio.o(.text)
    GPIO_PinRemapConfig                      0x08002fa9   Thumb Code   552  stm32f10x_gpio.o(.text)
    GPIO_EXTILineConfig                      0x080031d1   Thumb Code   186  stm32f10x_gpio.o(.text)
    GPIO_ETH_MediaInterfaceConfig            0x0800328b   Thumb Code    30  stm32f10x_gpio.o(.text)
    RCC_DeInit                               0x080032c5   Thumb Code    64  stm32f10x_rcc.o(.text)
    RCC_HSEConfig                            0x08003305   Thumb Code   100  stm32f10x_rcc.o(.text)
    RCC_GetFlagStatus                        0x08003369   Thumb Code   118  stm32f10x_rcc.o(.text)
    RCC_WaitForHSEStartUp                    0x080033df   Thumb Code    56  stm32f10x_rcc.o(.text)
    RCC_AdjustHSICalibrationValue            0x08003417   Thumb Code    38  stm32f10x_rcc.o(.text)
    RCC_HSICmd                               0x0800343d   Thumb Code    28  stm32f10x_rcc.o(.text)
    RCC_PLLConfig                            0x08003459   Thumb Code   152  stm32f10x_rcc.o(.text)
    RCC_PLLCmd                               0x080034f1   Thumb Code    28  stm32f10x_rcc.o(.text)
    RCC_SYSCLKConfig                         0x0800350d   Thumb Code    42  stm32f10x_rcc.o(.text)
    RCC_GetSYSCLKSource                      0x08003537   Thumb Code    10  stm32f10x_rcc.o(.text)
    RCC_HCLKConfig                           0x08003541   Thumb Code    66  stm32f10x_rcc.o(.text)
    RCC_PCLK1Config                          0x08003583   Thumb Code    58  stm32f10x_rcc.o(.text)
    RCC_PCLK2Config                          0x080035bd   Thumb Code    60  stm32f10x_rcc.o(.text)
    RCC_ITConfig                             0x080035f9   Thumb Code    70  stm32f10x_rcc.o(.text)
    RCC_USBCLKConfig                         0x0800363f   Thumb Code    30  stm32f10x_rcc.o(.text)
    RCC_ADCCLKConfig                         0x0800365d   Thumb Code    52  stm32f10x_rcc.o(.text)
    RCC_LSEConfig                            0x08003691   Thumb Code   130  stm32f10x_rcc.o(.text)
    RCC_LSICmd                               0x08003713   Thumb Code    30  stm32f10x_rcc.o(.text)
    RCC_RTCCLKConfig                         0x08003731   Thumb Code    52  stm32f10x_rcc.o(.text)
    RCC_RTCCLKCmd                            0x08003765   Thumb Code    32  stm32f10x_rcc.o(.text)
    RCC_GetClocksFreq                        0x08003785   Thumb Code   208  stm32f10x_rcc.o(.text)
    RCC_AHBPeriphClockCmd                    0x08003855   Thumb Code    86  stm32f10x_rcc.o(.text)
    RCC_APB2PeriphClockCmd                   0x080038ab   Thumb Code    82  stm32f10x_rcc.o(.text)
    RCC_APB1PeriphClockCmd                   0x080038fd   Thumb Code    82  stm32f10x_rcc.o(.text)
    RCC_APB2PeriphResetCmd                   0x0800394f   Thumb Code    82  stm32f10x_rcc.o(.text)
    RCC_APB1PeriphResetCmd                   0x080039a1   Thumb Code    82  stm32f10x_rcc.o(.text)
    RCC_BackupResetCmd                       0x080039f3   Thumb Code    32  stm32f10x_rcc.o(.text)
    RCC_ClockSecuritySystemCmd               0x08003a13   Thumb Code    30  stm32f10x_rcc.o(.text)
    RCC_MCOConfig                            0x08003a31   Thumb Code    44  stm32f10x_rcc.o(.text)
    RCC_ClearFlag                            0x08003a5d   Thumb Code    18  stm32f10x_rcc.o(.text)
    RCC_GetITStatus                          0x08003a6f   Thumb Code    64  stm32f10x_rcc.o(.text)
    RCC_ClearITPendingBit                    0x08003aaf   Thumb Code    34  stm32f10x_rcc.o(.text)
    USART_DeInit                             0x08003af5   Thumb Code   174  stm32f10x_usart.o(.text)
    USART_Init                               0x08003ba3   Thumb Code   450  stm32f10x_usart.o(.text)
    USART_StructInit                         0x08003d65   Thumb Code    24  stm32f10x_usart.o(.text)
    USART_ClockInit                          0x08003d7d   Thumb Code   162  stm32f10x_usart.o(.text)
    USART_ClockStructInit                    0x08003e1f   Thumb Code    12  stm32f10x_usart.o(.text)
    USART_Cmd                                0x08003e2b   Thumb Code    90  stm32f10x_usart.o(.text)
    USART_ITConfig                           0x08003e85   Thumb Code   324  stm32f10x_usart.o(.text)
    USART_DMACmd                             0x08003fc9   Thumb Code   114  stm32f10x_usart.o(.text)
    USART_SetAddress                         0x0800403b   Thumb Code    86  stm32f10x_usart.o(.text)
    USART_WakeUpConfig                       0x08004091   Thumb Code    90  stm32f10x_usart.o(.text)
    USART_ReceiverWakeUpCmd                  0x080040eb   Thumb Code    94  stm32f10x_usart.o(.text)
    USART_LINBreakDetectLengthConfig         0x08004149   Thumb Code    88  stm32f10x_usart.o(.text)
    USART_LINCmd                             0x080041a1   Thumb Code    94  stm32f10x_usart.o(.text)
    USART_SendData                           0x080041ff   Thumb Code    78  stm32f10x_usart.o(.text)
    USART_ReceiveData                        0x0800424d   Thumb Code    56  stm32f10x_usart.o(.text)
    USART_SendBreak                          0x08004285   Thumb Code    58  stm32f10x_usart.o(.text)
    USART_SetGuardTime                       0x080042bf   Thumb Code    54  stm32f10x_usart.o(.text)
    USART_SetPrescaler                       0x080042f5   Thumb Code    66  stm32f10x_usart.o(.text)
    USART_SmartCardCmd                       0x08004337   Thumb Code   102  stm32f10x_usart.o(.text)
    USART_SmartCardNACKCmd                   0x0800439d   Thumb Code    82  stm32f10x_usart.o(.text)
    USART_HalfDuplexCmd                      0x080043ef   Thumb Code    94  stm32f10x_usart.o(.text)
    USART_OverSampling8Cmd                   0x0800444d   Thumb Code    92  stm32f10x_usart.o(.text)
    USART_OneBitMethodCmd                    0x080044a9   Thumb Code    94  stm32f10x_usart.o(.text)
    USART_IrDAConfig                         0x08004507   Thumb Code    88  stm32f10x_usart.o(.text)
    USART_IrDACmd                            0x0800455f   Thumb Code    94  stm32f10x_usart.o(.text)
    USART_GetFlagStatus                      0x080045bd   Thumb Code   164  stm32f10x_usart.o(.text)
    USART_ClearFlag                          0x08004661   Thumb Code   122  stm32f10x_usart.o(.text)
    USART_GetITStatus                        0x080046db   Thumb Code   280  stm32f10x_usart.o(.text)
    USART_ClearITPendingBit                  0x080047f3   Thumb Code   158  stm32f10x_usart.o(.text)
    TIM_DeInit                               0x080048a5   Thumb Code   536  stm32f10x_tim.o(.text)
    TIM_TimeBaseInit                         0x08004abd   Thumb Code   308  stm32f10x_tim.o(.text)
    TIM_OC1Init                              0x08004bf1   Thumb Code   556  stm32f10x_tim.o(.text)
    TIM_OC2Init                              0x08004e1d   Thumb Code   438  stm32f10x_tim.o(.text)
    TIM_OC3Init                              0x08004fd3   Thumb Code   458  stm32f10x_tim.o(.text)
    TIM_OC4Init                              0x0800519d   Thumb Code   302  stm32f10x_tim.o(.text)
    TIM_SetIC4Prescaler                      0x080052cb   Thumb Code   110  stm32f10x_tim.o(.text)
    TIM_SetIC3Prescaler                      0x080053bb   Thumb Code   102  stm32f10x_tim.o(.text)
    TIM_SetIC2Prescaler                      0x0800549b   Thumb Code   128  stm32f10x_tim.o(.text)
    TIM_SetIC1Prescaler                      0x080055bf   Thumb Code   156  stm32f10x_tim.o(.text)
    TIM_ICInit                               0x080056c7   Thumb Code   602  stm32f10x_tim.o(.text)
    TIM_PWMIConfig                           0x08005921   Thumb Code   250  stm32f10x_tim.o(.text)
    TIM_BDTRConfig                           0x08005a1b   Thumb Code   254  stm32f10x_tim.o(.text)
    TIM_TimeBaseStructInit                   0x08005b19   Thumb Code    18  stm32f10x_tim.o(.text)
    TIM_OCStructInit                         0x08005b2b   Thumb Code    20  stm32f10x_tim.o(.text)
    TIM_ICStructInit                         0x08005b3f   Thumb Code    18  stm32f10x_tim.o(.text)
    TIM_BDTRStructInit                       0x08005b51   Thumb Code    18  stm32f10x_tim.o(.text)
    TIM_Cmd                                  0x08005b63   Thumb Code   166  stm32f10x_tim.o(.text)
    TIM_CtrlPWMOutputs                       0x08005c09   Thumb Code   100  stm32f10x_tim.o(.text)
    TIM_ITConfig                             0x08005c6d   Thumb Code   178  stm32f10x_tim.o(.text)
    TIM_GenerateEvent                        0x08005d1f   Thumb Code   144  stm32f10x_tim.o(.text)
    TIM_DMAConfig                            0x08005daf   Thumb Code   358  stm32f10x_tim.o(.text)
    TIM_DMACmd                               0x08005f15   Thumb Code   144  stm32f10x_tim.o(.text)
    TIM_InternalClockConfig                  0x08005fa5   Thumb Code    82  stm32f10x_tim.o(.text)
    TIM_SelectInputTrigger                   0x08005ff7   Thumb Code   130  stm32f10x_tim.o(.text)
    TIM_ITRxExternalClockConfig              0x08006079   Thumb Code   116  stm32f10x_tim.o(.text)
    TIM_TIxExternalClockConfig               0x080060ed   Thumb Code   186  stm32f10x_tim.o(.text)
    TIM_ETRConfig                            0x080061a7   Thumb Code   164  stm32f10x_tim.o(.text)
    TIM_ETRClockMode1Config                  0x0800624b   Thumb Code   226  stm32f10x_tim.o(.text)
    TIM_ETRClockMode2Config                  0x0800632d   Thumb Code   152  stm32f10x_tim.o(.text)
    TIM_PrescalerConfig                      0x080063c5   Thumb Code   146  stm32f10x_tim.o(.text)
    TIM_CounterModeConfig                    0x08006457   Thumb Code   100  stm32f10x_tim.o(.text)
    TIM_EncoderInterfaceConfig               0x080064bb   Thumb Code   212  stm32f10x_tim.o(.text)
    TIM_ForcedOC1Config                      0x0800658f   Thumb Code   144  stm32f10x_tim.o(.text)
    TIM_ForcedOC2Config                      0x0800661f   Thumb Code   116  stm32f10x_tim.o(.text)
    TIM_ForcedOC3Config                      0x08006693   Thumb Code   160  stm32f10x_tim.o(.text)
    TIM_ForcedOC4Config                      0x08006733   Thumb Code    98  stm32f10x_tim.o(.text)
    TIM_ARRPreloadConfig                     0x08006795   Thumb Code   162  stm32f10x_tim.o(.text)
    TIM_SelectCOM                            0x08006837   Thumb Code    90  stm32f10x_tim.o(.text)
    TIM_SelectCCDMA                          0x08006891   Thumb Code   114  stm32f10x_tim.o(.text)
    TIM_CCPreloadControl                     0x08006903   Thumb Code   102  stm32f10x_tim.o(.text)
    TIM_OC1PreloadConfig                     0x08006969   Thumb Code   142  stm32f10x_tim.o(.text)
    TIM_OC2PreloadConfig                     0x080069f7   Thumb Code   114  stm32f10x_tim.o(.text)
    TIM_OC3PreloadConfig                     0x08006a69   Thumb Code    88  stm32f10x_tim.o(.text)
    TIM_OC4PreloadConfig                     0x08006ac1   Thumb Code   166  stm32f10x_tim.o(.text)
    TIM_OC1FastConfig                        0x08006b67   Thumb Code   142  stm32f10x_tim.o(.text)
    TIM_OC2FastConfig                        0x08006bf5   Thumb Code   114  stm32f10x_tim.o(.text)
    TIM_OC3FastConfig                        0x08006c67   Thumb Code    88  stm32f10x_tim.o(.text)
    TIM_OC4FastConfig                        0x08006cbf   Thumb Code    96  stm32f10x_tim.o(.text)
    TIM_ClearOC1Ref                          0x08006d1f   Thumb Code    88  stm32f10x_tim.o(.text)
    TIM_ClearOC2Ref                          0x08006d77   Thumb Code    94  stm32f10x_tim.o(.text)
    TIM_ClearOC3Ref                          0x08006dd5   Thumb Code    88  stm32f10x_tim.o(.text)
    TIM_ClearOC4Ref                          0x08006e2d   Thumb Code    94  stm32f10x_tim.o(.text)
    TIM_OC1PolarityConfig                    0x08006e8b   Thumb Code   202  stm32f10x_tim.o(.text)
    TIM_OC1NPolarityConfig                   0x08006f55   Thumb Code    82  stm32f10x_tim.o(.text)
    TIM_OC2PolarityConfig                    0x08006fa7   Thumb Code   114  stm32f10x_tim.o(.text)
    TIM_OC2NPolarityConfig                   0x08007019   Thumb Code    72  stm32f10x_tim.o(.text)
    TIM_OC3PolarityConfig                    0x08007061   Thumb Code    96  stm32f10x_tim.o(.text)
    TIM_OC3NPolarityConfig                   0x080070c1   Thumb Code    72  stm32f10x_tim.o(.text)
    TIM_OC4PolarityConfig                    0x08007109   Thumb Code    96  stm32f10x_tim.o(.text)
    TIM_CCxCmd                               0x08007169   Thumb Code   186  stm32f10x_tim.o(.text)
    TIM_CCxNCmd                              0x08007223   Thumb Code   122  stm32f10x_tim.o(.text)
    TIM_SelectOCxM                           0x0800729d   Thumb Code   326  stm32f10x_tim.o(.text)
    TIM_UpdateDisableConfig                  0x080073e3   Thumb Code   162  stm32f10x_tim.o(.text)
    TIM_UpdateRequestConfig                  0x08007485   Thumb Code   162  stm32f10x_tim.o(.text)
    TIM_SelectHallSensor                     0x08007527   Thumb Code   114  stm32f10x_tim.o(.text)
    TIM_SelectOnePulseMode                   0x08007599   Thumb Code   156  stm32f10x_tim.o(.text)
    TIM_SelectOutputTrigger                  0x08007635   Thumb Code   144  stm32f10x_tim.o(.text)
    TIM_SelectSlaveMode                      0x080076c5   Thumb Code   118  stm32f10x_tim.o(.text)
    TIM_SelectMasterSlaveMode                0x0800773b   Thumb Code   176  stm32f10x_tim.o(.text)
    TIM_SetCounter                           0x080077eb   Thumb Code   124  stm32f10x_tim.o(.text)
    TIM_SetAutoreload                        0x08007867   Thumb Code   124  stm32f10x_tim.o(.text)
    TIM_SetCompare1                          0x080078e3   Thumb Code   112  stm32f10x_tim.o(.text)
    TIM_SetCompare2                          0x08007953   Thumb Code    76  stm32f10x_tim.o(.text)
    TIM_SetCompare3                          0x0800799f   Thumb Code    58  stm32f10x_tim.o(.text)
    TIM_SetCompare4                          0x080079d9   Thumb Code    60  stm32f10x_tim.o(.text)
    TIM_SetClockDivision                     0x08007a15   Thumb Code   152  stm32f10x_tim.o(.text)
    TIM_GetCapture1                          0x08007aad   Thumb Code   110  stm32f10x_tim.o(.text)
    TIM_GetCapture2                          0x08007b1b   Thumb Code    74  stm32f10x_tim.o(.text)
    TIM_GetCapture3                          0x08007b65   Thumb Code   124  stm32f10x_tim.o(.text)
    TIM_GetCapture4                          0x08007be1   Thumb Code    58  stm32f10x_tim.o(.text)
    TIM_GetCounter                           0x08007c1b   Thumb Code   122  stm32f10x_tim.o(.text)
    TIM_GetPrescaler                         0x08007c95   Thumb Code   122  stm32f10x_tim.o(.text)
    TIM_GetFlagStatus                        0x08007d0f   Thumb Code   206  stm32f10x_tim.o(.text)
    TIM_ClearFlag                            0x08007ddd   Thumb Code   146  stm32f10x_tim.o(.text)
    TIM_GetITStatus                          0x08007e6f   Thumb Code   204  stm32f10x_tim.o(.text)
    TIM_ClearITPendingBit                    0x08007f3b   Thumb Code   214  stm32f10x_tim.o(.text)
    SPI_I2S_DeInit                           0x08008011   Thumb Code   104  stm32f10x_spi.o(.text)
    SPI_Init                                 0x08008079   Thumb Code   328  stm32f10x_spi.o(.text)
    I2S_Init                                 0x080081c1   Thumb Code   434  stm32f10x_spi.o(.text)
    SPI_StructInit                           0x08008373   Thumb Code    24  stm32f10x_spi.o(.text)
    I2S_StructInit                           0x0800838b   Thumb Code    20  stm32f10x_spi.o(.text)
    SPI_Cmd                                  0x0800839f   Thumb Code    78  stm32f10x_spi.o(.text)
    I2S_Cmd                                  0x080083ed   Thumb Code   132  stm32f10x_spi.o(.text)
    SPI_I2S_ITConfig                         0x08008471   Thumb Code   126  stm32f10x_spi.o(.text)
    SPI_I2S_DMACmd                           0x080084ef   Thumb Code   102  stm32f10x_spi.o(.text)
    SPI_I2S_SendData                         0x08008555   Thumb Code    42  stm32f10x_spi.o(.text)
    SPI_I2S_ReceiveData                      0x0800857f   Thumb Code    40  stm32f10x_spi.o(.text)
    SPI_NSSInternalSoftwareConfig            0x080085a7   Thumb Code    96  stm32f10x_spi.o(.text)
    SPI_SSOutputCmd                          0x08008607   Thumb Code    82  stm32f10x_spi.o(.text)
    SPI_DataSizeConfig                       0x08008659   Thumb Code    78  stm32f10x_spi.o(.text)
    SPI_TransmitCRC                          0x080086a7   Thumb Code    46  stm32f10x_spi.o(.text)
    SPI_CalculateCRC                         0x080086d5   Thumb Code    82  stm32f10x_spi.o(.text)
    SPI_GetCRC                               0x08008727   Thumb Code    74  stm32f10x_spi.o(.text)
    SPI_GetCRCPolynomial                     0x08008771   Thumb Code    40  stm32f10x_spi.o(.text)
    SPI_BiDirectionalLineConfig              0x08008799   Thumb Code    94  stm32f10x_spi.o(.text)
    SPI_I2S_GetFlagStatus                    0x080087f7   Thumb Code   114  stm32f10x_spi.o(.text)
    SPI_I2S_ClearFlag                        0x08008869   Thumb Code    62  stm32f10x_spi.o(.text)
    SPI_I2S_GetITStatus                      0x080088a7   Thumb Code   138  stm32f10x_spi.o(.text)
    SPI_I2S_ClearITPendingBit                0x08008931   Thumb Code    74  stm32f10x_spi.o(.text)
    CAN_DeInit                               0x08008989   Thumb Code    72  stm32f10x_can.o(.text)
    CAN_Init                                 0x080089d1   Thumb Code   546  stm32f10x_can.o(.text)
    CAN_FilterInit                           0x08008bf3   Thumb Code   366  stm32f10x_can.o(.text)
    CAN_StructInit                           0x08008d61   Thumb Code    84  stm32f10x_can.o(.text)
    CAN_SlaveStartBank                       0x08008db5   Thumb Code    74  stm32f10x_can.o(.text)
    CAN_DBGFreeze                            0x08008dff   Thumb Code    74  stm32f10x_can.o(.text)
    CAN_TTComModeCmd                         0x08008e49   Thumb Code   154  stm32f10x_can.o(.text)
    CAN_Transmit                             0x08008ee3   Thumb Code   442  stm32f10x_can.o(.text)
    CAN_TransmitStatus                       0x0800909d   Thumb Code   184  stm32f10x_can.o(.text)
    CAN_CancelTransmit                       0x08009155   Thumb Code   130  stm32f10x_can.o(.text)
    CAN_Receive                              0x080091d7   Thumb Code   292  stm32f10x_can.o(.text)
    CAN_FIFORelease                          0x080092fb   Thumb Code    74  stm32f10x_can.o(.text)
    CAN_MessagePending                       0x08009345   Thumb Code    82  stm32f10x_can.o(.text)
    CAN_OperatingModeRequest                 0x08009397   Thumb Code   218  stm32f10x_can.o(.text)
    CAN_Sleep                                0x08009471   Thumb Code    60  stm32f10x_can.o(.text)
    CAN_WakeUp                               0x080094ad   Thumb Code    78  stm32f10x_can.o(.text)
    CAN_GetLastErrorCode                     0x080094fb   Thumb Code    42  stm32f10x_can.o(.text)
    CAN_GetReceiveErrorCounter               0x08009525   Thumb Code    40  stm32f10x_can.o(.text)
    CAN_GetLSBTransmitErrorCounter           0x0800954d   Thumb Code    42  stm32f10x_can.o(.text)
    CAN_ITConfig                             0x08009577   Thumb Code   166  stm32f10x_can.o(.text)
    CAN_GetFlagStatus                        0x0800961d   Thumb Code   262  stm32f10x_can.o(.text)
    CAN_ClearFlag                            0x08009723   Thumb Code   166  stm32f10x_can.o(.text)
    CAN_GetITStatus                          0x080097db   Thumb Code   394  stm32f10x_can.o(.text)
    CAN_ClearITPendingBit                    0x08009965   Thumb Code   320  stm32f10x_can.o(.text)
    __use_no_semihosting                     0x08009aa9   Thumb Code     2  use_no_semi_2.o(.text)
    __2printf                                0x08009aad   Thumb Code    20  noretval__2printf.o(.text)
    __2sprintf                               0x08009ac5   Thumb Code    34  noretval__2sprintf.o(.text)
    _printf_pre_padding                      0x08009aed   Thumb Code    44  _printf_pad.o(.text)
    _printf_post_padding                     0x08009b19   Thumb Code    34  _printf_pad.o(.text)
    _printf_str                              0x08009b3b   Thumb Code    82  _printf_str.o(.text)
    _printf_int_dec                          0x08009b8d   Thumb Code   104  _printf_dec.o(.text)
    _printf_int_hex                          0x08009c05   Thumb Code    84  _printf_hex_int.o(.text)
    _printf_longlong_hex                     0x08009c05   Thumb Code     0  _printf_hex_int.o(.text)
    __printf                                 0x08009c5d   Thumb Code   308  __printf_flags_wp.o(.text)
    atoi                                     0x08009d95   Thumb Code    26  atoi.o(.text)
    strstr                                   0x08009daf   Thumb Code    36  strstr.o(.text)
    strcpy                                   0x08009dd3   Thumb Code    72  strcpy.o(.text)
    __aeabi_memcpy                           0x08009e1b   Thumb Code     0  rt_memcpy_v6.o(.text)
    __rt_memcpy                              0x08009e1b   Thumb Code   138  rt_memcpy_v6.o(.text)
    _memcpy_lastbytes                        0x08009e81   Thumb Code     0  rt_memcpy_v6.o(.text)
    __aeabi_memclr                           0x08009ea5   Thumb Code     0  rt_memclr.o(.text)
    __rt_memclr                              0x08009ea5   Thumb Code    68  rt_memclr.o(.text)
    _memset                                  0x08009ea9   Thumb Code     0  rt_memclr.o(.text)
    __aeabi_memclr4                          0x08009ee9   Thumb Code     0  rt_memclr_w.o(.text)
    __aeabi_memclr8                          0x08009ee9   Thumb Code     0  rt_memclr_w.o(.text)
    __rt_memclr_w                            0x08009ee9   Thumb Code    78  rt_memclr_w.o(.text)
    _memset_w                                0x08009eed   Thumb Code     0  rt_memclr_w.o(.text)
    __use_two_region_memory                  0x08009f37   Thumb Code     2  heapauxi.o(.text)
    __rt_heap_escrow$2region                 0x08009f39   Thumb Code     2  heapauxi.o(.text)
    __rt_heap_expand$2region                 0x08009f3b   Thumb Code     2  heapauxi.o(.text)
    __I$use$semihosting                      0x08009f3d   Thumb Code     0  use_no_semi.o(.text)
    __use_no_semihosting_swi                 0x08009f3d   Thumb Code     2  use_no_semi.o(.text)
    __aeabi_errno_addr                       0x08009f41   Thumb Code     8  rt_errno_addr_intlibspace.o(.text)
    __errno$intlibspace                      0x08009f41   Thumb Code     0  rt_errno_addr_intlibspace.o(.text)
    __rt_errno_addr$intlibspace              0x08009f41   Thumb Code     0  rt_errno_addr_intlibspace.o(.text)
    __read_errno                             0x08009f49   Thumb Code    10  _rserrno.o(.text)
    __set_errno                              0x08009f53   Thumb Code    12  _rserrno.o(.text)
    _printf_int_common                       0x08009f5f   Thumb Code   178  _printf_intcommon.o(.text)
    __lib_sel_fp_printf                      0x0800a011   Thumb Code     2  _printf_fp_dec.o(.text)
    _printf_fp_dec_real                      0x0800a1bf   Thumb Code   620  _printf_fp_dec.o(.text)
    _printf_char_common                      0x0800a437   Thumb Code    32  _printf_char_common.o(.text)
    _sputc                                   0x0800a45d   Thumb Code    10  _sputc.o(.text)
    _printf_cs_common                        0x0800a467   Thumb Code    20  _printf_char.o(.text)
    _printf_char                             0x0800a47b   Thumb Code    16  _printf_char.o(.text)
    _printf_string                           0x0800a48b   Thumb Code     8  _printf_char.o(.text)
    _printf_char_file                        0x0800a495   Thumb Code    32  _printf_char_file.o(.text)
    __strtod_int                             0x0800a4f5   Thumb Code    88  strtod.o(.text)
    strtol                                   0x0800a559   Thumb Code   112  strtol.o(.text)
    __aeabi_memcpy4                          0x0800a5c9   Thumb Code     0  rt_memcpy_w.o(.text)
    __aeabi_memcpy8                          0x0800a5c9   Thumb Code     0  rt_memcpy_w.o(.text)
    __rt_memcpy_w                            0x0800a5c9   Thumb Code   100  rt_memcpy_w.o(.text)
    _memcpy_lastbytes_aligned                0x0800a611   Thumb Code     0  rt_memcpy_w.o(.text)
    __user_libspace                          0x0800a62d   Thumb Code     8  libspace.o(.text)
    __user_perproc_libspace                  0x0800a62d   Thumb Code     0  libspace.o(.text)
    __user_perthread_libspace                0x0800a62d   Thumb Code     0  libspace.o(.text)
    __rt_ctype_table                         0x0800a635   Thumb Code    16  rt_ctype_table.o(.text)
    __rt_locale                              0x0800a645   Thumb Code     8  rt_locale_intlibspace.o(.text)
    _ll_udiv10                               0x0800a64d   Thumb Code   138  lludiv10.o(.text)
    isspace                                  0x0800a6d7   Thumb Code    18  isspace.o(.text)
    _printf_fp_infnan                        0x0800a6e9   Thumb Code   112  _printf_fp_infnan.o(.text)
    _sgetc                                   0x0800a769   Thumb Code    30  _sgetc.o(.text)
    _sbackspace                              0x0800a787   Thumb Code    34  _sgetc.o(.text)
    _strtoul                                 0x0800a7a9   Thumb Code   158  _strtoul.o(.text)
    _btod_etento                             0x0800a849   Thumb Code   216  bigflt0.o(.text)
    ferror                                   0x0800a925   Thumb Code     8  ferror.o(.text)
    __user_setup_stackheap                   0x0800a92d   Thumb Code    74  sys_stackheap_outer.o(.text)
    _chval                                   0x0800a977   Thumb Code    28  _chval.o(.text)
    _scanf_really_real                       0x0800ab91   Thumb Code   668  scanf_fp.o(.text)
    exit                                     0x0800ae39   Thumb Code    12  exit.o(.text)
    strcmp                                   0x0800ae45   Thumb Code   128  strcmpv7m.o(.text)
    _scanf_really_hex_real                   0x0800aec5   Thumb Code   778  scanf_hexfp.o(.text)
    _scanf_really_infnan                     0x0800b1dd   Thumb Code   292  scanf_infnan.o(.text)
    __aeabi_llsl                             0x0800b311   Thumb Code     0  llshl.o(.text)
    _ll_shift_l                              0x0800b311   Thumb Code    38  llshl.o(.text)
    _btod_d2e                                0x0800b337   Thumb Code    62  btod.o(CL$$btod_d2e)
    _d2e_denorm_low                          0x0800b375   Thumb Code    70  btod.o(CL$$btod_d2e_denorm_low)
    _d2e_norm_op1                            0x0800b3bb   Thumb Code    96  btod.o(CL$$btod_d2e_norm_op1)
    __btod_div_common                        0x0800b41b   Thumb Code   696  btod.o(CL$$btod_div_common)
    _e2d                                     0x0800b755   Thumb Code    80  btod.o(CL$$btod_e2d)
    _e2e                                     0x0800b7a9   Thumb Code   198  btod.o(CL$$btod_e2e)
    _btod_ediv                               0x0800b86f   Thumb Code    40  btod.o(CL$$btod_ediv)
    _btod_edivd                              0x0800b897   Thumb Code    40  btod.o(CL$$btod_edivd)
    _btod_emul                               0x0800b8bf   Thumb Code    40  btod.o(CL$$btod_emul)
    _btod_emuld                              0x0800b8e7   Thumb Code    40  btod.o(CL$$btod_emuld)
    __btod_mult_common                       0x0800b90f   Thumb Code   580  btod.o(CL$$btod_mult_common)
    __ARM_fpclassify                         0x0800bb53   Thumb Code    40  fpclassify.o(i.__ARM_fpclassify)
    __kernel_poly                            0x0800bb7b   Thumb Code   170  poly.o(i.__kernel_poly)
    __mathlib_dbl_divzero                    0x0800bc25   Thumb Code    12  dunder.o(i.__mathlib_dbl_divzero)
    __mathlib_dbl_infnan2                    0x0800bc35   Thumb Code     4  dunder.o(i.__mathlib_dbl_infnan2)
    __mathlib_dbl_invalid                    0x0800bc39   Thumb Code    12  dunder.o(i.__mathlib_dbl_invalid)
    __mathlib_dbl_overflow                   0x0800bc45   Thumb Code    14  dunder.o(i.__mathlib_dbl_overflow)
    __mathlib_dbl_underflow                  0x0800bc55   Thumb Code    10  dunder.o(i.__mathlib_dbl_underflow)
    __mathlib_narrow                         0x0800bc65   Thumb Code    16  narrow.o(i.__mathlib_narrow)
    __mathlib_tofloat                        0x0800bc75   Thumb Code   132  narrow.o(i.__mathlib_tofloat)
    __support_ldexp                          0x0800bcfd   Thumb Code    22  ldexp.o(i.__support_ldexp)
    _is_digit                                0x0800bd13   Thumb Code    14  __printf_wp.o(i._is_digit)
    atof                                     0x0800bd21   Thumb Code    42  atof.o(i.atof)
    frexp                                    0x0800bd4d   Thumb Code    80  frexp.o(i.frexp)
    ldexp                                    0x0800bda5   Thumb Code   116  ldexp.o(i.ldexp)
    pow                                      0x0800be19   Thumb Code  2478  pow.o(i.pow)
    sqrt                                     0x0800c7d1   Thumb Code    76  sqrt.o(i.sqrt)
    _get_lc_numeric                          0x0800c81d   Thumb Code    44  lc_numeric_c.o(locale$$code)
    _get_lc_ctype                            0x0800c849   Thumb Code    44  lc_ctype_c.o(locale$$code)
    __aeabi_d2f                              0x0800c875   Thumb Code     0  d2f.o(x$fpl$d2f)
    _d2f                                     0x0800c875   Thumb Code    98  d2f.o(x$fpl$d2f)
    __aeabi_dadd                             0x0800c8d9   Thumb Code     0  daddsub_clz.o(x$fpl$dadd)
    _dadd                                    0x0800c8d9   Thumb Code   332  daddsub_clz.o(x$fpl$dadd)
    __fpl_dcheck_NaN1                        0x0800ca29   Thumb Code    10  dcheck1.o(x$fpl$dcheck1)
    __fpl_dcmp_Inf                           0x0800ca39   Thumb Code    24  dcmpi.o(x$fpl$dcmpinf)
    __aeabi_ddiv                             0x0800ca51   Thumb Code     0  ddiv.o(x$fpl$ddiv)
    _ddiv                                    0x0800ca51   Thumb Code   552  ddiv.o(x$fpl$ddiv)
    __aeabi_cdcmpeq                          0x0800cd01   Thumb Code     0  deqf.o(x$fpl$deqf)
    _dcmpeq                                  0x0800cd01   Thumb Code   120  deqf.o(x$fpl$deqf)
    __aeabi_d2iz                             0x0800cd79   Thumb Code     0  dfix.o(x$fpl$dfix)
    _dfix                                    0x0800cd79   Thumb Code    94  dfix.o(x$fpl$dfix)
    __aeabi_i2d                              0x0800cdd7   Thumb Code     0  dflt_clz.o(x$fpl$dflt)
    _dflt                                    0x0800cdd7   Thumb Code    46  dflt_clz.o(x$fpl$dflt)
    __aeabi_cdcmple                          0x0800ce05   Thumb Code     0  dleqf.o(x$fpl$dleqf)
    _dcmple                                  0x0800ce05   Thumb Code   120  dleqf.o(x$fpl$dleqf)
    __fpl_dcmple_InfNaN                      0x0800ce67   Thumb Code     0  dleqf.o(x$fpl$dleqf)
    __aeabi_dmul                             0x0800ce7d   Thumb Code     0  dmul.o(x$fpl$dmul)
    _dmul                                    0x0800ce7d   Thumb Code   332  dmul.o(x$fpl$dmul)
    __fpl_dnaninf                            0x0800cfd1   Thumb Code   156  dnaninf.o(x$fpl$dnaninf)
    __fpl_dretinf                            0x0800d06d   Thumb Code    12  dretinf.o(x$fpl$dretinf)
    __aeabi_cdrcmple                         0x0800d079   Thumb Code     0  drleqf.o(x$fpl$drleqf)
    _drcmple                                 0x0800d079   Thumb Code   108  drleqf.o(x$fpl$drleqf)
    __aeabi_drsub                            0x0800d0e5   Thumb Code     0  daddsub_clz.o(x$fpl$drsb)
    _drsb                                    0x0800d0e5   Thumb Code    22  daddsub_clz.o(x$fpl$drsb)
    _dsqrt                                   0x0800d0fd   Thumb Code   456  dsqrt_noumaal.o(x$fpl$dsqrt)
    __aeabi_dsub                             0x0800d2c9   Thumb Code     0  daddsub_clz.o(x$fpl$dsub)
    _dsub                                    0x0800d2c9   Thumb Code   464  daddsub_clz.o(x$fpl$dsub)
    __aeabi_f2d                              0x0800d49d   Thumb Code     0  f2d.o(x$fpl$f2d)
    _f2d                                     0x0800d49d   Thumb Code    86  f2d.o(x$fpl$f2d)
    __aeabi_i2f                              0x0800d4f5   Thumb Code     0  fflt_clz.o(x$fpl$fflt)
    _fflt                                    0x0800d4f5   Thumb Code    48  fflt_clz.o(x$fpl$fflt)
    __fpl_fnaninf                            0x0800d525   Thumb Code   140  fnaninf.o(x$fpl$fnaninf)
    __fpl_fretinf                            0x0800d5b1   Thumb Code    10  fretinf.o(x$fpl$fretinf)
    _printf_fp_dec                           0x0800d5bb   Thumb Code     4  printf1.o(x$fpl$printf1)
    __fpl_return_NaN                         0x0800d5bf   Thumb Code   100  retnan.o(x$fpl$retnan)
    __ARM_scalbn                             0x0800d623   Thumb Code    92  scalbn.o(x$fpl$scalbn)
    _scanf_real                              0x0800d67f   Thumb Code     4  scanf1.o(x$fpl$scanf1)
    _scanf_hex_real                          0x0800d683   Thumb Code     4  scanf2.o(x$fpl$scanf2)
    _scanf_infnan                            0x0800d687   Thumb Code     4  scanf2.o(x$fpl$scanf2)
    __fpl_cmpreturn                          0x0800d68b   Thumb Code    48  trapv.o(x$fpl$trapveneer)
    __I$use$fp                               0x0800d6ba   Number         0  usenofp.o(x$fpl$usenofp)
    __mathlib_zero                           0x0800d780   Data           8  qnan.o(.constdata)
    Region$$Table$$Base                      0x0800d848   Number         0  anon$$obj.o(Region$$Table)
    Region$$Table$$Limit                     0x0800d868   Number         0  anon$$obj.o(Region$$Table)
    __aeabi_HUGE_VAL                         0x0800d868   Data           0  fpconst.o(c$$dinf)
    __aeabi_HUGE_VALL                        0x0800d868   Data           0  fpconst.o(c$$dinf)
    __aeabi_INFINITY                         0x0800d868   Data           0  fpconst.o(c$$dinf)
    __dInf                                   0x0800d868   Data           0  fpconst.o(c$$dinf)
    __huge_val                               0x0800d868   Data           0  fpconst.o(c$$dinf)
    __ctype                                  0x0800d899   Data           0  lc_ctype_c.o(locale$$data)
    SystemCoreClock                          0x20000000   Data           4  system_stm32f10x.o(.data)
    AHBPrescTable                            0x20000004   Data          16  system_stm32f10x.o(.data)
    point1                                   0x20000014   Data           2  gps.o(.data)
    AC1                                      0x20000018   Data           2  bmp.o(.data)
    AC2                                      0x2000001a   Data           2  bmp.o(.data)
    AC3                                      0x2000001c   Data           2  bmp.o(.data)
    AC4                                      0x2000001e   Data           2  bmp.o(.data)
    AC5                                      0x20000020   Data           2  bmp.o(.data)
    AC6                                      0x20000022   Data           2  bmp.o(.data)
    B1                                       0x20000024   Data           2  bmp.o(.data)
    B2                                       0x20000026   Data           2  bmp.o(.data)
    MB                                       0x20000028   Data           2  bmp.o(.data)
    MC                                       0x2000002a   Data           2  bmp.o(.data)
    MD                                       0x2000002c   Data           2  bmp.o(.data)
    BMPUP                                    0x20000030   Data           4  bmp.o(.data)
    BMPUT                                    0x20000034   Data           4  bmp.o(.data)
    True_Temp                                0x20000038   Data           4  bmp.o(.data)
    True_Press                               0x2000003c   Data           4  bmp.o(.data)
    True_Altitude                            0x20000040   Data           4  bmp.o(.data)
    SIM_First_Int                            0x20000044   Data           1  sim.o(.data)
    ip_string                                0x2000004c   Data           4  sim.o(.data)
    CT                                       0x20000050   Data           2  rc522.o(.data)
    SN                                       0x20000052   Data           4  rc522.o(.data)
    KEY                                      0x20000056   Data           6  rc522.o(.data)
    __stdout                                 0x20000060   Data           4  usart.o(.data)
    Main_Flag                                0x20000065   Data           1  time.o(.data)
    LED_Flag                                 0x20000066   Data           1  time.o(.data)
    can_send_buf                             0x2000007c   Data           9  main.o(.bss)
    Save_Data                                0x20000085   Data         121  gps.o(.bss)
    USART_RX_BUF                             0x200000fe   Data         200  gps.o(.bss)
    gpsbuf                                   0x200001c6   Data          30  gps.o(.bss)
    SIM_Buf                                  0x200001e4   Data         200  sim.o(.bss)
    RFID_ID                                  0x200002ac   Data          16  rc522.o(.bss)
    __libspace_start                         0x200002bc   Data          96  libspace.o(.bss)
    __temporary_stack_top$libspace           0x2000031c   Data           0  libspace.o(.bss)



==============================================================================

Memory Map of the image

  Image Entry point : 0x08000131

  Load Region LR_IROM1 (Base: 0x08000000, Size: 0x0000da18, Max: 0x00080000, ABSOLUTE)

    Execution Region ER_IROM1 (Base: 0x08000000, Size: 0x0000d99c, Max: 0x00080000, ABSOLUTE)

    Base Addr    Size         Type   Attr      Idx    E Section Name        Object

    0x08000000   0x00000130   Data   RO          514    RESET               startup_stm32f10x_hd.o
    0x08000130   0x00000008   Code   RO          703  * !!!main             c_w.l(__main.o)
    0x08000138   0x00000034   Code   RO         1154    !!!scatter          c_w.l(__scatter.o)
    0x0800016c   0x0000001a   Code   RO         1156    !!handler_copy      c_w.l(__scatter_copy.o)
    0x08000186   0x00000002   PAD
    0x08000188   0x0000001c   Code   RO         1158    !!handler_zi        c_w.l(__scatter_zi.o)
    0x080001a4   0x00000000   Code   RO          684    .ARM.Collect$$_printf_percent$$00000000  c_w.l(_printf_percent.o)
    0x080001a4   0x00000006   Code   RO          683    .ARM.Collect$$_printf_percent$$00000003  c_w.l(_printf_f.o)
    0x080001aa   0x00000006   Code   RO          682    .ARM.Collect$$_printf_percent$$00000009  c_w.l(_printf_d.o)
    0x080001b0   0x00000006   Code   RO          681    .ARM.Collect$$_printf_percent$$0000000C  c_w.l(_printf_x.o)
    0x080001b6   0x00000006   Code   RO          680    .ARM.Collect$$_printf_percent$$00000014  c_w.l(_printf_s.o)
    0x080001bc   0x00000004   Code   RO          821    .ARM.Collect$$_printf_percent$$00000017  c_w.l(_printf_percent_end.o)
    0x080001c0   0x00000002   Code   RO          983    .ARM.Collect$$libinit$$00000000  c_w.l(libinit.o)
    0x080001c2   0x00000000   Code   RO          985    .ARM.Collect$$libinit$$00000002  c_w.l(libinit2.o)
    0x080001c2   0x00000000   Code   RO          987    .ARM.Collect$$libinit$$00000004  c_w.l(libinit2.o)
    0x080001c2   0x00000000   Code   RO          990    .ARM.Collect$$libinit$$0000000A  c_w.l(libinit2.o)
    0x080001c2   0x00000000   Code   RO          992    .ARM.Collect$$libinit$$0000000C  c_w.l(libinit2.o)
    0x080001c2   0x00000000   Code   RO          994    .ARM.Collect$$libinit$$0000000E  c_w.l(libinit2.o)
    0x080001c2   0x00000006   Code   RO          995    .ARM.Collect$$libinit$$0000000F  c_w.l(libinit2.o)
    0x080001c8   0x00000000   Code   RO          997    .ARM.Collect$$libinit$$00000011  c_w.l(libinit2.o)
    0x080001c8   0x0000000c   Code   RO          998    .ARM.Collect$$libinit$$00000012  c_w.l(libinit2.o)
    0x080001d4   0x00000000   Code   RO          999    .ARM.Collect$$libinit$$00000013  c_w.l(libinit2.o)
    0x080001d4   0x00000000   Code   RO         1001    .ARM.Collect$$libinit$$00000015  c_w.l(libinit2.o)
    0x080001d4   0x0000000a   Code   RO         1002    .ARM.Collect$$libinit$$00000016  c_w.l(libinit2.o)
    0x080001de   0x00000000   Code   RO         1003    .ARM.Collect$$libinit$$00000017  c_w.l(libinit2.o)
    0x080001de   0x00000000   Code   RO         1005    .ARM.Collect$$libinit$$00000019  c_w.l(libinit2.o)
    0x080001de   0x00000000   Code   RO         1007    .ARM.Collect$$libinit$$0000001B  c_w.l(libinit2.o)
    0x080001de   0x00000000   Code   RO         1009    .ARM.Collect$$libinit$$0000001D  c_w.l(libinit2.o)
    0x080001de   0x00000000   Code   RO         1011    .ARM.Collect$$libinit$$0000001F  c_w.l(libinit2.o)
    0x080001de   0x00000000   Code   RO         1013    .ARM.Collect$$libinit$$00000021  c_w.l(libinit2.o)
    0x080001de   0x00000000   Code   RO         1015    .ARM.Collect$$libinit$$00000023  c_w.l(libinit2.o)
    0x080001de   0x00000000   Code   RO         1017    .ARM.Collect$$libinit$$00000025  c_w.l(libinit2.o)
    0x080001de   0x00000000   Code   RO         1021    .ARM.Collect$$libinit$$0000002C  c_w.l(libinit2.o)
    0x080001de   0x00000000   Code   RO         1023    .ARM.Collect$$libinit$$0000002E  c_w.l(libinit2.o)
    0x080001de   0x00000000   Code   RO         1025    .ARM.Collect$$libinit$$00000030  c_w.l(libinit2.o)
    0x080001de   0x00000000   Code   RO         1027    .ARM.Collect$$libinit$$00000032  c_w.l(libinit2.o)
    0x080001de   0x00000002   Code   RO         1028    .ARM.Collect$$libinit$$00000033  c_w.l(libinit2.o)
    0x080001e0   0x00000002   Code   RO         1103    .ARM.Collect$$libshutdown$$00000000  c_w.l(libshutdown.o)
    0x080001e2   0x00000000   Code   RO         1125    .ARM.Collect$$libshutdown$$00000003  c_w.l(libshutdown2.o)
    0x080001e2   0x00000000   Code   RO         1128    .ARM.Collect$$libshutdown$$00000006  c_w.l(libshutdown2.o)
    0x080001e2   0x00000000   Code   RO         1131    .ARM.Collect$$libshutdown$$00000009  c_w.l(libshutdown2.o)
    0x080001e2   0x00000000   Code   RO         1133    .ARM.Collect$$libshutdown$$0000000B  c_w.l(libshutdown2.o)
    0x080001e2   0x00000000   Code   RO         1136    .ARM.Collect$$libshutdown$$0000000E  c_w.l(libshutdown2.o)
    0x080001e2   0x00000002   Code   RO         1137    .ARM.Collect$$libshutdown$$0000000F  c_w.l(libshutdown2.o)
    0x080001e4   0x00000000   Code   RO          799    .ARM.Collect$$rtentry$$00000000  c_w.l(__rtentry.o)
    0x080001e4   0x00000000   Code   RO          884    .ARM.Collect$$rtentry$$00000002  c_w.l(__rtentry2.o)
    0x080001e4   0x00000006   Code   RO          896    .ARM.Collect$$rtentry$$00000004  c_w.l(__rtentry4.o)
    0x080001ea   0x00000000   Code   RO          886    .ARM.Collect$$rtentry$$00000009  c_w.l(__rtentry2.o)
    0x080001ea   0x00000004   Code   RO          887    .ARM.Collect$$rtentry$$0000000A  c_w.l(__rtentry2.o)
    0x080001ee   0x00000000   Code   RO          889    .ARM.Collect$$rtentry$$0000000C  c_w.l(__rtentry2.o)
    0x080001ee   0x00000008   Code   RO          890    .ARM.Collect$$rtentry$$0000000D  c_w.l(__rtentry2.o)
    0x080001f6   0x00000002   Code   RO         1033    .ARM.Collect$$rtexit$$00000000  c_w.l(rtexit.o)
    0x080001f8   0x00000000   Code   RO         1061    .ARM.Collect$$rtexit$$00000002  c_w.l(rtexit2.o)
    0x080001f8   0x00000004   Code   RO         1062    .ARM.Collect$$rtexit$$00000003  c_w.l(rtexit2.o)
    0x080001fc   0x00000006   Code   RO         1063    .ARM.Collect$$rtexit$$00000004  c_w.l(rtexit2.o)
    0x08000202   0x00000002   PAD
    0x08000204   0x000002bc   Code   RO            1    .text               main.o
    0x080004c0   0x0000001a   Code   RO          157    .text               stm32f10x_it.o
    0x080004da   0x00000002   PAD
    0x080004dc   0x000001e0   Code   RO          198    .text               system_stm32f10x.o
    0x080006bc   0x00000030   Code   RO          216    .text               led.o
    0x080006ec   0x00000324   Code   RO          241    .text               gps.o
    0x08000a10   0x000002ec   Code   RO          260    .text               bmp.o
    0x08000cfc   0x000004b0   Code   RO          283    .text               sim.o
    0x080011ac   0x00000918   Code   RO          300    .text               rc522.o
    0x08001ac4   0x000000be   Code   RO          389    .text               sound.o
    0x08001b82   0x00000002   PAD
    0x08001b84   0x000000d4   Code   RO          401    .text               delay.o
    0x08001c58   0x00000424   Code   RO          432    .text               usart.o
    0x0800207c   0x000003b0   Code   RO          460    .text               iic.o
    0x0800242c   0x000000a8   Code   RO          472    .text               time.o
    0x080024d4   0x00000170   Code   RO          490    .text               can.o
    0x08002644   0x00000040   Code   RO          515    .text               startup_stm32f10x_hd.o
    0x08002684   0x000001d4   Code   RO          519    .text               misc.o
    0x08002858   0x00000a6c   Code   RO          531    .text               stm32f10x_gpio.o
    0x080032c4   0x00000830   Code   RO          543    .text               stm32f10x_rcc.o
    0x08003af4   0x00000db0   Code   RO          557    .text               stm32f10x_usart.o
    0x080048a4   0x0000376c   Code   RO          581    .text               stm32f10x_tim.o
    0x08008010   0x00000978   Code   RO          593    .text               stm32f10x_spi.o
    0x08008988   0x00001120   Code   RO          605    .text               stm32f10x_can.o
    0x08009aa8   0x00000002   Code   RO          619    .text               c_w.l(use_no_semi_2.o)
    0x08009aaa   0x00000002   PAD
    0x08009aac   0x00000018   Code   RO          627    .text               c_w.l(noretval__2printf.o)
    0x08009ac4   0x00000028   Code   RO          629    .text               c_w.l(noretval__2sprintf.o)
    0x08009aec   0x0000004e   Code   RO          633    .text               c_w.l(_printf_pad.o)
    0x08009b3a   0x00000052   Code   RO          635    .text               c_w.l(_printf_str.o)
    0x08009b8c   0x00000078   Code   RO          637    .text               c_w.l(_printf_dec.o)
    0x08009c04   0x00000058   Code   RO          642    .text               c_w.l(_printf_hex_int.o)
    0x08009c5c   0x00000138   Code   RO          672    .text               c_w.l(__printf_flags_wp.o)
    0x08009d94   0x0000001a   Code   RO          685    .text               c_w.l(atoi.o)
    0x08009dae   0x00000024   Code   RO          687    .text               c_w.l(strstr.o)
    0x08009dd2   0x00000048   Code   RO          691    .text               c_w.l(strcpy.o)
    0x08009e1a   0x0000008a   Code   RO          693    .text               c_w.l(rt_memcpy_v6.o)
    0x08009ea4   0x00000044   Code   RO          697    .text               c_w.l(rt_memclr.o)
    0x08009ee8   0x0000004e   Code   RO          699    .text               c_w.l(rt_memclr_w.o)
    0x08009f36   0x00000006   Code   RO          701    .text               c_w.l(heapauxi.o)
    0x08009f3c   0x00000002   Code   RO          797    .text               c_w.l(use_no_semi.o)
    0x08009f3e   0x00000002   PAD
    0x08009f40   0x00000008   Code   RO          803    .text               c_w.l(rt_errno_addr_intlibspace.o)
    0x08009f48   0x00000016   Code   RO          807    .text               c_w.l(_rserrno.o)
    0x08009f5e   0x000000b2   Code   RO          809    .text               c_w.l(_printf_intcommon.o)
    0x0800a010   0x0000041a   Code   RO          811    .text               c_w.l(_printf_fp_dec.o)
    0x0800a42a   0x00000002   PAD
    0x0800a42c   0x00000030   Code   RO          813    .text               c_w.l(_printf_char_common.o)
    0x0800a45c   0x0000000a   Code   RO          815    .text               c_w.l(_sputc.o)
    0x0800a466   0x0000002c   Code   RO          817    .text               c_w.l(_printf_char.o)
    0x0800a492   0x00000002   PAD
    0x0800a494   0x00000024   Code   RO          819    .text               c_w.l(_printf_char_file.o)
    0x0800a4b8   0x000000a0   Code   RO          822    .text               c_w.l(strtod.o)
    0x0800a558   0x00000070   Code   RO          824    .text               c_w.l(strtol.o)
    0x0800a5c8   0x00000064   Code   RO          826    .text               c_w.l(rt_memcpy_w.o)
    0x0800a62c   0x00000008   Code   RO          880    .text               c_w.l(libspace.o)
    0x0800a634   0x00000010   Code   RO          898    .text               c_w.l(rt_ctype_table.o)
    0x0800a644   0x00000008   Code   RO          907    .text               c_w.l(rt_locale_intlibspace.o)
    0x0800a64c   0x0000008a   Code   RO          909    .text               c_w.l(lludiv10.o)
    0x0800a6d6   0x00000012   Code   RO          911    .text               c_w.l(isspace.o)
    0x0800a6e8   0x00000080   Code   RO          913    .text               c_w.l(_printf_fp_infnan.o)
    0x0800a768   0x00000040   Code   RO          917    .text               c_w.l(_sgetc.o)
    0x0800a7a8   0x0000009e   Code   RO          919    .text               c_w.l(_strtoul.o)
    0x0800a846   0x00000002   PAD
    0x0800a848   0x000000dc   Code   RO          921    .text               c_w.l(bigflt0.o)
    0x0800a924   0x00000008   Code   RO          946    .text               c_w.l(ferror.o)
    0x0800a92c   0x0000004a   Code   RO          963    .text               c_w.l(sys_stackheap_outer.o)
    0x0800a976   0x0000001c   Code   RO          967    .text               c_w.l(_chval.o)
    0x0800a992   0x00000002   PAD
    0x0800a994   0x000004a4   Code   RO          969    .text               c_w.l(scanf_fp.o)
    0x0800ae38   0x0000000c   Code   RO          974    .text               c_w.l(exit.o)
    0x0800ae44   0x00000080   Code   RO          976    .text               c_w.l(strcmpv7m.o)
    0x0800aec4   0x00000318   Code   RO         1069    .text               c_w.l(scanf_hexfp.o)
    0x0800b1dc   0x00000134   Code   RO         1071    .text               c_w.l(scanf_infnan.o)
    0x0800b310   0x00000026   Code   RO         1091    .text               c_w.l(llshl.o)
    0x0800b336   0x0000003e   Code   RO          924    CL$$btod_d2e        c_w.l(btod.o)
    0x0800b374   0x00000046   Code   RO          926    CL$$btod_d2e_denorm_low  c_w.l(btod.o)
    0x0800b3ba   0x00000060   Code   RO          925    CL$$btod_d2e_norm_op1  c_w.l(btod.o)
    0x0800b41a   0x00000338   Code   RO          934    CL$$btod_div_common  c_w.l(btod.o)
    0x0800b752   0x00000002   PAD
    0x0800b754   0x00000054   Code   RO          932    CL$$btod_e2d        c_w.l(btod.o)
    0x0800b7a8   0x000000c6   Code   RO          931    CL$$btod_e2e        c_w.l(btod.o)
    0x0800b86e   0x00000028   Code   RO          928    CL$$btod_ediv       c_w.l(btod.o)
    0x0800b896   0x00000028   Code   RO          930    CL$$btod_edivd      c_w.l(btod.o)
    0x0800b8be   0x00000028   Code   RO          927    CL$$btod_emul       c_w.l(btod.o)
    0x0800b8e6   0x00000028   Code   RO          929    CL$$btod_emuld      c_w.l(btod.o)
    0x0800b90e   0x00000244   Code   RO          933    CL$$btod_mult_common  c_w.l(btod.o)
    0x0800bb52   0x00000028   Code   RO          867    i.__ARM_fpclassify  m_ws.l(fpclassify.o)
    0x0800bb7a   0x000000aa   Code   RO          869    i.__kernel_poly     m_ws.l(poly.o)
    0x0800bc24   0x00000010   Code   RO          853    i.__mathlib_dbl_divzero  m_ws.l(dunder.o)
    0x0800bc34   0x00000004   Code   RO          855    i.__mathlib_dbl_infnan2  m_ws.l(dunder.o)
    0x0800bc38   0x0000000c   Code   RO          856    i.__mathlib_dbl_invalid  m_ws.l(dunder.o)
    0x0800bc44   0x0000000e   Code   RO          857    i.__mathlib_dbl_overflow  m_ws.l(dunder.o)
    0x0800bc52   0x00000002   PAD
    0x0800bc54   0x00000010   Code   RO          859    i.__mathlib_dbl_underflow  m_ws.l(dunder.o)
    0x0800bc64   0x00000010   Code   RO         1054    i.__mathlib_narrow  m_ws.l(narrow.o)
    0x0800bc74   0x00000088   Code   RO         1055    i.__mathlib_tofloat  m_ws.l(narrow.o)
    0x0800bcfc   0x00000016   Code   RO         1105    i.__support_ldexp   m_ws.l(ldexp.o)
    0x0800bd12   0x0000000e   Code   RO          670    i._is_digit         c_w.l(__printf_wp.o)
    0x0800bd20   0x0000002a   Code   RO          784    i.atof              m_ws.l(atof.o)
    0x0800bd4a   0x00000002   PAD
    0x0800bd4c   0x00000058   Code   RO         1084    i.frexp             m_ws.l(frexp.o)
    0x0800bda4   0x00000074   Code   RO         1106    i.ldexp             m_ws.l(ldexp.o)
    0x0800be18   0x000009b8   Code   RO          788    i.pow               m_ws.l(pow.o)
    0x0800c7d0   0x0000004c   Code   RO          873    i.sqrt              m_ws.l(sqrt.o)
    0x0800c81c   0x0000002c   Code   RO          951    locale$$code        c_w.l(lc_numeric_c.o)
    0x0800c848   0x0000002c   Code   RO          972    locale$$code        c_w.l(lc_ctype_c.o)
    0x0800c874   0x00000062   Code   RO          705    x$fpl$d2f           fz_ws.l(d2f.o)
    0x0800c8d6   0x00000002   PAD
    0x0800c8d8   0x00000150   Code   RO          707    x$fpl$dadd          fz_ws.l(daddsub_clz.o)
    0x0800ca28   0x00000010   Code   RO          953    x$fpl$dcheck1       fz_ws.l(dcheck1.o)
    0x0800ca38   0x00000018   Code   RO         1029    x$fpl$dcmpinf       fz_ws.l(dcmpi.o)
    0x0800ca50   0x000002b0   Code   RO          714    x$fpl$ddiv          fz_ws.l(ddiv.o)
    0x0800cd00   0x00000078   Code   RO         1081    x$fpl$deqf          fz_ws.l(deqf.o)
    0x0800cd78   0x0000005e   Code   RO          717    x$fpl$dfix          fz_ws.l(dfix.o)
    0x0800cdd6   0x0000002e   Code   RO          722    x$fpl$dflt          fz_ws.l(dflt_clz.o)
    0x0800ce04   0x00000078   Code   RO          955    x$fpl$dleqf         fz_ws.l(dleqf.o)
    0x0800ce7c   0x00000154   Code   RO          727    x$fpl$dmul          fz_ws.l(dmul.o)
    0x0800cfd0   0x0000009c   Code   RO          828    x$fpl$dnaninf       fz_ws.l(dnaninf.o)
    0x0800d06c   0x0000000c   Code   RO          830    x$fpl$dretinf       fz_ws.l(dretinf.o)
    0x0800d078   0x0000006c   Code   RO          832    x$fpl$drleqf        fz_ws.l(drleqf.o)
    0x0800d0e4   0x00000016   Code   RO          708    x$fpl$drsb          fz_ws.l(daddsub_clz.o)
    0x0800d0fa   0x00000002   PAD
    0x0800d0fc   0x000001cc   Code   RO          957    x$fpl$dsqrt         fz_ws.l(dsqrt_noumaal.o)
    0x0800d2c8   0x000001d4   Code   RO          709    x$fpl$dsub          fz_ws.l(daddsub_clz.o)
    0x0800d49c   0x00000056   Code   RO          729    x$fpl$f2d           fz_ws.l(f2d.o)
    0x0800d4f2   0x00000002   PAD
    0x0800d4f4   0x00000030   Code   RO          752    x$fpl$fflt          fz_ws.l(fflt_clz.o)
    0x0800d524   0x0000008c   Code   RO          836    x$fpl$fnaninf       fz_ws.l(fnaninf.o)
    0x0800d5b0   0x0000000a   Code   RO          838    x$fpl$fretinf       fz_ws.l(fretinf.o)
    0x0800d5ba   0x00000004   Code   RO          763    x$fpl$printf1       fz_ws.l(printf1.o)
    0x0800d5be   0x00000064   Code   RO         1031    x$fpl$retnan        fz_ws.l(retnan.o)
    0x0800d622   0x0000005c   Code   RO          840    x$fpl$scalbn        fz_ws.l(scalbn.o)
    0x0800d67e   0x00000004   Code   RO          961    x$fpl$scanf1        fz_ws.l(scanf1.o)
    0x0800d682   0x00000008   Code   RO         1046    x$fpl$scanf2        fz_ws.l(scanf2.o)
    0x0800d68a   0x00000030   Code   RO         1052    x$fpl$trapveneer    fz_ws.l(trapv.o)
    0x0800d6ba   0x00000000   Code   RO          842    x$fpl$usenofp       fz_ws.l(usenofp.o)
    0x0800d6ba   0x00000028   Data   RO          643    .constdata          c_w.l(_printf_hex_int.o)
    0x0800d6e2   0x00000011   Data   RO          673    .constdata          c_w.l(__printf_flags_wp.o)
    0x0800d6f3   0x00000005   PAD
    0x0800d6f8   0x00000088   Data   RO          789    .constdata          m_ws.l(pow.o)
    0x0800d780   0x00000008   Data   RO          871    .constdata          m_ws.l(qnan.o)
    0x0800d788   0x00000094   Data   RO          922    .constdata          c_w.l(bigflt0.o)
    0x0800d81c   0x0000002b   Data   RO          285    .conststring        sim.o
    0x0800d847   0x00000001   PAD
    0x0800d848   0x00000020   Data   RO         1152    Region$$Table       anon$$obj.o
    0x0800d868   0x00000008   Data   RO         1041    c$$dinf             fz_ws.l(fpconst.o)
    0x0800d870   0x0000001c   Data   RO          950    locale$$data        c_w.l(lc_numeric_c.o)
    0x0800d88c   0x00000110   Data   RO          971    locale$$data        c_w.l(lc_ctype_c.o)


    Execution Region RW_IRAM1 (Base: 0x20000000, Size: 0x00000920, Max: 0x00010000, ABSOLUTE)

    Base Addr    Size         Type   Attr      Idx    E Section Name        Object

    0x20000000   0x00000014   Data   RW          199    .data               system_stm32f10x.o
    0x20000014   0x00000002   Data   RW          243    .data               gps.o
    0x20000016   0x00000002   PAD
    0x20000018   0x0000002c   Data   RW          261    .data               bmp.o
    0x20000044   0x0000000c   Data   RW          286    .data               sim.o
    0x20000050   0x0000000c   Data   RW          302    .data               rc522.o
    0x2000005c   0x00000004   Data   RW          402    .data               delay.o
    0x20000060   0x00000004   Data   RW          433    .data               usart.o
    0x20000064   0x00000003   Data   RW          473    .data               time.o
    0x20000067   0x00000014   Data   RW          544    .data               stm32f10x_rcc.o
    0x2000007b   0x00000001   PAD
    0x2000007c   0x00000009   Zero   RW            2    .bss                main.o
    0x20000085   0x0000015f   Zero   RW          242    .bss                gps.o
    0x200001e4   0x000000c8   Zero   RW          284    .bss                sim.o
    0x200002ac   0x00000010   Zero   RW          301    .bss                rc522.o
    0x200002bc   0x00000060   Zero   RW          881    .bss                c_w.l(libspace.o)
    0x2000031c   0x00000004   PAD
    0x20000320   0x00000200   Zero   RW          513    HEAP                startup_stm32f10x_hd.o
    0x20000520   0x00000400   Zero   RW          512    STACK               startup_stm32f10x_hd.o


==============================================================================

Image component sizes


      Code (inc. data)   RO Data    RW Data    ZI Data      Debug   Object Name

       748         96          0         44          0       2719   bmp.o
       368          8          0          0          0       2033   can.o
       212         18          0          4          0        983   delay.o
       804        130          0          2        351       2581   gps.o
       944         14          0          0          0       3713   iic.o
        48          4          0          0          0        467   led.o
       700        108          0          0          9     270398   main.o
       468         56          0          0          0       1929   misc.o
      2328         82          0         12         16       8839   rc522.o
      1200        436         43         12        200       3921   sim.o
       190          0          0          0          0       1004   sound.o
        64         26        304          0       1536        784   startup_stm32f10x_hd.o
      4384        146          0          0          0       9068   stm32f10x_can.o
      2668        190          0          0          0       6977   stm32f10x_gpio.o
        26          0          0          0          0       1162   stm32f10x_it.o
      2096         92          0         20          0       9888   stm32f10x_rcc.o
      2424         82          0          0          0       7714   stm32f10x_spi.o
     14188        822          0          0          0      29636   stm32f10x_tim.o
      3504        130          0          0          0      10068   stm32f10x_usart.o
         0          0          0          0          0         32   sys.o
       480         38          0         20          0       1683   system_stm32f10x.o
       168         16          0          3          0       1163   time.o
      1060         46          0          4          0       5751   usart.o

    ----------------------------------------------------------------------
     39076       2540        380        124       2112     382513   Object Totals
         0          0         32          0          0          0   (incl. Generated)
         4          0          1          3          0          0   (incl. Padding)

    ----------------------------------------------------------------------

      Code (inc. data)   RO Data    RW Data    ZI Data      Debug   Library Member Name

         8          0          0          0          0         68   __main.o
       312          4         17          0          0         92   __printf_flags_wp.o
        14          0          0          0          0         68   __printf_wp.o
         0          0          0          0          0          0   __rtentry.o
        12          0          0          0          0          0   __rtentry2.o
         6          0          0          0          0          0   __rtentry4.o
        52          8          0          0          0          0   __scatter.o
        26          0          0          0          0          0   __scatter_copy.o
        28          0          0          0          0          0   __scatter_zi.o
        28          0          0          0          0         68   _chval.o
        44          0          0          0          0        108   _printf_char.o
        48          6          0          0          0         96   _printf_char_common.o
        36          4          0          0          0         80   _printf_char_file.o
         6          0          0          0          0          0   _printf_d.o
       120         16          0          0          0         92   _printf_dec.o
         6          0          0          0          0          0   _printf_f.o
      1050          0          0          0          0        216   _printf_fp_dec.o
       128         16          0          0          0         84   _printf_fp_infnan.o
        88          4         40          0          0         88   _printf_hex_int.o
       178          0          0          0          0         88   _printf_intcommon.o
        78          0          0          0          0        108   _printf_pad.o
         0          0          0          0          0          0   _printf_percent.o
         4          0          0          0          0          0   _printf_percent_end.o
         6          0          0          0          0          0   _printf_s.o
        82          0          0          0          0         80   _printf_str.o
         6          0          0          0          0          0   _printf_x.o
        22          0          0          0          0        100   _rserrno.o
        64          0          0          0          0         84   _sgetc.o
        10          0          0          0          0         68   _sputc.o
       158          0          0          0          0         92   _strtoul.o
        26          0          0          0          0         80   atoi.o
       220          4        148          0          0         96   bigflt0.o
      2074        132          0          0          0        940   btod.o
        12          0          0          0          0         72   exit.o
         8          0          0          0          0         68   ferror.o
         6          0          0          0          0        152   heapauxi.o
        18          0          0          0          0         76   isspace.o
        44         10        272          0          0         76   lc_ctype_c.o
        44         10         28          0          0         76   lc_numeric_c.o
         2          0          0          0          0          0   libinit.o
        30          0          0          0          0          0   libinit2.o
         2          0          0          0          0          0   libshutdown.o
         2          0          0          0          0          0   libshutdown2.o
         8          4          0          0         96         68   libspace.o
        38          0          0          0          0         68   llshl.o
       138          0          0          0          0         80   lludiv10.o
        24          4          0          0          0         84   noretval__2printf.o
        40          6          0          0          0         84   noretval__2sprintf.o
        16          4          0          0          0         76   rt_ctype_table.o
         8          4          0          0          0         68   rt_errno_addr_intlibspace.o
         8          4          0          0          0         68   rt_locale_intlibspace.o
        68          0          0          0          0         68   rt_memclr.o
        78          0          0          0          0         80   rt_memclr_w.o
       138          0          0          0          0         68   rt_memcpy_v6.o
       100          0          0          0          0         80   rt_memcpy_w.o
         2          0          0          0          0          0   rtexit.o
        10          0          0          0          0          0   rtexit2.o
      1188         12          0          0          0        148   scanf_fp.o
       792         14          0          0          0        100   scanf_hexfp.o
       308         16          0          0          0        100   scanf_infnan.o
       128          0          0          0          0         68   strcmpv7m.o
        72          0          0          0          0         80   strcpy.o
        36          0          0          0          0         80   strstr.o
       160         12          0          0          0        120   strtod.o
       112          0          0          0          0         88   strtol.o
        74          0          0          0          0         80   sys_stackheap_outer.o
         2          0          0          0          0         68   use_no_semi.o
         2          0          0          0          0         68   use_no_semi_2.o
        98          4          0          0          0         92   d2f.o
       826         16          0          0          0        348   daddsub_clz.o
        16          4          0          0          0         68   dcheck1.o
        24          0          0          0          0         68   dcmpi.o
       688        140          0          0          0        208   ddiv.o
       120          4          0          0          0         92   deqf.o
        94          4          0          0          0         92   dfix.o
        46          0          0          0          0         68   dflt_clz.o
       120          4          0          0          0         92   dleqf.o
       340         12          0          0          0        104   dmul.o
       156          4          0          0          0         92   dnaninf.o
        12          0          0          0          0         68   dretinf.o
       108          0          0          0          0         80   drleqf.o
       460         56          0          0          0        120   dsqrt_noumaal.o
        86          4          0          0          0         84   f2d.o
        48          0          0          0          0         68   fflt_clz.o
       140          4          0          0          0         84   fnaninf.o
         0          0          8          0          0          0   fpconst.o
        10          0          0          0          0         68   fretinf.o
         4          0          0          0          0         68   printf1.o
       100          0          0          0          0         68   retnan.o
        92          0          0          0          0         68   scalbn.o
         4          0          0          0          0         68   scanf1.o
         8          0          0          0          0         84   scanf2.o
        48          0          0          0          0         68   trapv.o
         0          0          0          0          0          0   usenofp.o
        42          0          0          0          0         84   atof.o
        62         10          0          0          0        340   dunder.o
        40          0          0          0          0         68   fpclassify.o
        88          8          0          0          0         76   frexp.o
       138          0          0          0          0        160   ldexp.o
       152          4          0          0          0        168   narrow.o
       170          0          0          0          0         96   poly.o
      2488        190        136          0          0        300   pow.o
         0          0          8          0          0          0   qnan.o
        76          0          0          0          0         84   sqrt.o

    ----------------------------------------------------------------------
     15590        764        662          0        100       8904   Library Totals
        28          2          5          0          4          0   (incl. Padding)

    ----------------------------------------------------------------------

      Code (inc. data)   RO Data    RW Data    ZI Data      Debug   Library Name

      8658        294        505          0         96       5208   c_w.l
      3648        256          8          0          0       2320   fz_ws.l
      3256        212        144          0          0       1376   m_ws.l

    ----------------------------------------------------------------------
     15590        764        662          0        100       8904   Library Totals

    ----------------------------------------------------------------------

==============================================================================


      Code (inc. data)   RO Data    RW Data    ZI Data      Debug   

     54666       3304       1042        124       2212     384809   Grand Totals
     54666       3304       1042        124       2212     384809   ELF Image Totals
     54666       3304       1042        124          0          0   ROM Totals

==============================================================================

    Total RO  Size (Code + RO Data)                55708 (  54.40kB)
    Total RW  Size (RW Data + ZI Data)              2336 (   2.28kB)
    Total ROM Size (Code + RO Data + RW Data)      55832 (  54.52kB)

==============================================================================

