Component: ARM Compiler 5.05 update 1 (build 106) Tool: armlink [4d0efa]

==============================================================================

Section Cross References

    main.o(.text) refers to delay.o(.text) for delay_init
    main.o(.text) refers to misc.o(.text) for NVIC_PriorityGroupConfig
    main.o(.text) refers to usart.o(.text) for uart1_init
    main.o(.text) refers to iic.o(.text) for I2C1_Init
    main.o(.text) refers to rc522.o(.text) for SPI2_Init
    main.o(.text) refers to time.o(.text) for TIM3_Init
    main.o(.text) refers to noretval__2printf.o(.text) for __2printf
    main.o(.text) refers to led.o(.text) for LED_Init
    main.o(.text) refers to bmp.o(.text) for BMP180_init
    system_stm32f10x.o(.text) refers to system_stm32f10x.o(.data) for SystemCoreClock
    led.o(.text) refers to stm32f10x_rcc.o(.text) for RCC_APB2PeriphClockCmd
    led.o(.text) refers to stm32f10x_gpio.o(.text) for GPIO_Init
    key.o(.text) refers to stm32f10x_rcc.o(.text) for RCC_APB2PeriphClockCmd
    key.o(.text) refers to stm32f10x_gpio.o(.text) for GPIO_Init
    key.o(.text) refers to delay.o(.text) for delay_ms
    key.o(.text) refers to key.o(.data) for key_up
    gps.o(.text) refers to _printf_percent.o(.ARM.Collect$$_printf_percent$$00000000) for _printf_percent
    gps.o(.text) refers to _printf_s.o(.ARM.Collect$$_printf_percent$$00000014) for _printf_s
    gps.o(.text) refers to _printf_str.o(.text) for _printf_str
    gps.o(.text) refers to rt_memclr.o(.text) for __aeabi_memclr
    gps.o(.text) refers to rt_memcpy_v6.o(.text) for __aeabi_memcpy
    gps.o(.text) refers to strstr.o(.text) for strstr
    gps.o(.text) refers to strcpy.o(.text) for strcpy
    gps.o(.text) refers to noretval__2printf.o(.text) for __2printf
    gps.o(.text) refers to gps.o(.data) for point1
    gps.o(.text) refers to gps.o(.bss) for USART_RX_BUF
    bmp.o(.text) refers to iic.o(.text) for I2C1_Read_Len
    bmp.o(.text) refers to dflt_clz.o(x$fpl$dflt) for __aeabi_i2d
    bmp.o(.text) refers to ddiv.o(x$fpl$ddiv) for __aeabi_ddiv
    bmp.o(.text) refers to d2f.o(x$fpl$d2f) for __aeabi_d2f
    bmp.o(.text) refers to dmul.o(x$fpl$dmul) for __aeabi_dmul
    bmp.o(.text) refers to dfix.o(x$fpl$dfix) for __aeabi_d2iz
    bmp.o(.text) refers to fflt_clz.o(x$fpl$fflt) for __aeabi_i2f
    bmp.o(.text) refers to pow.o(i.pow) for pow
    bmp.o(.text) refers to daddsub_clz.o(x$fpl$drsb) for __aeabi_drsub
    bmp.o(.text) refers to bmp.o(.data) for AC1
    sim.o(.text) refers to stm32f10x_usart.o(.text) for USART_GetFlagStatus
    sim.o(.text) refers to strstr.o(.text) for strstr
    sim.o(.text) refers to delay.o(.text) for delay_ms
    sim.o(.text) refers to noretval__2printf.o(.text) for __2printf
    sim.o(.text) refers to sim.o(.data) for SIM_First_Int
    sim.o(.text) refers to sim.o(.bss) for SIM_Buf
    sim.o(.data) refers to sim.o(.conststring) for .conststring
    rc522.o(.text) refers to _printf_pad.o(.text) for _printf_pre_padding
    rc522.o(.text) refers to _printf_percent.o(.ARM.Collect$$_printf_percent$$00000000) for _printf_percent
    rc522.o(.text) refers to _printf_x.o(.ARM.Collect$$_printf_percent$$0000000C) for _printf_x
    rc522.o(.text) refers to _printf_hex_int.o(.text) for _printf_longlong_hex
    rc522.o(.text) refers to _printf_s.o(.ARM.Collect$$_printf_percent$$00000014) for _printf_s
    rc522.o(.text) refers to _printf_str.o(.text) for _printf_str
    rc522.o(.text) refers to stm32f10x_spi.o(.text) for SPI_I2S_GetFlagStatus
    rc522.o(.text) refers to usart.o(.text) for assert_failed
    rc522.o(.text) refers to stm32f10x_rcc.o(.text) for RCC_APB2PeriphClockCmd
    rc522.o(.text) refers to stm32f10x_gpio.o(.text) for GPIO_Init
    rc522.o(.text) refers to delay.o(.text) for delay_ms
    rc522.o(.text) refers to noretval__2printf.o(.text) for __2printf
    rc522.o(.text) refers to strcpy.o(.text) for strcpy
    rc522.o(.text) refers to sim.o(.text) for Send_TCP_IP
    rc522.o(.text) refers to rc522.o(.data) for CT
    rc522.o(.text) refers to rc522.o(.bss) for RFID_ID
    delay.o(.text) refers to misc.o(.text) for SysTick_CLKSourceConfig
    delay.o(.text) refers to system_stm32f10x.o(.data) for SystemCoreClock
    delay.o(.text) refers to delay.o(.data) for fac_us
    usart.o(.text) refers (Special) to use_no_semi_2.o(.text) for __use_no_semihosting
    usart.o(.text) refers to _printf_percent.o(.ARM.Collect$$_printf_percent$$00000000) for _printf_percent
    usart.o(.text) refers to _printf_d.o(.ARM.Collect$$_printf_percent$$00000009) for _printf_d
    usart.o(.text) refers to _printf_s.o(.ARM.Collect$$_printf_percent$$00000014) for _printf_s
    usart.o(.text) refers to _printf_dec.o(.text) for _printf_int_dec
    usart.o(.text) refers to _printf_str.o(.text) for _printf_str
    usart.o(.text) refers to delay.o(.text) for delay_ms
    usart.o(.text) refers to noretval__2printf.o(.text) for __2printf
    usart.o(.text) refers to stm32f10x_rcc.o(.text) for RCC_APB2PeriphClockCmd
[...]
    .ARM.Collect$$libinit$$00000033          0x080001bc   Section        2  libinit2.o(.ARM.Collect$$libinit$$00000033)
    .ARM.Collect$$libshutdown$$00000000      0x080001be   Section        2  libshutdown.o(.ARM.Collect$$libshutdown$$00000000)
    .ARM.Collect$$libshutdown$$00000003      0x080001c0   Section        0  libshutdown2.o(.ARM.Collect$$libshutdown$$00000003)
    .ARM.Collect$$libshutdown$$00000006      0x080001c0   Section        0  libshutdown2.o(.ARM.Collect$$libshutdown$$00000006)
    .ARM.Collect$$libshutdown$$00000009      0x080001c0   Section        0  libshutdown2.o(.ARM.Collect$$libshutdown$$00000009)
    .ARM.Collect$$libshutdown$$0000000B      0x080001c0   Section        0  libshutdown2.o(.ARM.Collect$$libshutdown$$0000000B)
    .ARM.Collect$$libshutdown$$0000000E      0x080001c0   Section        0  libshutdown2.o(.ARM.Collect$$libshutdown$$0000000E)
    .ARM.Collect$$libshutdown$$0000000F      0x080001c0   Section        2  libshutdown2.o(.ARM.Collect$$libshutdown$$0000000F)
    .ARM.Collect$$rtentry$$00000000          0x080001c2   Section        0  __rtentry.o(.ARM.Collect$$rtentry$$00000000)
    .ARM.Collect$$rtentry$$00000002          0x080001c2   Section        0  __rtentry2.o(.ARM.Collect$$rtentry$$00000002)
    .ARM.Collect$$rtentry$$00000004          0x080001c2   Section        6  __rtentry4.o(.ARM.Collect$$rtentry$$00000004)
    .ARM.Collect$$rtentry$$00000009          0x080001c8   Section        0  __rtentry2.o(.ARM.Collect$$rtentry$$00000009)
    .ARM.Collect$$rtentry$$0000000A          0x080001c8   Section        4  __rtentry2.o(.ARM.Collect$$rtentry$$0000000A)
    .ARM.Collect$$rtentry$$0000000C          0x080001cc   Section        0  __rtentry2.o(.ARM.Collect$$rtentry$$0000000C)
    .ARM.Collect$$rtentry$$0000000D          0x080001cc   Section        8  __rtentry2.o(.ARM.Collect$$rtentry$$0000000D)
    .ARM.Collect$$rtexit$$00000000           0x080001d4   Section        2  rtexit.o(.ARM.Collect$$rtexit$$00000000)
    .ARM.Collect$$rtexit$$00000002           0x080001d6   Section        0  rtexit2.o(.ARM.Collect$$rtexit$$00000002)
    .ARM.Collect$$rtexit$$00000003           0x080001d6   Section        4  rtexit2.o(.ARM.Collect$$rtexit$$00000003)
    .ARM.Collect$$rtexit$$00000004           0x080001da   Section        6  rtexit2.o(.ARM.Collect$$rtexit$$00000004)
    .text                                    0x080001e0   Section        0  main.o(.text)
    .text                                    0x0800026c   Section        0  stm32f10x_it.o(.text)
    .text                                    0x08000288   Section        0  system_stm32f10x.o(.text)
    SetSysClockTo72                          0x08000289   Thumb Code   214  system_stm32f10x.o(.text)
    SetSysClock                              0x0800035f   Thumb Code     8  system_stm32f10x.o(.text)
    .text                                    0x08000468   Section        0  led.o(.text)
    .text                                    0x08000498   Section        0  gps.o(.text)
    .text                                    0x08000710   Section        0  bmp.o(.text)
    .text                                    0x080009fc   Section        0  sim.o(.text)
    .text                                    0x08000e90   Section        0  rc522.o(.text)
    .text                                    0x080017f0   Section        0  delay.o(.text)
    .text                                    0x080018c4   Section        0  usart.o(.text)
    .text                                    0x08001bd4   Section        0  iic.o(.text)
    .text                                    0x08001f84   Section        0  time.o(.text)
    .text                                    0x08001ffc   Section       64  startup_stm32f10x_hd.o(.text)
    .text                                    0x0800203c   Section        0  misc.o(.text)
    .text                                    0x08002210   Section        0  stm32f10x_gpio.o(.text)
    .text                                    0x08002c7c   Section        0  stm32f10x_rcc.o(.text)
    .text                                    0x080034ac   Section        0  stm32f10x_usart.o(.text)
    .text                                    0x0800425c   Section        0  stm32f10x_tim.o(.text)
    TI4_Config                               0x08004cf1   Thumb Code   130  stm32f10x_tim.o(.text)
    TI3_Config                               0x08004dd9   Thumb Code   122  stm32f10x_tim.o(.text)
    TI2_Config                               0x08004ed3   Thumb Code   164  stm32f10x_tim.o(.text)
    TI1_Config                               0x08005013   Thumb Code   108  stm32f10x_tim.o(.text)
    .text                                    0x080079c8   Section        0  stm32f10x_spi.o(.text)
    .text                                    0x08008340   Section        2  use_no_semi_2.o(.text)
    .text                                    0x08008344   Section        0  noretval__2printf.o(.text)
    .text                                    0x0800835c   Section        0  _printf_pad.o(.text)
    .text                                    0x080083aa   Section        0  _printf_str.o(.text)
    .text                                    0x080083fc   Section        0  _printf_dec.o(.text)
    .text                                    0x08008474   Section        0  _printf_hex_int.o(.text)
    .text                                    0x080084cc   Section        0  __printf_flags_wp.o(.text)
    .text                                    0x08008604   Section        0  strstr.o(.text)
    .text                                    0x08008628   Section        0  strcpy.o(.text)
    .text                                    0x08008670   Section      138  rt_memcpy_v6.o(.text)
    .text                                    0x080086fa   Section       68  rt_memclr.o(.text)
    .text                                    0x0800873e   Section        0  heapauxi.o(.text)
    .text                                    0x08008744   Section        2  use_no_semi.o(.text)
    .text                                    0x08008746   Section        0  _rserrno.o(.text)
    .text                                    0x0800875c   Section        0  _printf_intcommon.o(.text)
    .text                                    0x0800880e   Section        0  _printf_char.o(.text)
    .text                                    0x0800883c   Section        0  _printf_char_file.o(.text)
    .text                                    0x08008860   Section      100  rt_memcpy_w.o(.text)
    .text                                    0x080088c4   Section       78  rt_memclr_w.o(.text)
    .text                                    0x08008914   Section        8  rt_errno_addr_intlibspace.o(.text)
    .text                                    0x0800891c   Section        0  _printf_char_common.o(.text)
    _printf_input_char                       0x0800891d   Thumb Code    10  _printf_char_common.o(.text)
    .text                                    0x0800894c   Section        0  ferror.o(.text)
    .text                                    0x08008954   Section        8  libspace.o(.text)
    .text                                    0x0800895c   Section       74  sys_stackheap_outer.o(.text)
    .text                                    0x080089a6   Section        0  exit.o(.text)
    i.__ARM_fpclassify                       0x080089b2   Section        0  fpclassify.o(i.__ARM_fpclassify)
    i.__kernel_poly                          0x080089da   Section        0  poly.o(i.__kernel_poly)
    i.__mathlib_dbl_divzero                  0x08008a84   Section        0  dunder.o(i.__mathlib_dbl_divzero)
    i.__mathlib_dbl_infnan2                  0x08008a94   Section        0  dunder.o(i.__mathlib_dbl_infnan2)
    i.__mathlib_dbl_invalid                  0x08008a98   Section        0  dunder.o(i.__mathlib_dbl_invalid)
    i.__mathlib_dbl_overflow                 0x08008aa4   Section        0  dunder.o(i.__mathlib_dbl_overflow)
    i.__mathlib_dbl_underflow                0x08008ab4   Section        0  dunder.o(i.__mathlib_dbl_underflow)
    i._is_digit                              0x08008ac4   Section        0  __printf_wp.o(i._is_digit)
    i.pow                                    0x08008ad4   Section        0  pow.o(i.pow)
    i.sqrt                                   0x0800948c   Section        0  sqrt.o(i.sqrt)
    x$fpl$d2f                                0x080094d8   Section       98  d2f.o(x$fpl$d2f)
    x$fpl$dadd                               0x0800953c   Section      336  daddsub_clz.o(x$fpl$dadd)
    _dadd1                                   0x0800954d   Thumb Code     0  daddsub_clz.o(x$fpl$dadd)
    x$fpl$dcheck1                            0x0800968c   Section       16  dcheck1.o(x$fpl$dcheck1)
    x$fpl$dcmpinf                            0x0800969c   Section       24  dcmpi.o(x$fpl$dcmpinf)
    x$fpl$ddiv                               0x080096b4   Section      688  ddiv.o(x$fpl$ddiv)
    ddiv_entry                               0x080096bb   Thumb Code     0  ddiv.o(x$fpl$ddiv)
    x$fpl$dfix                               0x08009964   Section       94  dfix.o(x$fpl$dfix)
    x$fpl$dflt                               0x080099c2   Section       46  dflt_clz.o(x$fpl$dflt)
    x$fpl$dleqf                              0x080099f0   Section      120  dleqf.o(x$fpl$dleqf)
    x$fpl$dmul                               0x08009a68   Section      340  dmul.o(x$fpl$dmul)
    x$fpl$dnaninf                            0x08009bbc   Section      156  dnaninf.o(x$fpl$dnaninf)
    x$fpl$dretinf                            0x08009c58   Section       12  dretinf.o(x$fpl$dretinf)
    x$fpl$drleqf                             0x08009c64   Section      108  drleqf.o(x$fpl$drleqf)
    x$fpl$drsb                               0x08009cd0   Section       22  daddsub_clz.o(x$fpl$drsb)
    x$fpl$dsqrt                              0x08009ce8   Section      460  dsqrt_noumaal.o(x$fpl$dsqrt)
    x$fpl$dsub                               0x08009eb4   Section      468  daddsub_clz.o(x$fpl$dsub)
    _dsub1                                   0x08009ec5   Thumb Code     0  daddsub_clz.o(x$fpl$dsub)
    x$fpl$fflt                               0x0800a088   Section       48  fflt_clz.o(x$fpl$fflt)
    x$fpl$fretinf                            0x0800a0b8   Section       10  fretinf.o(x$fpl$fretinf)
    x$fpl$retnan                             0x0800a0c2   Section      100  retnan.o(x$fpl$retnan)
    x$fpl$scalbn                             0x0800a126   Section       92  scalbn.o(x$fpl$scalbn)
    x$fpl$trapveneer                         0x0800a182   Section       48  trapv.o(x$fpl$trapveneer)
    .constdata                               0x0800a1b2   Section       40  _printf_hex_int.o(.constdata)
    x$fpl$usenofp                            0x0800a1b2   Section        0  usenofp.o(x$fpl$usenofp)
    uc_hextab                                0x0800a1b2   Data          20  _printf_hex_int.o(.constdata)
    lc_hextab                                0x0800a1c6   Data          20  _printf_hex_int.o(.constdata)
    .constdata                               0x0800a1da   Section       17  __printf_flags_wp.o(.constdata)
    maptable                                 0x0800a1da   Data          17  __printf_flags_wp.o(.constdata)
    .constdata                               0x0800a1f0   Section      136  pow.o(.constdata)
    bp                                       0x0800a1f0   Data          16  pow.o(.constdata)
    dp_h                                     0x0800a200   Data          16  pow.o(.constdata)
    dp_l                                     0x0800a210   Data          16  pow.o(.constdata)
    L                                        0x0800a220   Data          48  pow.o(.constdata)
    P                                        0x0800a250   Data          40  pow.o(.constdata)
    .constdata                               0x0800a278   Section        8  qnan.o(.constdata)
    .conststring                             0x0800a280   Section       43  sim.o(.conststring)
    .data                                    0x20000000   Section       20  system_stm32f10x.o(.data)
    .data                                    0x20000014   Section        2  gps.o(.data)
    .data                                    0x20000018   Section       44  bmp.o(.data)
    .data                                    0x20000044   Section        8  sim.o(.data)
    tiems                                    0x20000045   Data           1  sim.o(.data)
    tiems_s                                  0x20000046   Data           1  sim.o(.data)
    tiems_flag                               0x20000047   Data           1  sim.o(.data)
    .data                                    0x2000004c   Section       12  rc522.o(.data)
    .data                                    0x20000058   Section        4  delay.o(.data)
    fac_us                                   0x20000058   Data           1  delay.o(.data)
    fac_ms                                   0x2000005a   Data           2  delay.o(.data)
    .data                                    0x2000005c   Section        4  usart.o(.data)
    .data                                    0x20000060   Section       20  stm32f10x_rcc.o(.data)
    APBAHBPrescTable                         0x20000060   Data          16  stm32f10x_rcc.o(.data)
    ADCPrescTable                            0x20000070   Data           4  stm32f10x_rcc.o(.data)
    .bss                                     0x20000074   Section      351  gps.o(.bss)
    .bss                                     0x200001d3   Section      200  sim.o(.bss)
    .bss                                     0x2000029b   Section       16  rc522.o(.bss)
    .bss                                     0x200002ac   Section       96  libspace.o(.bss)
    HEAP                                     0x20000310   Section      512  startup_stm32f10x_hd.o(HEAP)
    Heap_Mem                                 0x20000310   Data         512  startup_stm32f10x_hd.o(HEAP)
    STACK                                    0x20000510   Section     1024  startup_stm32f10x_hd.o(STACK)
    Stack_Mem                                0x20000510   Data        1024  startup_stm32f10x_hd.o(STACK)
    __initial_sp                             0x20000910   Data           0  startup_stm32f10x_hd.o(STACK)

    Global Symbols

    Symbol Name                              Value     Ov Type        Size  Object(Section)

    BuildAttributes$$THM_ISAv4$P$D$K$B$S$PE$A:L22UL41UL21$X:L11$S22US41US21$IEEE1$IW$USESV6$~STKCKD$USESV7$~SHL$OTIME$ROPI$IEEEX$EBA8$UX$STANDARDLIB$REQ8$PRES8$EABIv2 0x00000000   Number         0  anon$$obj.o ABSOLUTE
    __ARM_use_no_argv                        0x00000000   Number         0  main.o ABSOLUTE
    _printf_flags                            0x00000000   Number         0  printf_stubs.o ABSOLUTE
    _printf_return_value                     0x00000000   Number         0  printf_stubs.o ABSOLUTE
    _printf_sizespec                         0x00000000   Number         0  printf_stubs.o ABSOLUTE
    _printf_widthprec                        0x00000000   Number         0  printf_stubs.o ABSOLUTE
    __ARM_exceptions_init                     - Undefined Weak Reference
    __alloca_initialize                       - Undefined Weak Reference
    __arm_preinit_                            - Undefined Weak Reference
    __cpp_initialize__aeabi_                  - Undefined Weak Reference
    __cxa_finalize                            - Undefined Weak Reference
    __rt_locale                               - Undefined Weak Reference
    __sigvec_lookup                           - Undefined Weak Reference
    _atexit_init                              - Undefined Weak Reference
    _call_atexit_fns                          - Undefined Weak Reference
    _clock_init                               - Undefined Weak Reference
    _fp_trap_init                             - Undefined Weak Reference
    _fp_trap_shutdown                         - Undefined Weak Reference
    _get_lc_collate                           - Undefined Weak Reference
    _get_lc_ctype                             - Undefined Weak Reference
    _get_lc_monetary                          - Undefined Weak Reference
    _get_lc_numeric                           - Undefined Weak Reference
    _get_lc_time                              - Undefined Weak Reference
    _getenv_init                              - Undefined Weak Reference
    _handle_redirection                       - Undefined Weak Reference
    _init_alloc                               - Undefined Weak Reference
    _init_user_alloc                          - Undefined Weak Reference
    _initio                                   - Undefined Weak Reference
    _mutex_acquire                            - Undefined Weak Reference
    _mutex_release                            - Undefined Weak Reference
    _printf_mbtowc                            - Undefined Weak Reference
    _printf_truncate_signed                   - Undefined Weak Reference
    _printf_truncate_unsigned                 - Undefined Weak Reference
    _rand_init                                - Undefined Weak Reference
    _signal_finish                            - Undefined Weak Reference
    _signal_init                              - Undefined Weak Reference
    _terminate_alloc                          - Undefined Weak Reference
    _terminate_user_alloc                     - Undefined Weak Reference
    _terminateio                              - Undefined Weak Reference
    __Vectors_Size                           0x00000130   Number         0  startup_stm32f10x_hd.o ABSOLUTE
    __Vectors                                0x08000000   Data           4  startup_stm32f10x_hd.o(RESET)
    __Vectors_End                            0x08000130   Data           0  startup_stm32f10x_hd.o(RESET)
    __main                                   0x08000131   Thumb Code     8  __main.o(!!!main)
    __scatterload                            0x08000139   Thumb Code     0  __scatter.o(!!!scatter)
    __scatterload_rt2                        0x08000139   Thumb Code    44  __scatter.o(!!!scatter)
    __scatterload_rt2_thumb_only             0x08000139   Thumb Code     0  __scatter.o(!!!scatter)
    __scatterload_null                       0x08000147   Thumb Code     0  __scatter.o(!!!scatter)
    __scatterload_copy                       0x0800016d   Thumb Code    26  __scatter_copy.o(!!handler_copy)
    __scatterload_zeroinit                   0x08000189   Thumb Code    28  __scatter_zi.o(!!handler_zi)
    _printf_d                                0x080001a5   Thumb Code     0  _printf_d.o(.ARM.Collect$$_printf_percent$$00000009)
    _printf_percent                          0x080001a5   Thumb Code     0  _printf_percent.o(.ARM.Collect$$_printf_percent$$00000000)
    _printf_x                                0x080001ab   Thumb Code     0  _printf_x.o(.ARM.Collect$$_printf_percent$$0000000C)
    _printf_s                                0x080001b1   Thumb Code     0  _printf_s.o(.ARM.Collect$$_printf_percent$$00000014)
    _printf_percent_end                      0x080001b7   Thumb Code     0  _printf_percent_end.o(.ARM.Collect$$_printf_percent$$00000017)
    __rt_lib_init                            0x080001bb   Thumb Code     0  libinit.o(.ARM.Collect$$libinit$$00000000)
    __rt_lib_init_alloca_1                   0x080001bd   Thumb Code     0  libinit2.o(.ARM.Collect$$libinit$$0000002E)
    __rt_lib_init_argv_1                     0x080001bd   Thumb Code     0  libinit2.o(.ARM.Collect$$libinit$$0000002C)
    __rt_lib_init_atexit_1                   0x080001bd   Thumb Code     0  libinit2.o(.ARM.Collect$$libinit$$0000001B)
    __rt_lib_init_clock_1                    0x080001bd   Thumb Code     0  libinit2.o(.ARM.Collect$$libinit$$00000021)
    __rt_lib_init_cpp_1                      0x080001bd   Thumb Code     0  libinit2.o(.ARM.Collect$$libinit$$00000032)
    __rt_lib_init_exceptions_1               0x080001bd   Thumb Code     0  libinit2.o(.ARM.Collect$$libinit$$00000030)
    __rt_lib_init_fp_1                       0x080001bd   Thumb Code     0  libinit2.o(.ARM.Collect$$libinit$$00000002)
    __rt_lib_init_fp_trap_1                  0x080001bd   Thumb Code     0  libinit2.o(.ARM.Collect$$libinit$$0000001F)
    __rt_lib_init_getenv_1                   0x080001bd   Thumb Code     0  libinit2.o(.ARM.Collect$$libinit$$00000023)
    __rt_lib_init_heap_1                     0x080001bd   Thumb Code     0  libinit2.o(.ARM.Collect$$libinit$$0000000A)
    __rt_lib_init_lc_collate_1               0x080001bd   Thumb Code     0  libinit2.o(.ARM.Collect$$libinit$$00000011)
    __rt_lib_init_lc_ctype_1                 0x080001bd   Thumb Code     0  libinit2.o(.ARM.Collect$$libinit$$00000013)
    __rt_lib_init_lc_monetary_1              0x080001bd   Thumb Code     0  libinit2.o(.ARM.Collect$$libinit$$00000015)
    __rt_lib_init_lc_numeric_1               0x080001bd   Thumb Code     0  libinit2.o(.ARM.Collect$$libinit$$00000017)
    __rt_lib_init_lc_time_1                  0x080001bd   Thumb Code     0  libinit2.o(.ARM.Collect$$libinit$$00000019)
    __rt_lib_init_preinit_1                  0x080001bd   Thumb Code     0  libinit2.o(.ARM.Collect$$libinit$$00000004)
    __rt_lib_init_rand_1                     0x080001bd   Thumb Code     0  libinit2.o(.ARM.Collect$$libinit$$0000000E)
    __rt_lib_init_return                     0x080001bd   Thumb Code     0  libinit2.o(.ARM.Collect$$libinit$$00000033)
    __rt_lib_init_signal_1                   0x080001bd   Thumb Code     0  libinit2.o(.ARM.Collect$$libinit$$0000001D)
    __rt_lib_init_stdio_1                    0x080001bd   Thumb Code     0  libinit2.o(.ARM.Collect$$libinit$$00000025)
    __rt_lib_init_user_alloc_1               0x080001bd   Thumb Code     0  libinit2.o(.ARM.Collect$$libinit$$0000000C)
    __rt_lib_shutdown                        0x080001bf   Thumb Code     0  libshutdown.o(.ARM.Collect$$libshutdown$$00000000)
    __rt_lib_shutdown_fp_trap_1              0x080001c1   Thumb Code     0  libshutdown2.o(.ARM.Collect$$libshutdown$$00000006)
    __rt_lib_shutdown_heap_1                 0x080001c1   Thumb Code     0  libshutdown2.o(.ARM.Collect$$libshutdown$$0000000E)
    __rt_lib_shutdown_return                 0x080001c1   Thumb Code     0  libshutdown2.o(.ARM.Collect$$libshutdown$$0000000F)
    __rt_lib_shutdown_signal_1               0x080001c1   Thumb Code     0  libshutdown2.o(.ARM.Collect$$libshutdown$$00000009)
    __rt_lib_shutdown_stdio_1                0x080001c1   Thumb Code     0  libshutdown2.o(.ARM.Collect$$libshutdown$$00000003)
    __rt_lib_shutdown_user_alloc_1           0x080001c1   Thumb Code     0  libshutdown2.o(.ARM.Collect$$libshutdown$$0000000B)
    __rt_entry                               0x080001c3   Thumb Code     0  __rtentry.o(.ARM.Collect$$rtentry$$00000000)
    __rt_entry_presh_1                       0x080001c3   Thumb Code     0  __rtentry2.o(.ARM.Collect$$rtentry$$00000002)
    __rt_entry_sh                            0x080001c3   Thumb Code     0  __rtentry4.o(.ARM.Collect$$rtentry$$00000004)
    __rt_entry_li                            0x080001c9   Thumb Code     0  __rtentry2.o(.ARM.Collect$$rtentry$$0000000A)
    __rt_entry_postsh_1                      0x080001c9   Thumb Code     0  __rtentry2.o(.ARM.Collect$$rtentry$$00000009)
    __rt_entry_main                          0x080001cd   Thumb Code     0  __rtentry2.o(.ARM.Collect$$rtentry$$0000000D)
    __rt_entry_postli_1                      0x080001cd   Thumb Code     0  __rtentry2.o(.ARM.Collect$$rtentry$$0000000C)
    __rt_exit                                0x080001d5   Thumb Code     0  rtexit.o(.ARM.Collect$$rtexit$$00000000)
    __rt_exit_ls                             0x080001d7   Thumb Code     0  rtexit2.o(.ARM.Collect$$rtexit$$00000003)
    __rt_exit_prels_1                        0x080001d7   Thumb Code     0  rtexit2.o(.ARM.Collect$$rtexit$$00000002)
    __rt_exit_exit                           0x080001db   Thumb Code     0  rtexit2.o(.ARM.Collect$$rtexit$$00000004)
    main                                     0x080001e1   Thumb Code   102  main.o(.text)
    NMI_Handler                              0x0800026d   Thumb Code     2  stm32f10x_it.o(.text)
    HardFault_Handler                        0x0800026f   Thumb Code     4  stm32f10x_it.o(.text)
    MemManage_Handler                        0x08000273   Thumb Code     4  stm32f10x_it.o(.text)
    BusFault_Handler                         0x08000277   Thumb Code     4  stm32f10x_it.o(.text)
    UsageFault_Handler                       0x0800027b   Thumb Code     4  stm32f10x_it.o(.text)
    SVC_Handler                              0x0800027f   Thumb Code     2  stm32f10x_it.o(.text)
    DebugMon_Handler                         0x08000281   Thumb Code     2  stm32f10x_it.o(.text)
    PendSV_Handler                           0x08000283   Thumb Code     2  stm32f10x_it.o(.text)
    SysTick_Handler                          0x08000285   Thumb Code     2  stm32f10x_it.o(.text)
    SystemInit                               0x08000367   Thumb Code    78  system_stm32f10x.o(.text)
    SystemCoreClockUpdate                    0x080003b5   Thumb Code   142  system_stm32f10x.o(.text)
    LED_Init                                 0x08000469   Thumb Code    44  led.o(.text)
    GPS_Send_IRQ                             0x08000499   Thumb Code   114  gps.o(.text)
    parseGpsBuffer                           0x0800050b   Thumb Code   210  gps.o(.text)
    Read_GPS                                 0x080005dd   Thumb Code    10  gps.o(.text)
    printGpsBuffer                           0x080005e7   Thumb Code   188  gps.o(.text)
    BMP180_ReadTwoByte                       0x08000711   Thumb Code    34  bmp.o(.text)
    Read_CalibrationData                     0x08000733   Thumb Code   114  bmp.o(.text)
    BMP180_init                              0x080007a5   Thumb Code     8  bmp.o(.text)
    Get_BMP180UP                             0x080007ad   Thumb Code    30  bmp.o(.text)
    Get_BMP180UT                             0x080007cb   Thumb Code    24  bmp.o(.text)
    BMP180_Read_ID                           0x080007e3   Thumb Code    12  bmp.o(.text)
    Convert_UncompensatedToTrue              0x080007ef   Thumb Code   398  bmp.o(.text)
    BMP180_Read                              0x0800097d   Thumb Code    32  bmp.o(.text)
    SIM_Read_IRQ                             0x080009fd   Thumb Code    32  sim.o(.text)
    SIM_Time_IRQ                             0x08000a1d   Thumb Code    38  sim.o(.text)
    SIM_SendString                           0x08000a43   Thumb Code    38  sim.o(.text)
    SIM_SendBit                              0x08000a69   Thumb Code    28  sim.o(.text)
    CLR_Buf2                                 0x08000a85   Thumb Code    26  sim.o(.text)
    Second_AT_Command                        0x08000a9f   Thumb Code   124  sim.o(.text)
    Second_AT_Command_3Ci                    0x08000b1b   Thumb Code    52  sim.o(.text)
    Connect_Server                           0x08000b4f   Thumb Code   192  sim.o(.text)
    Set_ATE0                                 0x08000c0f   Thumb Code    14  sim.o(.text)
    Wait_CREG                                0x08000c1d   Thumb Code   118  sim.o(.text)
    SIM_Init                                 0x08000c93   Thumb Code    38  sim.o(.text)
    Send_TCP_IP                              0x08000cb9   Thumb Code    38  sim.o(.text)
    delay_ns                                 0x08000e91   Thumb Code    18  rc522.o(.text)
    SPIWriteByte                             0x08000ea3   Thumb Code    46  rc522.o(.text)
    SPI2_ReadWriteByte                       0x08000ed1   Thumb Code    86  rc522.o(.text)
    SPI2_SetSpeed                            0x08000f27   Thumb Code    82  rc522.o(.text)
    SPI2_Init                                0x08000f79   Thumb Code   170  rc522.o(.text)
    WriteRawRC                               0x08001023   Thumb Code    42  rc522.o(.text)
    ReadRawRC                                0x0800104d   Thumb Code    50  rc522.o(.text)
    SetBitMask                               0x0800107f   Thumb Code    28  rc522.o(.text)
    PcdAntennaOn                             0x0800109b   Thumb Code    26  rc522.o(.text)
    ClearBitMask                             0x080010b5   Thumb Code    28  rc522.o(.text)
    M500PcdConfigISOType                     0x080010d1   Thumb Code    94  rc522.o(.text)
    PcdAntennaOff                            0x0800112f   Thumb Code    12  rc522.o(.text)
    PcdReset                                 0x0800113b   Thumb Code   118  rc522.o(.text)
    Rc522_Init                               0x080011b1   Thumb Code    28  rc522.o(.text)
    Reset_RC522                              0x080011cd   Thumb Code    22  rc522.o(.text)
    PcdComMF522                              0x080011e3   Thumb Code   360  rc522.o(.text)
    PcdRequest                               0x0800134b   Thumb Code    86  rc522.o(.text)
    PcdAnticoll                              0x080013a1   Thumb Code   112  rc522.o(.text)
    CalulateCRC                              0x08001411   Thumb Code   108  rc522.o(.text)
    PcdSelect                                0x0800147d   Thumb Code   116  rc522.o(.text)
    PcdAuthState                             0x080014f1   Thumb Code    86  rc522.o(.text)
    PcdRead                                  0x08001547   Thumb Code    86  rc522.o(.text)
    PcdWrite                                 0x0800159d   Thumb Code   150  rc522.o(.text)
    PcdHalt                                  0x08001633   Thumb Code    50  rc522.o(.text)
    Rc522_Write                              0x08001665   Thumb Code   126  rc522.o(.text)
    Rc522_Read                               0x080016e3   Thumb Code   114  rc522.o(.text)
    Read_Card_ID                             0x08001755   Thumb Code    98  rc522.o(.text)
    delay_init                               0x080017f1   Thumb Code    50  delay.o(.text)
    delay_us                                 0x08001823   Thumb Code    72  delay.o(.text)
    delay_ms                                 0x0800186b   Thumb Code    72  delay.o(.text)
    _sys_exit                                0x080018c5   Thumb Code     8  usart.o(.text)
    fputc                                    0x080018cd   Thumb Code    24  usart.o(.text)
    assert_failed                            0x080018e5   Thumb Code    26  usart.o(.text)
    uart1_init                               0x080018ff   Thumb Code   152  usart.o(.text)
    USART1_IRQHandler                        0x08001997   Thumb Code    50  usart.o(.text)
    USART1_Send_String                       0x080019c9   Thumb Code    38  usart.o(.text)
    uart1_send_bit                           0x080019ef   Thumb Code    28  usart.o(.text)
    UART5_IRQHandler                         0x08001a0b   Thumb Code    30  usart.o(.text)
    uart5_init                               0x08001a29   Thumb Code   162  usart.o(.text)
    uart4_init                               0x08001acb   Thumb Code   158  usart.o(.text)
    UART4_IRQHandler                         0x08001b69   Thumb Code    30  usart.o(.text)
    uart4_send                               0x08001b87   Thumb Code    38  usart.o(.text)
    I2C1_Delay                               0x08001bd5   Thumb Code    10  iic.o(.text)
    I2C1_Init                                0x08001bdf   Thumb Code    46  iic.o(.text)
    I2C1_Start                               0x08001c0d   Thumb Code    60  iic.o(.text)
    I2C1_Stop                                0x08001c49   Thumb Code    62  iic.o(.text)
    I2C1_Wait_Ack                            0x08001c87   Thumb Code    86  iic.o(.text)
    I2C1_Ack                                 0x08001cdd   Thumb Code    66  iic.o(.text)
    I2C1_NAck                                0x08001d1f   Thumb Code    66  iic.o(.text)
    I2C1_Send_Byte                           0x08001d61   Thumb Code    82  iic.o(.text)
    I2C1_Read_Byte                           0x08001db3   Thumb Code    96  iic.o(.text)
    I2C1_Read_One                            0x08001e13   Thumb Code    70  iic.o(.text)
    I2C1_Write_One                           0x08001e59   Thumb Code    74  iic.o(.text)
    I2C1_Write_Len                           0x08001ea3   Thumb Code    96  iic.o(.text)
    I2C1_Read_Len                            0x08001f03   Thumb Code   116  iic.o(.text)
    TIM3_Init                                0x08001f85   Thumb Code    90  time.o(.text)
    TIM3_IRQHandler                          0x08001fdf   Thumb Code    26  time.o(.text)
    Reset_Handler                            0x08001ffd   Thumb Code     8  startup_stm32f10x_hd.o(.text)
    ADC1_2_IRQHandler                        0x08002017   Thumb Code     0  startup_stm32f10x_hd.o(.text)
    ADC3_IRQHandler                          0x08002017   Thumb Code     0  startup_stm32f10x_hd.o(.text)
    CAN1_RX1_IRQHandler                      0x08002017   Thumb Code     0  startup_stm32f10x_hd.o(.text)
    CAN1_SCE_IRQHandler                      0x08002017   Thumb Code     0  startup_stm32f10x_hd.o(.text)
    DMA1_Channel1_IRQHandler                 0x08002017   Thumb Code     0  startup_stm32f10x_hd.o(.text)
    DMA1_Channel2_IRQHandler                 0x08002017   Thumb Code     0  startup_stm32f10x_hd.o(.text)
    DMA1_Channel3_IRQHandler                 0x08002017   Thumb Code     0  startup_stm32f10x_hd.o(.text)
    DMA1_Channel4_IRQHandler                 0x08002017   Thumb Code     0  startup_stm32f10x_hd.o(.text)
    DMA1_Channel5_IRQHandler                 0x08002017   Thumb Code     0  startup_stm32f10x_hd.o(.text)
    DMA1_Channel6_IRQHandler                 0x08002017   Thumb Code     0  startup_stm32f10x_hd.o(.text)
    DMA1_Channel7_IRQHandler                 0x08002017   Thumb Code     0  startup_stm32f10x_hd.o(.text)
    DMA2_Channel1_IRQHandler                 0x08002017   Thumb Code     0  startup_stm32f10x_hd.o(.text)
    DMA2_Channel2_IRQHandler                 0x08002017   Thumb Code     0  startup_stm32f10x_hd.o(.text)
    DMA2_Channel3_IRQHandler                 0x08002017   Thumb Code     0  startup_stm32f10x_hd.o(.text)
    DMA2_Channel4_5_IRQHandler               0x08002017   Thumb Code     0  startup_stm32f10x_hd.o(.text)
    EXTI0_IRQHandler                         0x08002017   Thumb Code     0  startup_stm32f10x_hd.o(.text)
    EXTI15_10_IRQHandler                     0x08002017   Thumb Code     0  startup_stm32f10x_hd.o(.text)
    EXTI1_IRQHandler                         0x08002017   Thumb Code     0  startup_stm32f10x_hd.o(.text)
    EXTI2_IRQHandler                         0x08002017   Thumb Code     0  startup_stm32f10x_hd.o(.text)
    EXTI3_IRQHandler                         0x08002017   Thumb Code     0  startup_stm32f10x_hd.o(.text)
    EXTI4_IRQHandler                         0x08002017   Thumb Code     0  startup_stm32f10x_hd.o(.text)
    EXTI9_5_IRQHandler                       0x08002017   Thumb Code     0  startup_stm32f10x_hd.o(.text)
    FLASH_IRQHandler                         0x08002017   Thumb Code     0  startup_stm32f10x_hd.o(.text)
    FSMC_IRQHandler                          0x08002017   Thumb Code     0  startup_stm32f10x_hd.o(.text)
    I2C1_ER_IRQHandler                       0x08002017   Thumb Code     0  startup_stm32f10x_hd.o(.text)
    I2C1_EV_IRQHandler                       0x08002017   Thumb Code     0  startup_stm32f10x_hd.o(.text)
    I2C2_ER_IRQHandler                       0x08002017   Thumb Code     0  startup_stm32f10x_hd.o(.text)
    I2C2_EV_IRQHandler                       0x08002017   Thumb Code     0  startup_stm32f10x_hd.o(.text)
    PVD_IRQHandler                           0x08002017   Thumb Code     0  startup_stm32f10x_hd.o(.text)
    RCC_IRQHandler                           0x08002017   Thumb Code     0  startup_stm32f10x_hd.o(.text)
    RTCAlarm_IRQHandler                      0x08002017   Thumb Code     0  startup_stm32f10x_hd.o(.text)
    RTC_IRQHandler                           0x08002017   Thumb Code     0  startup_stm32f10x_hd.o(.text)
    SDIO_IRQHandler                          0x08002017   Thumb Code     0  startup_stm32f10x_hd.o(.text)
    SPI1_IRQHandler                          0x08002017   Thumb Code     0  startup_stm32f10x_hd.o(.text)
    SPI2_IRQHandler                          0x08002017   Thumb Code     0  startup_stm32f10x_hd.o(.text)
    SPI3_IRQHandler                          0x08002017   Thumb Code     0  startup_stm32f10x_hd.o(.text)
    TAMPER_IRQHandler                        0x08002017   Thumb Code     0  startup_stm32f10x_hd.o(.text)
    TIM1_BRK_IRQHandler                      0x08002017   Thumb Code     0  startup_stm32f10x_hd.o(.text)
    TIM1_CC_IRQHandler                       0x08002017   Thumb Code     0  startup_stm32f10x_hd.o(.text)
    TIM1_TRG_COM_IRQHandler                  0x08002017   Thumb Code     0  startup_stm32f10x_hd.o(.text)
    TIM1_UP_IRQHandler                       0x08002017   Thumb Code     0  startup_stm32f10x_hd.o(.text)
    TIM2_IRQHandler                          0x08002017   Thumb Code     0  startup_stm32f10x_hd.o(.text)
    TIM4_IRQHandler                          0x08002017   Thumb Code     0  startup_stm32f10x_hd.o(.text)
    TIM5_IRQHandler                          0x08002017   Thumb Code     0  startup_stm32f10x_hd.o(.text)
    TIM6_IRQHandler                          0x08002017   Thumb Code     0  startup_stm32f10x_hd.o(.text)
    TIM7_IRQHandler                          0x08002017   Thumb Code     0  startup_stm32f10x_hd.o(.text)
    TIM8_BRK_IRQHandler                      0x08002017   Thumb Code     0  startup_stm32f10x_hd.o(.text)
    TIM8_CC_IRQHandler                       0x08002017   Thumb Code     0  startup_stm32f10x_hd.o(.text)
    TIM8_TRG_COM_IRQHandler                  0x08002017   Thumb Code     0  startup_stm32f10x_hd.o(.text)
    TIM8_UP_IRQHandler                       0x08002017   Thumb Code     0  startup_stm32f10x_hd.o(.text)
    USART2_IRQHandler                        0x08002017   Thumb Code     0  startup_stm32f10x_hd.o(.text)
    USART3_IRQHandler                        0x08002017   Thumb Code     0  startup_stm32f10x_hd.o(.text)
    USBWakeUp_IRQHandler                     0x08002017   Thumb Code     0  startup_stm32f10x_hd.o(.text)
    USB_HP_CAN1_TX_IRQHandler                0x08002017   Thumb Code     0  startup_stm32f10x_hd.o(.text)
    USB_LP_CAN1_RX0_IRQHandler               0x08002017   Thumb Code     0  startup_stm32f10x_hd.o(.text)
    WWDG_IRQHandler                          0x08002017   Thumb Code     0  startup_stm32f10x_hd.o(.text)
    __user_initial_stackheap                 0x08002019   Thumb Code     0  startup_stm32f10x_hd.o(.text)
    NVIC_PriorityGroupConfig                 0x0800203d   Thumb Code    54  misc.o(.text)
    NVIC_Init                                0x08002073   Thumb Code   158  misc.o(.text)
    NVIC_SetVectorTable                      0x08002111   Thumb Code    60  misc.o(.text)
    NVIC_SystemLPConfig                      0x0800214d   Thumb Code    78  misc.o(.text)
    SysTick_CLKSourceConfig                  0x0800219b   Thumb Code    62  misc.o(.text)
    GPIO_DeInit                              0x08002211   Thumb Code   224  stm32f10x_gpio.o(.text)
    GPIO_AFIODeInit                          0x080022f1   Thumb Code    20  stm32f10x_gpio.o(.text)
    GPIO_Init                                0x08002305   Thumb Code   378  stm32f10x_gpio.o(.text)
    GPIO_StructInit                          0x0800247f   Thumb Code    16  stm32f10x_gpio.o(.text)
    GPIO_ReadInputDataBit                    0x0800248f   Thumb Code   170  stm32f10x_gpio.o(.text)
    GPIO_ReadInputData                       0x08002539   Thumb Code    64  stm32f10x_gpio.o(.text)
    GPIO_ReadOutputDataBit                   0x08002579   Thumb Code   240  stm32f10x_gpio.o(.text)
    GPIO_ReadOutputData                      0x08002669   Thumb Code    66  stm32f10x_gpio.o(.text)
    GPIO_SetBits                             0x080026ab   Thumb Code    86  stm32f10x_gpio.o(.text)
    GPIO_ResetBits                           0x08002701   Thumb Code    86  stm32f10x_gpio.o(.text)
    GPIO_WriteBit                            0x08002757   Thumb Code   188  stm32f10x_gpio.o(.text)
    GPIO_Write                               0x08002813   Thumb Code    66  stm32f10x_gpio.o(.text)
    GPIO_PinLockConfig                       0x08002855   Thumb Code   100  stm32f10x_gpio.o(.text)
    GPIO_EventOutputConfig                   0x080028b9   Thumb Code   138  stm32f10x_gpio.o(.text)
    GPIO_EventOutputCmd                      0x08002943   Thumb Code    30  stm32f10x_gpio.o(.text)
    GPIO_PinRemapConfig                      0x08002961   Thumb Code   552  stm32f10x_gpio.o(.text)
    GPIO_EXTILineConfig                      0x08002b89   Thumb Code   186  stm32f10x_gpio.o(.text)
    GPIO_ETH_MediaInterfaceConfig            0x08002c43   Thumb Code    30  stm32f10x_gpio.o(.text)
    RCC_DeInit                               0x08002c7d   Thumb Code    64  stm32f10x_rcc.o(.text)
    RCC_HSEConfig                            0x08002cbd   Thumb Code   100  stm32f10x_rcc.o(.text)
    RCC_GetFlagStatus                        0x08002d21   Thumb Code   118  stm32f10x_rcc.o(.text)
    RCC_WaitForHSEStartUp                    0x08002d97   Thumb Code    56  stm32f10x_rcc.o(.text)
    RCC_AdjustHSICalibrationValue            0x08002dcf   Thumb Code    38  stm32f10x_rcc.o(.text)
    RCC_HSICmd                               0x08002df5   Thumb Code    28  stm32f10x_rcc.o(.text)
    RCC_PLLConfig                            0x08002e11   Thumb Code   152  stm32f10x_rcc.o(.text)
    RCC_PLLCmd                               0x08002ea9   Thumb Code    28  stm32f10x_rcc.o(.text)
    RCC_SYSCLKConfig                         0x08002ec5   Thumb Code    42  stm32f10x_rcc.o(.text)
    RCC_GetSYSCLKSource                      0x08002eef   Thumb Code    10  stm32f10x_rcc.o(.text)
    RCC_HCLKConfig                           0x08002ef9   Thumb Code    66  stm32f10x_rcc.o(.text)
    RCC_PCLK1Config                          0x08002f3b   Thumb Code    58  stm32f10x_rcc.o(.text)
    RCC_PCLK2Config                          0x08002f75   Thumb Code    60  stm32f10x_rcc.o(.text)
    RCC_ITConfig                             0x08002fb1   Thumb Code    70  stm32f10x_rcc.o(.text)
    RCC_USBCLKConfig                         0x08002ff7   Thumb Code    30  stm32f10x_rcc.o(.text)
    RCC_ADCCLKConfig                         0x08003015   Thumb Code    52  stm32f10x_rcc.o(.text)
    RCC_LSEConfig                            0x08003049   Thumb Code   130  stm32f10x_rcc.o(.text)
    RCC_LSICmd                               0x080030cb   Thumb Code    30  stm32f10x_rcc.o(.text)
    RCC_RTCCLKConfig                         0x080030e9   Thumb Code    52  stm32f10x_rcc.o(.text)
    RCC_RTCCLKCmd                            0x0800311d   Thumb Code    32  stm32f10x_rcc.o(.text)
    RCC_GetClocksFreq                        0x0800313d   Thumb Code   208  stm32f10x_rcc.o(.text)
    RCC_AHBPeriphClockCmd                    0x0800320d   Thumb Code    86  stm32f10x_rcc.o(.text)
    RCC_APB2PeriphClockCmd                   0x08003263   Thumb Code    82  stm32f10x_rcc.o(.text)
    RCC_APB1PeriphClockCmd                   0x080032b5   Thumb Code    82  stm32f10x_rcc.o(.text)
    RCC_APB2PeriphResetCmd                   0x08003307   Thumb Code    82  stm32f10x_rcc.o(.text)
    RCC_APB1PeriphResetCmd                   0x08003359   Thumb Code    82  stm32f10x_rcc.o(.text)
    RCC_BackupResetCmd                       0x080033ab   Thumb Code    32  stm32f10x_rcc.o(.text)
    RCC_ClockSecuritySystemCmd               0x080033cb   Thumb Code    30  stm32f10x_rcc.o(.text)
    RCC_MCOConfig                            0x080033e9   Thumb Code    44  stm32f10x_rcc.o(.text)
    RCC_ClearFlag                            0x08003415   Thumb Code    18  stm32f10x_rcc.o(.text)
    RCC_GetITStatus                          0x08003427   Thumb Code    64  stm32f10x_rcc.o(.text)
    RCC_ClearITPendingBit                    0x08003467   Thumb Code    34  stm32f10x_rcc.o(.text)
    USART_DeInit                             0x080034ad   Thumb Code   174  stm32f10x_usart.o(.text)
    USART_Init                               0x0800355b   Thumb Code   450  stm32f10x_usart.o(.text)
    USART_StructInit                         0x0800371d   Thumb Code    24  stm32f10x_usart.o(.text)
    USART_ClockInit                          0x08003735   Thumb Code   162  stm32f10x_usart.o(.text)
    USART_ClockStructInit                    0x080037d7   Thumb Code    12  stm32f10x_usart.o(.text)
    USART_Cmd                                0x080037e3   Thumb Code    90  stm32f10x_usart.o(.text)
    USART_ITConfig                           0x0800383d   Thumb Code   324  stm32f10x_usart.o(.text)
    USART_DMACmd                             0x08003981   Thumb Code   114  stm32f10x_usart.o(.text)
    USART_SetAddress                         0x080039f3   Thumb Code    86  stm32f10x_usart.o(.text)
    USART_WakeUpConfig                       0x08003a49   Thumb Code    90  stm32f10x_usart.o(.text)
    USART_ReceiverWakeUpCmd                  0x08003aa3   Thumb Code    94  stm32f10x_usart.o(.text)
    USART_LINBreakDetectLengthConfig         0x08003b01   Thumb Code    88  stm32f10x_usart.o(.text)
    USART_LINCmd                             0x08003b59   Thumb Code    94  stm32f10x_usart.o(.text)
    USART_SendData                           0x08003bb7   Thumb Code    78  stm32f10x_usart.o(.text)
    USART_ReceiveData                        0x08003c05   Thumb Code    56  stm32f10x_usart.o(.text)
    USART_SendBreak                          0x08003c3d   Thumb Code    58  stm32f10x_usart.o(.text)
    USART_SetGuardTime                       0x08003c77   Thumb Code    54  stm32f10x_usart.o(.text)
    USART_SetPrescaler                       0x08003cad   Thumb Code    66  stm32f10x_usart.o(.text)
    USART_SmartCardCmd                       0x08003cef   Thumb Code   102  stm32f10x_usart.o(.text)
    USART_SmartCardNACKCmd                   0x08003d55   Thumb Code    82  stm32f10x_usart.o(.text)
    USART_HalfDuplexCmd                      0x08003da7   Thumb Code    94  stm32f10x_usart.o(.text)
    USART_OverSampling8Cmd                   0x08003e05   Thumb Code    92  stm32f10x_usart.o(.text)
    USART_OneBitMethodCmd                    0x08003e61   Thumb Code    94  stm32f10x_usart.o(.text)
    USART_IrDAConfig                         0x08003ebf   Thumb Code    88  stm32f10x_usart.o(.text)
    USART_IrDACmd                            0x08003f17   Thumb Code    94  stm32f10x_usart.o(.text)
    USART_GetFlagStatus                      0x08003f75   Thumb Code   164  stm32f10x_usart.o(.text)
    USART_ClearFlag                          0x08004019   Thumb Code   122  stm32f10x_usart.o(.text)
    USART_GetITStatus                        0x08004093   Thumb Code   280  stm32f10x_usart.o(.text)
    USART_ClearITPendingBit                  0x080041ab   Thumb Code   158  stm32f10x_usart.o(.text)
    TIM_DeInit                               0x0800425d   Thumb Code   536  stm32f10x_tim.o(.text)
    TIM_TimeBaseInit                         0x08004475   Thumb Code   308  stm32f10x_tim.o(.text)
    TIM_OC1Init                              0x080045a9   Thumb Code   556  stm32f10x_tim.o(.text)
    TIM_OC2Init                              0x080047d5   Thumb Code   438  stm32f10x_tim.o(.text)
    TIM_OC3Init                              0x0800498b   Thumb Code   458  stm32f10x_tim.o(.text)
    TIM_OC4Init                              0x08004b55   Thumb Code   302  stm32f10x_tim.o(.text)
    TIM_SetIC4Prescaler                      0x08004c83   Thumb Code   110  stm32f10x_tim.o(.text)
    TIM_SetIC3Prescaler                      0x08004d73   Thumb Code   102  stm32f10x_tim.o(.text)
    TIM_SetIC2Prescaler                      0x08004e53   Thumb Code   128  stm32f10x_tim.o(.text)
    TIM_SetIC1Prescaler                      0x08004f77   Thumb Code   156  stm32f10x_tim.o(.text)
    TIM_ICInit                               0x0800507f   Thumb Code   602  stm32f10x_tim.o(.text)
    TIM_PWMIConfig                           0x080052d9   Thumb Code   250  stm32f10x_tim.o(.text)
    TIM_BDTRConfig                           0x080053d3   Thumb Code   254  stm32f10x_tim.o(.text)
    TIM_TimeBaseStructInit                   0x080054d1   Thumb Code    18  stm32f10x_tim.o(.text)
    TIM_OCStructInit                         0x080054e3   Thumb Code    20  stm32f10x_tim.o(.text)
    TIM_ICStructInit                         0x080054f7   Thumb Code    18  stm32f10x_tim.o(.text)
    TIM_BDTRStructInit                       0x08005509   Thumb Code    18  stm32f10x_tim.o(.text)
    TIM_Cmd                                  0x0800551b   Thumb Code   166  stm32f10x_tim.o(.text)
    TIM_CtrlPWMOutputs                       0x080055c1   Thumb Code   100  stm32f10x_tim.o(.text)
    TIM_ITConfig                             0x08005625   Thumb Code   178  stm32f10x_tim.o(.text)
    TIM_GenerateEvent                        0x080056d7   Thumb Code   144  stm32f10x_tim.o(.text)
    TIM_DMAConfig                            0x08005767   Thumb Code   358  stm32f10x_tim.o(.text)
    TIM_DMACmd                               0x080058cd   Thumb Code   144  stm32f10x_tim.o(.text)
    TIM_InternalClockConfig                  0x0800595d   Thumb Code    82  stm32f10x_tim.o(.text)
    TIM_SelectInputTrigger                   0x080059af   Thumb Code   130  stm32f10x_tim.o(.text)
    TIM_ITRxExternalClockConfig              0x08005a31   Thumb Code   116  stm32f10x_tim.o(.text)
    TIM_TIxExternalClockConfig               0x08005aa5   Thumb Code   186  stm32f10x_tim.o(.text)
    TIM_ETRConfig                            0x08005b5f   Thumb Code   164  stm32f10x_tim.o(.text)
    TIM_ETRClockMode1Config                  0x08005c03   Thumb Code   226  stm32f10x_tim.o(.text)
    TIM_ETRClockMode2Config                  0x08005ce5   Thumb Code   152  stm32f10x_tim.o(.text)
    TIM_PrescalerConfig                      0x08005d7d   Thumb Code   146  stm32f10x_tim.o(.text)
    TIM_CounterModeConfig                    0x08005e0f   Thumb Code   100  stm32f10x_tim.o(.text)
    TIM_EncoderInterfaceConfig               0x08005e73   Thumb Code   212  stm32f10x_tim.o(.text)
    TIM_ForcedOC1Config                      0x08005f47   Thumb Code   144  stm32f10x_tim.o(.text)
    TIM_ForcedOC2Config                      0x08005fd7   Thumb Code   116  stm32f10x_tim.o(.text)
    TIM_ForcedOC3Config                      0x0800604b   Thumb Code   160  stm32f10x_tim.o(.text)
    TIM_ForcedOC4Config                      0x080060eb   Thumb Code    98  stm32f10x_tim.o(.text)
    TIM_ARRPreloadConfig                     0x0800614d   Thumb Code   162  stm32f10x_tim.o(.text)
    TIM_SelectCOM                            0x080061ef   Thumb Code    90  stm32f10x_tim.o(.text)
    TIM_SelectCCDMA                          0x08006249   Thumb Code   114  stm32f10x_tim.o(.text)
    TIM_CCPreloadControl                     0x080062bb   Thumb Code   102  stm32f10x_tim.o(.text)
    TIM_OC1PreloadConfig                     0x08006321   Thumb Code   142  stm32f10x_tim.o(.text)
    TIM_OC2PreloadConfig                     0x080063af   Thumb Code   114  stm32f10x_tim.o(.text)
    TIM_OC3PreloadConfig                     0x08006421   Thumb Code    88  stm32f10x_tim.o(.text)
    TIM_OC4PreloadConfig                     0x08006479   Thumb Code   166  stm32f10x_tim.o(.text)
    TIM_OC1FastConfig                        0x0800651f   Thumb Code   142  stm32f10x_tim.o(.text)
    TIM_OC2FastConfig                        0x080065ad   Thumb Code   114  stm32f10x_tim.o(.text)
    TIM_OC3FastConfig                        0x0800661f   Thumb Code    88  stm32f10x_tim.o(.text)
    TIM_OC4FastConfig                        0x08006677   Thumb Code    96  stm32f10x_tim.o(.text)
    TIM_ClearOC1Ref                          0x080066d7   Thumb Code    88  stm32f10x_tim.o(.text)
    TIM_ClearOC2Ref                          0x0800672f   Thumb Code    94  stm32f10x_tim.o(.text)
    TIM_ClearOC3Ref                          0x0800678d   Thumb Code    88  stm32f10x_tim.o(.text)
    TIM_ClearOC4Ref                          0x080067e5   Thumb Code    94  stm32f10x_tim.o(.text)
    TIM_OC1PolarityConfig                    0x08006843   Thumb Code   202  stm32f10x_tim.o(.text)
    TIM_OC1NPolarityConfig                   0x0800690d   Thumb Code    82  stm32f10x_tim.o(.text)
    TIM_OC2PolarityConfig                    0x0800695f   Thumb Code   114  stm32f10x_tim.o(.text)
    TIM_OC2NPolarityConfig                   0x080069d1   Thumb Code    72  stm32f10x_tim.o(.text)
    TIM_OC3PolarityConfig                    0x08006a19   Thumb Code    96  stm32f10x_tim.o(.text)
    TIM_OC3NPolarityConfig                   0x08006a79   Thumb Code    72  stm32f10x_tim.o(.text)
    TIM_OC4PolarityConfig                    0x08006ac1   Thumb Code    96  stm32f10x_tim.o(.text)
    TIM_CCxCmd                               0x08006b21   Thumb Code   186  stm32f10x_tim.o(.text)
    TIM_CCxNCmd                              0x08006bdb   Thumb Code   122  stm32f10x_tim.o(.text)
    TIM_SelectOCxM                           0x08006c55   Thumb Code   326  stm32f10x_tim.o(.text)
    TIM_UpdateDisableConfig                  0x08006d9b   Thumb Code   162  stm32f10x_tim.o(.text)
    TIM_UpdateRequestConfig                  0x08006e3d   Thumb Code   162  stm32f10x_tim.o(.text)
    TIM_SelectHallSensor                     0x08006edf   Thumb Code   114  stm32f10x_tim.o(.text)
    TIM_SelectOnePulseMode                   0x08006f51   Thumb Code   156  stm32f10x_tim.o(.text)
    TIM_SelectOutputTrigger                  0x08006fed   Thumb Code   144  stm32f10x_tim.o(.text)
    TIM_SelectSlaveMode                      0x0800707d   Thumb Code   118  stm32f10x_tim.o(.text)
    TIM_SelectMasterSlaveMode                0x080070f3   Thumb Code   176  stm32f10x_tim.o(.text)
    TIM_SetCounter                           0x080071a3   Thumb Code   124  stm32f10x_tim.o(.text)
    TIM_SetAutoreload                        0x0800721f   Thumb Code   124  stm32f10x_tim.o(.text)
    TIM_SetCompare1                          0x0800729b   Thumb Code   112  stm32f10x_tim.o(.text)
    TIM_SetCompare2                          0x0800730b   Thumb Code    76  stm32f10x_tim.o(.text)
    TIM_SetCompare3                          0x08007357   Thumb Code    58  stm32f10x_tim.o(.text)
    TIM_SetCompare4                          0x08007391   Thumb Code    60  stm32f10x_tim.o(.text)
    TIM_SetClockDivision                     0x080073cd   Thumb Code   152  stm32f10x_tim.o(.text)
    TIM_GetCapture1                          0x08007465   Thumb Code   110  stm32f10x_tim.o(.text)
    TIM_GetCapture2                          0x080074d3   Thumb Code    74  stm32f10x_tim.o(.text)
    TIM_GetCapture3                          0x0800751d   Thumb Code   124  stm32f10x_tim.o(.text)
    TIM_GetCapture4                          0x08007599   Thumb Code    58  stm32f10x_tim.o(.text)
    TIM_GetCounter                           0x080075d3   Thumb Code   122  stm32f10x_tim.o(.text)
    TIM_GetPrescaler                         0x0800764d   Thumb Code   122  stm32f10x_tim.o(.text)
    TIM_GetFlagStatus                        0x080076c7   Thumb Code   206  stm32f10x_tim.o(.text)
    TIM_ClearFlag                            0x08007795   Thumb Code   146  stm32f10x_tim.o(.text)
    TIM_GetITStatus                          0x08007827   Thumb Code   204  stm32f10x_tim.o(.text)
    TIM_ClearITPendingBit                    0x080078f3   Thumb Code   214  stm32f10x_tim.o(.text)
    SPI_I2S_DeInit                           0x080079c9   Thumb Code   104  stm32f10x_spi.o(.text)
    SPI_Init                                 0x08007a31   Thumb Code   328  stm32f10x_spi.o(.text)
    I2S_Init                                 0x08007b79   Thumb Code   434  stm32f10x_spi.o(.text)
    SPI_StructInit                           0x08007d2b   Thumb Code    24  stm32f10x_spi.o(.text)
    I2S_StructInit                           0x08007d43   Thumb Code    20  stm32f10x_spi.o(.text)
    SPI_Cmd                                  0x08007d57   Thumb Code    78  stm32f10x_spi.o(.text)
    I2S_Cmd                                  0x08007da5   Thumb Code   132  stm32f10x_spi.o(.text)
    SPI_I2S_ITConfig                         0x08007e29   Thumb Code   126  stm32f10x_spi.o(.text)
    SPI_I2S_DMACmd                           0x08007ea7   Thumb Code   102  stm32f10x_spi.o(.text)
    SPI_I2S_SendData                         0x08007f0d   Thumb Code    42  stm32f10x_spi.o(.text)
    SPI_I2S_ReceiveData                      0x08007f37   Thumb Code    40  stm32f10x_spi.o(.text)
    SPI_NSSInternalSoftwareConfig            0x08007f5f   Thumb Code    96  stm32f10x_spi.o(.text)
    SPI_SSOutputCmd                          0x08007fbf   Thumb Code    82  stm32f10x_spi.o(.text)
    SPI_DataSizeConfig                       0x08008011   Thumb Code    78  stm32f10x_spi.o(.text)
    SPI_TransmitCRC                          0x0800805f   Thumb Code    46  stm32f10x_spi.o(.text)
    SPI_CalculateCRC                         0x0800808d   Thumb Code    82  stm32f10x_spi.o(.text)
    SPI_GetCRC                               0x080080df   Thumb Code    74  stm32f10x_spi.o(.text)
    SPI_GetCRCPolynomial                     0x08008129   Thumb Code    40  stm32f10x_spi.o(.text)
    SPI_BiDirectionalLineConfig              0x08008151   Thumb Code    94  stm32f10x_spi.o(.text)
    SPI_I2S_GetFlagStatus                    0x080081af   Thumb Code   114  stm32f10x_spi.o(.text)
    SPI_I2S_ClearFlag                        0x08008221   Thumb Code    62  stm32f10x_spi.o(.text)
    SPI_I2S_GetITStatus                      0x0800825f   Thumb Code   138  stm32f10x_spi.o(.text)
    SPI_I2S_ClearITPendingBit                0x080082e9   Thumb Code    74  stm32f10x_spi.o(.text)
    __use_no_semihosting                     0x08008341   Thumb Code     2  use_no_semi_2.o(.text)
    __2printf                                0x08008345   Thumb Code    20  noretval__2printf.o(.text)
    _printf_pre_padding                      0x0800835d   Thumb Code    44  _printf_pad.o(.text)
    _printf_post_padding                     0x08008389   Thumb Code    34  _printf_pad.o(.text)
    _printf_str                              0x080083ab   Thumb Code    82  _printf_str.o(.text)
    _printf_int_dec                          0x080083fd   Thumb Code   104  _printf_dec.o(.text)
    _printf_int_hex                          0x08008475   Thumb Code    84  _printf_hex_int.o(.text)
    _printf_longlong_hex                     0x08008475   Thumb Code     0  _printf_hex_int.o(.text)
    __printf                                 0x080084cd   Thumb Code   308  __printf_flags_wp.o(.text)
    strstr                                   0x08008605   Thumb Code    36  strstr.o(.text)
    strcpy                                   0x08008629   Thumb Code    72  strcpy.o(.text)
    __aeabi_memcpy                           0x08008671   Thumb Code     0  rt_memcpy_v6.o(.text)
    __rt_memcpy                              0x08008671   Thumb Code   138  rt_memcpy_v6.o(.text)
    _memcpy_lastbytes                        0x080086d7   Thumb Code     0  rt_memcpy_v6.o(.text)
    __aeabi_memclr                           0x080086fb   Thumb Code     0  rt_memclr.o(.text)
    __rt_memclr                              0x080086fb   Thumb Code    68  rt_memclr.o(.text)
    _memset                                  0x080086ff   Thumb Code     0  rt_memclr.o(.text)
    __use_two_region_memory                  0x0800873f   Thumb Code     2  heapauxi.o(.text)
    __rt_heap_escrow$2region                 0x08008741   Thumb Code     2  heapauxi.o(.text)
    __rt_heap_expand$2region                 0x08008743   Thumb Code     2  heapauxi.o(.text)
    __I$use$semihosting                      0x08008745   Thumb Code     0  use_no_semi.o(.text)
    __use_no_semihosting_swi                 0x08008745   Thumb Code     2  use_no_semi.o(.text)
    __read_errno                             0x08008747   Thumb Code    10  _rserrno.o(.text)
    __set_errno                              0x08008751   Thumb Code    12  _rserrno.o(.text)
    _printf_int_common                       0x0800875d   Thumb Code   178  _printf_intcommon.o(.text)
    _printf_cs_common                        0x0800880f   Thumb Code    20  _printf_char.o(.text)
    _printf_char                             0x08008823   Thumb Code    16  _printf_char.o(.text)
    _printf_string                           0x08008833   Thumb Code     8  _printf_char.o(.text)
    _printf_char_file                        0x0800883d   Thumb Code    32  _printf_char_file.o(.text)
    __aeabi_memcpy4                          0x08008861   Thumb Code     0  rt_memcpy_w.o(.text)
    __aeabi_memcpy8                          0x08008861   Thumb Code     0  rt_memcpy_w.o(.text)
    __rt_memcpy_w                            0x08008861   Thumb Code   100  rt_memcpy_w.o(.text)
    _memcpy_lastbytes_aligned                0x080088a9   Thumb Code     0  rt_memcpy_w.o(.text)
    __aeabi_memclr4                          0x080088c5   Thumb Code     0  rt_memclr_w.o(.text)
    __aeabi_memclr8                          0x080088c5   Thumb Code     0  rt_memclr_w.o(.text)
    __rt_memclr_w                            0x080088c5   Thumb Code    78  rt_memclr_w.o(.text)
    _memset_w                                0x080088c9   Thumb Code     0  rt_memclr_w.o(.text)
    __aeabi_errno_addr                       0x08008915   Thumb Code     8  rt_errno_addr_intlibspace.o(.text)
    __errno$intlibspace                      0x08008915   Thumb Code     0  rt_errno_addr_intlibspace.o(.text)
    __rt_errno_addr$intlibspace              0x08008915   Thumb Code     0  rt_errno_addr_intlibspace.o(.text)
    _printf_char_common                      0x08008927   Thumb Code    32  _printf_char_common.o(.text)
    ferror                                   0x0800894d   Thumb Code     8  ferror.o(.text)
    __user_libspace                          0x08008955   Thumb Code     8  libspace.o(.text)
    __user_perproc_libspace                  0x08008955   Thumb Code     0  libspace.o(.text)
    __user_perthread_libspace                0x08008955   Thumb Code     0  libspace.o(.text)
    __user_setup_stackheap                   0x0800895d   Thumb Code    74  sys_stackheap_outer.o(.text)
    exit                                     0x080089a7   Thumb Code    12  exit.o(.text)
    __ARM_fpclassify                         0x080089b3   Thumb Code    40  fpclassify.o(i.__ARM_fpclassify)
    __kernel_poly                            0x080089db   Thumb Code   170  poly.o(i.__kernel_poly)
    __mathlib_dbl_divzero                    0x08008a85   Thumb Code    12  dunder.o(i.__mathlib_dbl_divzero)
    __mathlib_dbl_infnan2                    0x08008a95   Thumb Code     4  dunder.o(i.__mathlib_dbl_infnan2)
    __mathlib_dbl_invalid                    0x08008a99   Thumb Code    12  dunder.o(i.__mathlib_dbl_invalid)
    __mathlib_dbl_overflow                   0x08008aa5   Thumb Code    14  dunder.o(i.__mathlib_dbl_overflow)
    __mathlib_dbl_underflow                  0x08008ab5   Thumb Code    10  dunder.o(i.__mathlib_dbl_underflow)
    _is_digit                                0x08008ac5   Thumb Code    14  __printf_wp.o(i._is_digit)
    pow                                      0x08008ad5   Thumb Code  2478  pow.o(i.pow)
    sqrt                                     0x0800948d   Thumb Code    76  sqrt.o(i.sqrt)
    __aeabi_d2f                              0x080094d9   Thumb Code     0  d2f.o(x$fpl$d2f)
    _d2f                                     0x080094d9   Thumb Code    98  d2f.o(x$fpl$d2f)
    __aeabi_dadd                             0x0800953d   Thumb Code     0  daddsub_clz.o(x$fpl$dadd)
    _dadd                                    0x0800953d   Thumb Code   332  daddsub_clz.o(x$fpl$dadd)
    __fpl_dcheck_NaN1                        0x0800968d   Thumb Code    10  dcheck1.o(x$fpl$dcheck1)
    __fpl_dcmp_Inf                           0x0800969d   Thumb Code    24  dcmpi.o(x$fpl$dcmpinf)
    __aeabi_ddiv                             0x080096b5   Thumb Code     0  ddiv.o(x$fpl$ddiv)
    _ddiv                                    0x080096b5   Thumb Code   552  ddiv.o(x$fpl$ddiv)
    __aeabi_d2iz                             0x08009965   Thumb Code     0  dfix.o(x$fpl$dfix)
    _dfix                                    0x08009965   Thumb Code    94  dfix.o(x$fpl$dfix)
    __aeabi_i2d                              0x080099c3   Thumb Code     0  dflt_clz.o(x$fpl$dflt)
    _dflt                                    0x080099c3   Thumb Code    46  dflt_clz.o(x$fpl$dflt)
    __aeabi_cdcmple                          0x080099f1   Thumb Code     0  dleqf.o(x$fpl$dleqf)
    _dcmple                                  0x080099f1   Thumb Code   120  dleqf.o(x$fpl$dleqf)
    __fpl_dcmple_InfNaN                      0x08009a53   Thumb Code     0  dleqf.o(x$fpl$dleqf)
    __aeabi_dmul                             0x08009a69   Thumb Code     0  dmul.o(x$fpl$dmul)
    _dmul                                    0x08009a69   Thumb Code   332  dmul.o(x$fpl$dmul)
    __fpl_dnaninf                            0x08009bbd   Thumb Code   156  dnaninf.o(x$fpl$dnaninf)
    __fpl_dretinf                            0x08009c59   Thumb Code    12  dretinf.o(x$fpl$dretinf)
    __aeabi_cdrcmple                         0x08009c65   Thumb Code     0  drleqf.o(x$fpl$drleqf)
    _drcmple                                 0x08009c65   Thumb Code   108  drleqf.o(x$fpl$drleqf)
    __aeabi_drsub                            0x08009cd1   Thumb Code     0  daddsub_clz.o(x$fpl$drsb)
    _drsb                                    0x08009cd1   Thumb Code    22  daddsub_clz.o(x$fpl$drsb)
    _dsqrt                                   0x08009ce9   Thumb Code   456  dsqrt_noumaal.o(x$fpl$dsqrt)
    __aeabi_dsub                             0x08009eb5   Thumb Code     0  daddsub_clz.o(x$fpl$dsub)
    _dsub                                    0x08009eb5   Thumb Code   464  daddsub_clz.o(x$fpl$dsub)
    __aeabi_i2f                              0x0800a089   Thumb Code     0  fflt_clz.o(x$fpl$fflt)
    _fflt                                    0x0800a089   Thumb Code    48  fflt_clz.o(x$fpl$fflt)
    __fpl_fretinf                            0x0800a0b9   Thumb Code    10  fretinf.o(x$fpl$fretinf)
    __fpl_return_NaN                         0x0800a0c3   Thumb Code   100  retnan.o(x$fpl$retnan)
    __ARM_scalbn                             0x0800a127   Thumb Code    92  scalbn.o(x$fpl$scalbn)
    __fpl_cmpreturn                          0x0800a183   Thumb Code    48  trapv.o(x$fpl$trapveneer)
    __I$use$fp                               0x0800a1b2   Number         0  usenofp.o(x$fpl$usenofp)
    __mathlib_zero                           0x0800a278   Data           8  qnan.o(.constdata)
    Region$$Table$$Base                      0x0800a2ac   Number         0  anon$$obj.o(Region$$Table)
    Region$$Table$$Limit                     0x0800a2cc   Number         0  anon$$obj.o(Region$$Table)
    SystemCoreClock                          0x20000000   Data           4  system_stm32f10x.o(.data)
    AHBPrescTable                            0x20000004   Data          16  system_stm32f10x.o(.data)
    point1                                   0x20000014   Data           2  gps.o(.data)
    AC1                                      0x20000018   Data           2  bmp.o(.data)
    AC2                                      0x2000001a   Data           2  bmp.o(.data)
    AC3                                      0x2000001c   Data           2  bmp.o(.data)
    AC4                                      0x2000001e   Data           2  bmp.o(.data)
    AC5                                      0x20000020   Data           2  bmp.o(.data)
    AC6                                      0x20000022   Data           2  bmp.o(.data)
    B1                                       0x20000024   Data           2  bmp.o(.data)
    B2                                       0x20000026   Data           2  bmp.o(.data)
    MB                                       0x20000028   Data           2  bmp.o(.data)
    MC                                       0x2000002a   Data           2  bmp.o(.data)
    MD                                       0x2000002c   Data           2  bmp.o(.data)
    BMPUP                                    0x20000030   Data           4  bmp.o(.data)
    BMPUT                                    0x20000034   Data           4  bmp.o(.data)
    True_Temp                                0x20000038   Data           4  bmp.o(.data)
    True_Press                               0x2000003c   Data           4  bmp.o(.data)
    True_Altitude                            0x20000040   Data           4  bmp.o(.data)
    SIM_First_Int                            0x20000044   Data           1  sim.o(.data)
    ip_string                                0x20000048   Data           4  sim.o(.data)
    CT                                       0x2000004c   Data           2  rc522.o(.data)
    SN                                       0x2000004e   Data           4  rc522.o(.data)
    KEY                                      0x20000052   Data           6  rc522.o(.data)
    __stdout                                 0x2000005c   Data           4  usart.o(.data)
    Save_Data                                0x20000074   Data         121  gps.o(.bss)
    USART_RX_BUF                             0x200000ed   Data         200  gps.o(.bss)
    gpsbuf                                   0x200001b5   Data          30  gps.o(.bss)
    SIM_Buf                                  0x200001d3   Data         200  sim.o(.bss)
    RFID_ID                                  0x2000029b   Data          16  rc522.o(.bss)
    __libspace_start                         0x200002ac   Data          96  libspace.o(.bss)
    __temporary_stack_top$libspace           0x2000030c   Data           0  libspace.o(.bss)



==============================================================================

Memory Map of the image

  Image Entry point : 0x08000131

  Load Region LR_IROM1 (Base: 0x08000000, Size: 0x0000a340, Max: 0x00080000, ABSOLUTE)

    Execution Region ER_IROM1 (Base: 0x08000000, Size: 0x0000a2cc, Max: 0x00080000, ABSOLUTE)

    Base Addr    Size         Type   Attr      Idx    E Section Name        Object

    0x08000000   0x00000130   Data   RO          393    RESET               startup_stm32f10x_hd.o
    0x08000130   0x00000008   Code   RO          555  * !!!main             c_w.l(__main.o)
    0x08000138   0x00000034   Code   RO          825    !!!scatter          c_w.l(__scatter.o)
    0x0800016c   0x0000001a   Code   RO          827    !!handler_copy      c_w.l(__scatter_copy.o)
    0x08000186   0x00000002   PAD
    0x08000188   0x0000001c   Code   RO          829    !!handler_zi        c_w.l(__scatter_zi.o)
    0x080001a4   0x00000000   Code   RO          544    .ARM.Collect$$_printf_percent$$00000000  c_w.l(_printf_percent.o)
    0x080001a4   0x00000006   Code   RO          543    .ARM.Collect$$_printf_percent$$00000009  c_w.l(_printf_d.o)
    0x080001aa   0x00000006   Code   RO          542    .ARM.Collect$$_printf_percent$$0000000C  c_w.l(_printf_x.o)
    0x080001b0   0x00000006   Code   RO          541    .ARM.Collect$$_printf_percent$$00000014  c_w.l(_printf_s.o)
    0x080001b6   0x00000004   Code   RO          608    .ARM.Collect$$_printf_percent$$00000017  c_w.l(_printf_percent_end.o)
    0x080001ba   0x00000002   Code   RO          697    .ARM.Collect$$libinit$$00000000  c_w.l(libinit.o)
    0x080001bc   0x00000000   Code   RO          705    .ARM.Collect$$libinit$$00000002  c_w.l(libinit2.o)
    0x080001bc   0x00000000   Code   RO          707    .ARM.Collect$$libinit$$00000004  c_w.l(libinit2.o)
    0x080001bc   0x00000000   Code   RO          710    .ARM.Collect$$libinit$$0000000A  c_w.l(libinit2.o)
    0x080001bc   0x00000000   Code   RO          712    .ARM.Collect$$libinit$$0000000C  c_w.l(libinit2.o)
    0x080001bc   0x00000000   Code   RO          714    .ARM.Collect$$libinit$$0000000E  c_w.l(libinit2.o)
    0x080001bc   0x00000000   Code   RO          717    .ARM.Collect$$libinit$$00000011  c_w.l(libinit2.o)
    0x080001bc   0x00000000   Code   RO          719    .ARM.Collect$$libinit$$00000013  c_w.l(libinit2.o)
    0x080001bc   0x00000000   Code   RO          721    .ARM.Collect$$libinit$$00000015  c_w.l(libinit2.o)
    0x080001bc   0x00000000   Code   RO          723    .ARM.Collect$$libinit$$00000017  c_w.l(libinit2.o)
    0x080001bc   0x00000000   Code   RO          725    .ARM.Collect$$libinit$$00000019  c_w.l(libinit2.o)
    0x080001bc   0x00000000   Code   RO          727    .ARM.Collect$$libinit$$0000001B  c_w.l(libinit2.o)
    0x080001bc   0x00000000   Code   RO          729    .ARM.Collect$$libinit$$0000001D  c_w.l(libinit2.o)
    0x080001bc   0x00000000   Code   RO          731    .ARM.Collect$$libinit$$0000001F  c_w.l(libinit2.o)
    0x080001bc   0x00000000   Code   RO          733    .ARM.Collect$$libinit$$00000021  c_w.l(libinit2.o)
    0x080001bc   0x00000000   Code   RO          735    .ARM.Collect$$libinit$$00000023  c_w.l(libinit2.o)
    0x080001bc   0x00000000   Code   RO          737    .ARM.Collect$$libinit$$00000025  c_w.l(libinit2.o)
    0x080001bc   0x00000000   Code   RO          741    .ARM.Collect$$libinit$$0000002C  c_w.l(libinit2.o)
    0x080001bc   0x00000000   Code   RO          743    .ARM.Collect$$libinit$$0000002E  c_w.l(libinit2.o)
    0x080001bc   0x00000000   Code   RO          745    .ARM.Collect$$libinit$$00000030  c_w.l(libinit2.o)
    0x080001bc   0x00000000   Code   RO          747    .ARM.Collect$$libinit$$00000032  c_w.l(libinit2.o)
    0x080001bc   0x00000002   Code   RO          748    .ARM.Collect$$libinit$$00000033  c_w.l(libinit2.o)
    0x080001be   0x00000002   Code   RO          768    .ARM.Collect$$libshutdown$$00000000  c_w.l(libshutdown.o)
    0x080001c0   0x00000000   Code   RO          779    .ARM.Collect$$libshutdown$$00000003  c_w.l(libshutdown2.o)
    0x080001c0   0x00000000   Code   RO          782    .ARM.Collect$$libshutdown$$00000006  c_w.l(libshutdown2.o)
    0x080001c0   0x00000000   Code   RO          785    .ARM.Collect$$libshutdown$$00000009  c_w.l(libshutdown2.o)
    0x080001c0   0x00000000   Code   RO          787    .ARM.Collect$$libshutdown$$0000000B  c_w.l(libshutdown2.o)
    0x080001c0   0x00000000   Code   RO          790    .ARM.Collect$$libshutdown$$0000000E  c_w.l(libshutdown2.o)
    0x080001c0   0x00000002   Code   RO          791    .ARM.Collect$$libshutdown$$0000000F  c_w.l(libshutdown2.o)
    0x080001c2   0x00000000   Code   RO          599    .ARM.Collect$$rtentry$$00000000  c_w.l(__rtentry.o)
    0x080001c2   0x00000000   Code   RO          652    .ARM.Collect$$rtentry$$00000002  c_w.l(__rtentry2.o)
    0x080001c2   0x00000006   Code   RO          664    .ARM.Collect$$rtentry$$00000004  c_w.l(__rtentry4.o)
    0x080001c8   0x00000000   Code   RO          654    .ARM.Collect$$rtentry$$00000009  c_w.l(__rtentry2.o)
    0x080001c8   0x00000004   Code   RO          655    .ARM.Collect$$rtentry$$0000000A  c_w.l(__rtentry2.o)
    0x080001cc   0x00000000   Code   RO          657    .ARM.Collect$$rtentry$$0000000C  c_w.l(__rtentry2.o)
    0x080001cc   0x00000008   Code   RO          658    .ARM.Collect$$rtentry$$0000000D  c_w.l(__rtentry2.o)
    0x080001d4   0x00000002   Code   RO          702    .ARM.Collect$$rtexit$$00000000  c_w.l(rtexit.o)
    0x080001d6   0x00000000   Code   RO          752    .ARM.Collect$$rtexit$$00000002  c_w.l(rtexit2.o)
    0x080001d6   0x00000004   Code   RO          753    .ARM.Collect$$rtexit$$00000003  c_w.l(rtexit2.o)
    0x080001da   0x00000006   Code   RO          754    .ARM.Collect$$rtexit$$00000004  c_w.l(rtexit2.o)
    0x080001e0   0x0000008c   Code   RO            1    .text               main.o
    0x0800026c   0x0000001a   Code   RO          142    .text               stm32f10x_it.o
    0x08000286   0x00000002   PAD
    0x08000288   0x000001e0   Code   RO          183    .text               system_stm32f10x.o
    0x08000468   0x00000030   Code   RO          201    .text               led.o
    0x08000498   0x00000278   Code   RO          226    .text               gps.o
    0x08000710   0x000002ec   Code   RO          242    .text               bmp.o
    0x080009fc   0x00000494   Code   RO          265    .text               sim.o
    0x08000e90   0x00000960   Code   RO          282    .text               rc522.o
    0x080017f0   0x000000d4   Code   RO          298    .text               delay.o
    0x080018c4   0x00000310   Code   RO          329    .text               usart.o
    0x08001bd4   0x000003b0   Code   RO          357    .text               iic.o
    0x08001f84   0x00000078   Code   RO          369    .text               time.o
    0x08001ffc   0x00000040   Code   RO          394    .text               startup_stm32f10x_hd.o
    0x0800203c   0x000001d4   Code   RO          398    .text               misc.o
    0x08002210   0x00000a6c   Code   RO          410    .text               stm32f10x_gpio.o
    0x08002c7c   0x00000830   Code   RO          422    .text               stm32f10x_rcc.o
    0x080034ac   0x00000db0   Code   RO          436    .text               stm32f10x_usart.o
    0x0800425c   0x0000376c   Code   RO          460    .text               stm32f10x_tim.o
    0x080079c8   0x00000978   Code   RO          472    .text               stm32f10x_spi.o
    0x08008340   0x00000002   Code   RO          486    .text               c_w.l(use_no_semi_2.o)
    0x08008342   0x00000002   PAD
    0x08008344   0x00000018   Code   RO          490    .text               c_w.l(noretval__2printf.o)
    0x0800835c   0x0000004e   Code   RO          494    .text               c_w.l(_printf_pad.o)
    0x080083aa   0x00000052   Code   RO          496    .text               c_w.l(_printf_str.o)
    0x080083fc   0x00000078   Code   RO          498    .text               c_w.l(_printf_dec.o)
    0x08008474   0x00000058   Code   RO          503    .text               c_w.l(_printf_hex_int.o)
    0x080084cc   0x00000138   Code   RO          533    .text               c_w.l(__printf_flags_wp.o)
    0x08008604   0x00000024   Code   RO          545    .text               c_w.l(strstr.o)
    0x08008628   0x00000048   Code   RO          547    .text               c_w.l(strcpy.o)
    0x08008670   0x0000008a   Code   RO          549    .text               c_w.l(rt_memcpy_v6.o)
    0x080086fa   0x00000044   Code   RO          551    .text               c_w.l(rt_memclr.o)
    0x0800873e   0x00000006   Code   RO          553    .text               c_w.l(heapauxi.o)
    0x08008744   0x00000002   Code   RO          597    .text               c_w.l(use_no_semi.o)
    0x08008746   0x00000016   Code   RO          600    .text               c_w.l(_rserrno.o)
    0x0800875c   0x000000b2   Code   RO          602    .text               c_w.l(_printf_intcommon.o)
    0x0800880e   0x0000002c   Code   RO          604    .text               c_w.l(_printf_char.o)
    0x0800883a   0x00000002   PAD
    0x0800883c   0x00000024   Code   RO          606    .text               c_w.l(_printf_char_file.o)
    0x08008860   0x00000064   Code   RO          609    .text               c_w.l(rt_memcpy_w.o)
    0x080088c4   0x0000004e   Code   RO          611    .text               c_w.l(rt_memclr_w.o)
    0x08008912   0x00000002   PAD
    0x08008914   0x00000008   Code   RO          669    .text               c_w.l(rt_errno_addr_intlibspace.o)
    0x0800891c   0x00000030   Code   RO          671    .text               c_w.l(_printf_char_common.o)
    0x0800894c   0x00000008   Code   RO          673    .text               c_w.l(ferror.o)
    0x08008954   0x00000008   Code   RO          683    .text               c_w.l(libspace.o)
    0x0800895c   0x0000004a   Code   RO          686    .text               c_w.l(sys_stackheap_outer.o)
    0x080089a6   0x0000000c   Code   RO          690    .text               c_w.l(exit.o)
    0x080089b2   0x00000028   Code   RO          638    i.__ARM_fpclassify  m_ws.l(fpclassify.o)
    0x080089da   0x000000aa   Code   RO          640    i.__kernel_poly     m_ws.l(poly.o)
    0x08008a84   0x00000010   Code   RO          624    i.__mathlib_dbl_divzero  m_ws.l(dunder.o)
    0x08008a94   0x00000004   Code   RO          626    i.__mathlib_dbl_infnan2  m_ws.l(dunder.o)
    0x08008a98   0x0000000c   Code   RO          627    i.__mathlib_dbl_invalid  m_ws.l(dunder.o)
    0x08008aa4   0x0000000e   Code   RO          628    i.__mathlib_dbl_overflow  m_ws.l(dunder.o)
    0x08008ab2   0x00000002   PAD
    0x08008ab4   0x00000010   Code   RO          630    i.__mathlib_dbl_underflow  m_ws.l(dunder.o)
    0x08008ac4   0x0000000e   Code   RO          531    i._is_digit         c_w.l(__printf_wp.o)
    0x08008ad2   0x00000002   PAD
    0x08008ad4   0x000009b8   Code   RO          588    i.pow               m_ws.l(pow.o)
    0x0800948c   0x0000004c   Code   RO          644    i.sqrt              m_ws.l(sqrt.o)
    0x080094d8   0x00000062   Code   RO          557    x$fpl$d2f           fz_ws.l(d2f.o)
    0x0800953a   0x00000002   PAD
    0x0800953c   0x00000150   Code   RO          559    x$fpl$dadd          fz_ws.l(daddsub_clz.o)
    0x0800968c   0x00000010   Code   RO          677    x$fpl$dcheck1       fz_ws.l(dcheck1.o)
    0x0800969c   0x00000018   Code   RO          698    x$fpl$dcmpinf       fz_ws.l(dcmpi.o)
    0x080096b4   0x000002b0   Code   RO          566    x$fpl$ddiv          fz_ws.l(ddiv.o)
    0x08009964   0x0000005e   Code   RO          569    x$fpl$dfix          fz_ws.l(dfix.o)
    0x080099c2   0x0000002e   Code   RO          574    x$fpl$dflt          fz_ws.l(dflt_clz.o)
    0x080099f0   0x00000078   Code   RO          679    x$fpl$dleqf         fz_ws.l(dleqf.o)
    0x08009a68   0x00000154   Code   RO          579    x$fpl$dmul          fz_ws.l(dmul.o)
    0x08009bbc   0x0000009c   Code   RO          613    x$fpl$dnaninf       fz_ws.l(dnaninf.o)
    0x08009c58   0x0000000c   Code   RO          615    x$fpl$dretinf       fz_ws.l(dretinf.o)
    0x08009c64   0x0000006c   Code   RO          617    x$fpl$drleqf        fz_ws.l(drleqf.o)
    0x08009cd0   0x00000016   Code   RO          560    x$fpl$drsb          fz_ws.l(daddsub_clz.o)
    0x08009ce6   0x00000002   PAD
    0x08009ce8   0x000001cc   Code   RO          681    x$fpl$dsqrt         fz_ws.l(dsqrt_noumaal.o)
    0x08009eb4   0x000001d4   Code   RO          561    x$fpl$dsub          fz_ws.l(daddsub_clz.o)
    0x0800a088   0x00000030   Code   RO          582    x$fpl$fflt          fz_ws.l(fflt_clz.o)
    0x0800a0b8   0x0000000a   Code   RO          619    x$fpl$fretinf       fz_ws.l(fretinf.o)
    0x0800a0c2   0x00000064   Code   RO          700    x$fpl$retnan        fz_ws.l(retnan.o)
    0x0800a126   0x0000005c   Code   RO          621    x$fpl$scalbn        fz_ws.l(scalbn.o)
    0x0800a182   0x00000030   Code   RO          749    x$fpl$trapveneer    fz_ws.l(trapv.o)
    0x0800a1b2   0x00000000   Code   RO          623    x$fpl$usenofp       fz_ws.l(usenofp.o)
    0x0800a1b2   0x00000028   Data   RO          504    .constdata          c_w.l(_printf_hex_int.o)
    0x0800a1da   0x00000011   Data   RO          534    .constdata          c_w.l(__printf_flags_wp.o)
    0x0800a1eb   0x00000005   PAD
    0x0800a1f0   0x00000088   Data   RO          589    .constdata          m_ws.l(pow.o)
    0x0800a278   0x00000008   Data   RO          642    .constdata          m_ws.l(qnan.o)
    0x0800a280   0x0000002b   Data   RO          267    .conststring        sim.o
    0x0800a2ab   0x00000001   PAD
    0x0800a2ac   0x00000020   Data   RO          823    Region$$Table       anon$$obj.o


    Execution Region RW_IRAM1 (Base: 0x20000000, Size: 0x00000910, Max: 0x00010000, ABSOLUTE)

    Base Addr    Size         Type   Attr      Idx    E Section Name        Object

    0x20000000   0x00000014   Data   RW          184    .data               system_stm32f10x.o
    0x20000014   0x00000002   Data   RW          228    .data               gps.o
    0x20000016   0x00000002   PAD
    0x20000018   0x0000002c   Data   RW          243    .data               bmp.o
    0x20000044   0x00000008   Data   RW          268    .data               sim.o
    0x2000004c   0x0000000c   Data   RW          284    .data               rc522.o
    0x20000058   0x00000004   Data   RW          299    .data               delay.o
    0x2000005c   0x00000004   Data   RW          330    .data               usart.o
    0x20000060   0x00000014   Data   RW          423    .data               stm32f10x_rcc.o
    0x20000074   0x0000015f   Zero   RW          227    .bss                gps.o
    0x200001d3   0x000000c8   Zero   RW          266    .bss                sim.o
    0x2000029b   0x00000010   Zero   RW          283    .bss                rc522.o
    0x200002ab   0x00000001   PAD
    0x200002ac   0x00000060   Zero   RW          684    .bss                c_w.l(libspace.o)
    0x2000030c   0x00000004   PAD
    0x20000310   0x00000200   Zero   RW          392    HEAP                startup_stm32f10x_hd.o
    0x20000510   0x00000400   Zero   RW          391    STACK               startup_stm32f10x_hd.o


==============================================================================

Image component sizes


      Code (inc. data)   RO Data    RW Data    ZI Data      Debug   Object Name

       748         96          0         44          0       2719   bmp.o
       212         18          0          4          0        983   delay.o
       632        118          0          2        351       2049   gps.o
       944         14          0          0          0       3713   iic.o
        48          4          0          0          0        467   led.o
       140         38          0          0          0     260655   main.o
       468         56          0          0          0       1929   misc.o
      2400         98          0         12         16       8999   rc522.o
      1172        434         43          8        200       3877   sim.o
        64         26        304          0       1536        784   startup_stm32f10x_hd.o
      2668        190          0          0          0       6977   stm32f10x_gpio.o
        26          0          0          0          0       1162   stm32f10x_it.o
      2096         92          0         20          0       9888   stm32f10x_rcc.o
      2424         82          0          0          0       7714   stm32f10x_spi.o
     14188        822          0          0          0      29636   stm32f10x_tim.o
      3504        130          0          0          0      10068   stm32f10x_usart.o
         0          0          0          0          0         32   sys.o
       480         38          0         20          0       1683   system_stm32f10x.o
       120          4          0          0          0        732   time.o
       784         40          0          4          0       4860   usart.o

    ----------------------------------------------------------------------
     33120       2300        380        116       2104     358927   Object Totals
         0          0         32          0          0          0   (incl. Generated)
         2          0          1          2          1          0   (incl. Padding)

    ----------------------------------------------------------------------

      Code (inc. data)   RO Data    RW Data    ZI Data      Debug   Library Member Name

         8          0          0          0          0         68   __main.o
       312          4         17          0          0         92   __printf_flags_wp.o
        14          0          0          0          0         68   __printf_wp.o
         0          0          0          0          0          0   __rtentry.o
        12          0          0          0          0          0   __rtentry2.o
         6          0          0          0          0          0   __rtentry4.o
        52          8          0          0          0          0   __scatter.o
        26          0          0          0          0          0   __scatter_copy.o
        28          0          0          0          0          0   __scatter_zi.o
        44          0          0          0          0        108   _printf_char.o
        48          6          0          0          0         96   _printf_char_common.o
        36          4          0          0          0         80   _printf_char_file.o
         6          0          0          0          0          0   _printf_d.o
       120         16          0          0          0         92   _printf_dec.o
        88          4         40          0          0         88   _printf_hex_int.o
       178          0          0          0          0         88   _printf_intcommon.o
        78          0          0          0          0        108   _printf_pad.o
         0          0          0          0          0          0   _printf_percent.o
         4          0          0          0          0          0   _printf_percent_end.o
         6          0          0          0          0          0   _printf_s.o
        82          0          0          0          0         80   _printf_str.o
         6          0          0          0          0          0   _printf_x.o
        22          0          0          0          0        100   _rserrno.o
        12          0          0          0          0         72   exit.o
         8          0          0          0          0         68   ferror.o
         6          0          0          0          0        152   heapauxi.o
         2          0          0          0          0          0   libinit.o
         2          0          0          0          0          0   libinit2.o
         2          0          0          0          0          0   libshutdown.o
         2          0          0          0          0          0   libshutdown2.o
         8          4          0          0         96         68   libspace.o
        24          4          0          0          0         84   noretval__2printf.o
         8          4          0          0          0         68   rt_errno_addr_intlibspace.o
        68          0          0          0          0         68   rt_memclr.o
        78          0          0          0          0         80   rt_memclr_w.o
       138          0          0          0          0         68   rt_memcpy_v6.o
       100          0          0          0          0         80   rt_memcpy_w.o
         2          0          0          0          0          0   rtexit.o
        10          0          0          0          0          0   rtexit2.o
        72          0          0          0          0         80   strcpy.o
        36          0          0          0          0         80   strstr.o
        74          0          0          0          0         80   sys_stackheap_outer.o
         2          0          0          0          0         68   use_no_semi.o
         2          0          0          0          0         68   use_no_semi_2.o
        98          4          0          0          0         92   d2f.o
       826         16          0          0          0        348   daddsub_clz.o
        16          4          0          0          0         68   dcheck1.o
        24          0          0          0          0         68   dcmpi.o
       688        140          0          0          0        208   ddiv.o
        94          4          0          0          0         92   dfix.o
        46          0          0          0          0         68   dflt_clz.o
       120          4          0          0          0         92   dleqf.o
       340         12          0          0          0        104   dmul.o
       156          4          0          0          0         92   dnaninf.o
        12          0          0          0          0         68   dretinf.o
       108          0          0          0          0         80   drleqf.o
       460         56          0          0          0        120   dsqrt_noumaal.o
        48          0          0          0          0         68   fflt_clz.o
        10          0          0          0          0         68   fretinf.o
       100          0          0          0          0         68   retnan.o
        92          0          0          0          0         68   scalbn.o
        48          0          0          0          0         68   trapv.o
         0          0          0          0          0          0   usenofp.o
        62         10          0          0          0        340   dunder.o
        40          0          0          0          0         68   fpclassify.o
       170          0          0          0          0         96   poly.o
      2488        190        136          0          0        300   pow.o
         0          0          8          0          0          0   qnan.o
        76          0          0          0          0         84   sqrt.o

    ----------------------------------------------------------------------
      7970        498        206          0        100       4980   Library Totals
        16          0          5          0          4          0   (incl. Padding)

    ----------------------------------------------------------------------

      Code (inc. data)   RO Data    RW Data    ZI Data      Debug   Library Name

      1832         54         57          0         96       2252   c_w.l
      3286        244          0          0          0       1840   fz_ws.l
      2836        200        144          0          0        888   m_ws.l

    ----------------------------------------------------------------------
      7970        498        206          0        100       4980   Library Totals

    ----------------------------------------------------------------------

==============================================================================


      Code (inc. data)   RO Data    RW Data    ZI Data      Debug   

     41090       2798        586        116       2204     359951   Grand Totals
     41090       2798        586        116       2204     359951   ELF Image Totals
     41090       2798        586        116          0          0   ROM Totals

==============================================================================

    Total RO  Size (Code + RO Data)                41676 (  40.70kB)
    Total RW  Size (RW Data + ZI Data)              2320 (   2.27kB)
    Total ROM Size (Code + RO Data + RW Data)      41792 (  40.81kB)

==============================================================================

